###############################################################################
#
# IAR ELF Linker V8.10.1.12857/W32 for ARM                26/Apr/2018  20:00:33
# Copyright 2007-2017 IAR Systems AB.
#
#    Output file  =  
#        C:\Users\Kishan\OneDrive\Projects\Power
#        Supply\Software\power-supply\EWARM\power-supply\Exe\power-supply.out
#    Map file     =  
#        C:\Users\Kishan\OneDrive\Projects\Power
#        Supply\Software\power-supply\EWARM\power-supply\List\power-supply.map
#    Command line =  
#        -f C:\Users\Kishan\AppData\Local\Temp\EWF753.tmp
#        ("C:\Users\Kishan\OneDrive\Projects\Power
#        Supply\Software\power-supply\EWARM\power-supply\Obj\adc.o"
#        "C:\Users\Kishan\OneDrive\Projects\Power
#        Supply\Software\power-supply\EWARM\power-supply\Obj\cmsis_os.o"
#        "C:\Users\Kishan\OneDrive\Projects\Power
#        Supply\Software\power-supply\EWARM\power-supply\Obj\croutine.o"
#        "C:\Users\Kishan\OneDrive\Projects\Power
#        Supply\Software\power-supply\EWARM\power-supply\Obj\enable.o"
#        "C:\Users\Kishan\OneDrive\Projects\Power
#        Supply\Software\power-supply\EWARM\power-supply\Obj\event_groups.o"
#        "C:\Users\Kishan\OneDrive\Projects\Power
#        Supply\Software\power-supply\EWARM\power-supply\Obj\heap_4.o"
#        "C:\Users\Kishan\OneDrive\Projects\Power
#        Supply\Software\power-supply\EWARM\power-supply\Obj\list.o"
#        "C:\Users\Kishan\OneDrive\Projects\Power
#        Supply\Software\power-supply\EWARM\power-supply\Obj\main.o"
#        "C:\Users\Kishan\OneDrive\Projects\Power
#        Supply\Software\power-supply\EWARM\power-supply\Obj\port.o"
#        "C:\Users\Kishan\OneDrive\Projects\Power
#        Supply\Software\power-supply\EWARM\power-supply\Obj\portasm.o"
#        "C:\Users\Kishan\OneDrive\Projects\Power
#        Supply\Software\power-supply\EWARM\power-supply\Obj\printf.o"
#        "C:\Users\Kishan\OneDrive\Projects\Power
#        Supply\Software\power-supply\EWARM\power-supply\Obj\pwm.o"
#        "C:\Users\Kishan\OneDrive\Projects\Power
#        Supply\Software\power-supply\EWARM\power-supply\Obj\queue.o"
#        "C:\Users\Kishan\OneDrive\Projects\Power
#        Supply\Software\power-supply\EWARM\power-supply\Obj\rtos.o"
#        "C:\Users\Kishan\OneDrive\Projects\Power
#        Supply\Software\power-supply\EWARM\power-supply\Obj\serial.o"
#        "C:\Users\Kishan\OneDrive\Projects\Power
#        Supply\Software\power-supply\EWARM\power-supply\Obj\startup_stm32f030x6.o"
#        "C:\Users\Kishan\OneDrive\Projects\Power
#        Supply\Software\power-supply\EWARM\power-supply\Obj\stm32f0xx_hal.o"
#        "C:\Users\Kishan\OneDrive\Projects\Power
#        Supply\Software\power-supply\EWARM\power-supply\Obj\stm32f0xx_hal_adc.o"
#        "C:\Users\Kishan\OneDrive\Projects\Power
#        Supply\Software\power-supply\EWARM\power-supply\Obj\stm32f0xx_hal_adc_ex.o"
#        "C:\Users\Kishan\OneDrive\Projects\Power
#        Supply\Software\power-supply\EWARM\power-supply\Obj\stm32f0xx_hal_cortex.o"
#        "C:\Users\Kishan\OneDrive\Projects\Power
#        Supply\Software\power-supply\EWARM\power-supply\Obj\stm32f0xx_hal_dma.o"
#        "C:\Users\Kishan\OneDrive\Projects\Power
#        Supply\Software\power-supply\EWARM\power-supply\Obj\stm32f0xx_hal_flash.o"
#        "C:\Users\Kishan\OneDrive\Projects\Power
#        Supply\Software\power-supply\EWARM\power-supply\Obj\stm32f0xx_hal_flash_ex.o"
#        "C:\Users\Kishan\OneDrive\Projects\Power
#        Supply\Software\power-supply\EWARM\power-supply\Obj\stm32f0xx_hal_gpio.o"
#        "C:\Users\Kishan\OneDrive\Projects\Power
#        Supply\Software\power-supply\EWARM\power-supply\Obj\stm32f0xx_hal_i2c.o"
#        "C:\Users\Kishan\OneDrive\Projects\Power
#        Supply\Software\power-supply\EWARM\power-supply\Obj\stm32f0xx_hal_i2c_ex.o"
#        "C:\Users\Kishan\OneDrive\Projects\Power
#        Supply\Software\power-supply\EWARM\power-supply\Obj\stm32f0xx_hal_iwdg.o"
#        "C:\Users\Kishan\OneDrive\Projects\Power
#        Supply\Software\power-supply\EWARM\power-supply\Obj\stm32f0xx_hal_msp.o"
#        "C:\Users\Kishan\OneDrive\Projects\Power
#        Supply\Software\power-supply\EWARM\power-supply\Obj\stm32f0xx_hal_pwr.o"
#        "C:\Users\Kishan\OneDrive\Projects\Power
#        Supply\Software\power-supply\EWARM\power-supply\Obj\stm32f0xx_hal_pwr_ex.o"
#        "C:\Users\Kishan\OneDrive\Projects\Power
#        Supply\Software\power-supply\EWARM\power-supply\Obj\stm32f0xx_hal_rcc.o"
#        "C:\Users\Kishan\OneDrive\Projects\Power
#        Supply\Software\power-supply\EWARM\power-supply\Obj\stm32f0xx_hal_rcc_ex.o"
#        "C:\Users\Kishan\OneDrive\Projects\Power
#        Supply\Software\power-supply\EWARM\power-supply\Obj\stm32f0xx_hal_rtc.o"
#        "C:\Users\Kishan\OneDrive\Projects\Power
#        Supply\Software\power-supply\EWARM\power-supply\Obj\stm32f0xx_hal_rtc_ex.o"
#        "C:\Users\Kishan\OneDrive\Projects\Power
#        Supply\Software\power-supply\EWARM\power-supply\Obj\stm32f0xx_hal_spi.o"
#        "C:\Users\Kishan\OneDrive\Projects\Power
#        Supply\Software\power-supply\EWARM\power-supply\Obj\stm32f0xx_hal_spi_ex.o"
#        "C:\Users\Kishan\OneDrive\Projects\Power
#        Supply\Software\power-supply\EWARM\power-supply\Obj\stm32f0xx_hal_tim.o"
#        "C:\Users\Kishan\OneDrive\Projects\Power
#        Supply\Software\power-supply\EWARM\power-supply\Obj\stm32f0xx_hal_tim_ex.o"
#        "C:\Users\Kishan\OneDrive\Projects\Power
#        Supply\Software\power-supply\EWARM\power-supply\Obj\stm32f0xx_hal_timebase_TIM.o"
#        "C:\Users\Kishan\OneDrive\Projects\Power
#        Supply\Software\power-supply\EWARM\power-supply\Obj\stm32f0xx_hal_uart.o"
#        "C:\Users\Kishan\OneDrive\Projects\Power
#        Supply\Software\power-supply\EWARM\power-supply\Obj\stm32f0xx_hal_uart_ex.o"
#        "C:\Users\Kishan\OneDrive\Projects\Power
#        Supply\Software\power-supply\EWARM\power-supply\Obj\stm32f0xx_hal_wwdg.o"
#        "C:\Users\Kishan\OneDrive\Projects\Power
#        Supply\Software\power-supply\EWARM\power-supply\Obj\stm32f0xx_it.o"
#        "C:\Users\Kishan\OneDrive\Projects\Power
#        Supply\Software\power-supply\EWARM\power-supply\Obj\system_stm32f0xx.o"
#        "C:\Users\Kishan\OneDrive\Projects\Power
#        Supply\Software\power-supply\EWARM\power-supply\Obj\tasks.o"
#        "C:\Users\Kishan\OneDrive\Projects\Power
#        Supply\Software\power-supply\EWARM\power-supply\Obj\timers.o"
#        "C:\Users\Kishan\OneDrive\Projects\Power
#        Supply\Software\power-supply\EWARM\power-supply\Obj\uart.o" --redirect
#        _Printf=_PrintfFull --scanf_multibytes -o
#        "C:\Users\Kishan\OneDrive\Projects\Power
#        Supply\Software\power-supply\EWARM\power-supply\Exe\power-supply.out"
#        --map "C:\Users\Kishan\OneDrive\Projects\Power
#        Supply\Software\power-supply\EWARM\power-supply\List\power-supply.map"
#        --config "C:\Users\Kishan\OneDrive\Projects\Power
#        Supply\Software\power-supply\EWARM/stm32f030x6_flash.icf"
#        --semihosting --entry __iar_program_start --vfe --text_out locale)
#
###############################################################################

*******************************************************************************
*** RUNTIME MODEL ATTRIBUTES
***

CppFlavor       = *
__SystemLibrary = DLib
__dlib_version  = 6


*******************************************************************************
*** HEAP SELECTION
***

The basic heap was selected because some modules are built with
size limitations (and not runtime checking), and --advanced_heap
was not specified.


*******************************************************************************
*** PLACEMENT SUMMARY
***

"A0":  place at 0x08000000 { ro section .intvec };
"P1":  place in [from 0x08000000 to 0x08007fff] { ro };
"P2":  place in [from 0x20000000 to 0x20000fff] { rw, block CSTACK, block HEAP };
initialize by copy { rw };

  Section            Kind        Address    Size  Object
  -------            ----        -------    ----  ------
"A0":                                       0xb0
  .intvec            ro code  0x08000000    0xb0  startup_stm32f030x6.o [1]
                            - 0x080000b0    0xb0

"P1":                                     0x5c30
  .text              ro code  0x080000b0   0xace  printf.o [1]
  .text              ro code  0x08000b7e    0xe0  I32DivModFast.o [5]
  .text              ro code  0x08000c5e    0x6a  I64DivMod.o [5]
  .text              ro code  0x08000cc8    0x32  DblCmpLe.o [4]
  .text              ro code  0x08000cfa    0x22  xsscin.o [3]
  .text              ro code  0x08000d1c    0x52  DblToI32.o [4]
  .text              ro code  0x08000d6e     0x2  startup_stm32f030x6.o [1]
  .text              ro code  0x08000d70    0x34  IxxToDbl.o [4]
  .text              ro code  0x08000da4   0x1a8  DblAddSub.o [4]
  .text              ro code  0x08000f4c   0x184  DblMul.o [4]
  .text              ro code  0x080010d0    0x32  DblCmpGe.o [4]
  .text              ro code  0x08001102    0x24  DblCmpEq.o [4]
  .text              ro code  0x08001126     0x2  startup_stm32f030x6.o [1]
  .text              ro code  0x08001128     0x2  IntDivZer.o [5]
  .text              ro code  0x0800112a     0x2  startup_stm32f030x6.o [1]
  .text              ro code  0x0800112c     0x2  I64DivZer.o [5]
  .text              ro code  0x0800112e     0x2  startup_stm32f030x6.o [1]
  .text              ro code  0x08001130   0x96a  stm32f0xx_hal_uart.o [1]
  .text              ro code  0x08001a9a     0x2  startup_stm32f030x6.o [1]
  .text              ro code  0x08001a9c     0xc  stm32f0xx_hal.o [1]
  .text              ro code  0x08001aa8   0x2b0  stm32f0xx_hal_dma.o [1]
  .text              ro code  0x08001d58     0x2  stm32f0xx_hal_uart.o [1]
  .text              ro code  0x08001d5a     0x2  startup_stm32f030x6.o [1]
  .text              ro code  0x08001d5c   0x740  stm32f0xx_hal_rcc.o [1]
  .text              ro code  0x0800249c     0x2  stm32f0xx_hal_uart.o [1]
  .text              ro code  0x0800249e     0x2  stm32f0xx_hal_uart.o [1]
  .text              ro code  0x080024a0     0x2  stm32f0xx_hal_uart.o [1]
  .text              ro code  0x080024a2     0x2  startup_stm32f030x6.o [1]
  .text              ro code  0x080024a4    0x98  stm32f0xx_hal_timebase_TIM.o [1]
  .text              ro code  0x0800253c    0x34  ABImemcpy.o [5]
  .text              ro code  0x08002570   0x12c  stm32f0xx_hal_cortex.o [1]
  .text              ro code  0x0800269c   0x83c  stm32f0xx_hal_tim.o [1]
  .text              ro code  0x08002ed8     0x2  stm32f0xx_hal_tim.o [1]
  .text              ro code  0x08002eda     0x2  stm32f0xx_hal_tim.o [1]
  .text              ro code  0x08002edc     0x2  stm32f0xx_hal_tim.o [1]
  .text              ro code  0x08002ede     0x2  stm32f0xx_hal_tim.o [1]
  .text              ro code  0x08002ee0   0x110  main.o [1]
  .text              ro code  0x08002ff0     0x2  stm32f0xx_hal_tim_ex.o [1]
  .text              ro code  0x08002ff2     0x2  stm32f0xx_hal_tim.o [1]
  .text              ro code  0x08002ff4     0x2  stm32f0xx_hal_tim_ex.o [1]
  .text              ro code  0x08002ff6     0x2  startup_stm32f030x6.o [1]
  .text              ro code  0x08002ff8    0x20  stm32f0xx_hal.o [1]
  .text              ro code  0x08003018   0x1cc  uart.o [1]
  .text              ro code  0x080031e4    0xc4  enable.o [1]
  .text              ro code  0x080032a8   0x210  pwm.o [1]
  .text              ro code  0x080034b8   0x1cc  adc.o [1]
  .text              ro code  0x08003684    0x28  rtos.o [1]
  .text              ro code  0x080036ac    0x7e  cmsis_os.o [1]
  .text              ro code  0x0800372a     0x2  startup_stm32f030x6.o [1]
  .text              ro code  0x0800372c   0x144  stm32f0xx_hal_rcc_ex.o [1]
  .text              ro code  0x08003870    0x10  stm32f0xx_hal.o [1]
  .text              ro code  0x08003880    0x48  stm32f0xx_hal_msp.o [1]
  .text              ro code  0x080038c8   0x210  stm32f0xx_hal_gpio.o [1]
  .text              ro code  0x08003ad8    0xec  stm32f0xx_hal_tim_ex.o [1]
  .text              ro code  0x08003bc4   0x552  stm32f0xx_hal_adc.o [1]
  .text              ro code  0x08004116     0x2  startup_stm32f030x6.o [1]
  .text              ro code  0x08004118   0x680  tasks.o [1]
  .text              ro code  0x08004798   0x10c  port.o [1]
  .text              ro code  0x080048a4     0x2  stm32f0xx_hal_adc.o [1]
  .text              ro code  0x080048a6     0x2  stm32f0xx_hal_adc.o [1]
  .text              ro code  0x080048a8     0x2  stm32f0xx_hal_adc.o [1]
  .text              ro code  0x080048aa     0x2  startup_stm32f030x6.o [1]
  .text              ro code  0x080048ac   0x248  heap_4.o [1]
  .text              ro code  0x08004af4    0xa0  list.o [1]
  CODE               ro code  0x08004b94    0x7c  portasm.o [1]
  .text              ro code  0x08004c10   0x79c  xscanfsmall.o [3]
  .text              ro code  0x080053ac    0xcc  xlocale_c.o [3]
  .text              ro code  0x08005478    0x38  wctob.o [3]
  .text              ro code  0x080054b0    0x12  isspace.o [3]
  .text              ro code  0x080054c2    0x16  strchr.o [5]
  .text              ro code  0x080054d8    0x48  xfail_s.o [3]
  .text              ro code  0x08005520    0x96  iar_Stolx.o [3]
  .text              ro code  0x080055b6     0x2  startup_stm32f030x6.o [1]
  .text              ro code  0x080055b8   0x180  iar_Stoulx.o [3]
  .text              ro code  0x08005738     0xa  abort.o [3]
  .text              ro code  0x08005742    0x12  tolower.o [3]
  .text              ro code  0x08005754    0x18  memchr.o [5]
  .text              ro code  0x0800576c    0x14  exit.o [6]
  .text              ro code  0x08005780   0x100  serial.o [1]
  .text              ro code  0x08005880    0x28  sscanf.o [3]
  .text              ro code  0x080058a8    0x50  ABImemset.o [5]
  .text              ro code  0x080058f8    0x94  system_stm32f0xx.o [1]
  .rodata            const    0x0800598c    0x50  main.o [1]
  .rodata            const    0x080059dc    0x3c  serial.o [1]
  .rodata            const    0x08005a18    0x50  printf.o [1]
  Initializer bytes  const    0x08005a68    0x50  <for P2-1>
  .text              ro code  0x08005ab8    0x40  stm32f0xx_it.o [1]
  .text              ro code  0x08005af8    0x40  zero_init3.o [5]
  .text              ro code  0x08005b38    0x30  copy_init3.o [5]
  .text              ro code  0x08005b68    0x28  data_init.o [5]
  .text              ro code  0x08005b90    0x24  xencoding_8859_1.o [3]
  .iar.init_table    const    0x08005bb4    0x24  - Linker created -
  .text              ro code  0x08005bd8    0x1a  cmain.o [5]
  .text              ro code  0x08005bf2     0x4  low_level_init.o [3]
  .text              ro code  0x08005bf6     0x8  exit.o [3]
  .text              ro code  0x08005bfe     0x2  startup_stm32f030x6.o [1]
  .text              ro code  0x08005c00     0xa  cexit.o [5]
  .text              ro code  0x08005c0a     0x2  startup_stm32f030x6.o [1]
  .rodata            const    0x08005c0c    0x18  adc.o [1]
  .rodata            const    0x08005c24    0x14  rtos.o [1]
  .rodata            const    0x08005c38    0x14  serial.o [1]
  .rodata            const    0x08005c4c    0x14  serial.o [1]
  .rodata            const    0x08005c60    0x10  stm32f0xx_hal_rcc.o [1]
  .rodata            const    0x08005c70    0x10  stm32f0xx_hal_rcc.o [1]
  .rodata            const    0x08005c80    0x10  system_stm32f0xx.o [1]
  .text              ro code  0x08005c90    0x10  startup_stm32f030x6.o [1]
  .rodata            const    0x08005ca0     0xc  rtos.o [1]
  .rodata            const    0x08005cac     0xc  serial.o [1]
  .text              ro code  0x08005cb8     0xc  cstartup_M.o [5]
  .rodata            const    0x08005cc4     0x8  system_stm32f0xx.o [1]
  .rodata            const    0x08005ccc     0x8  tasks.o [1]
  .rodata            const    0x08005cd4     0x4  heap_4.o [1]
  .rodata            const    0x08005cd8     0x2  xlocale_c.o [3]
  .text              ro code  0x08005cda     0x2  startup_stm32f030x6.o [1]
  .text              ro code  0x08005cdc     0x2  startup_stm32f030x6.o [1]
  .text              ro code  0x08005cde     0x2  startup_stm32f030x6.o [1]
  .rodata            const    0x08005ce0     0x0  zero_init3.o [5]
  .rodata            const    0x08005ce0     0x0  copy_init3.o [5]
                            - 0x08005ce0  0x5c30

"P2", part 1 of 3:                          0x50
  P2-1                        0x20000000    0x50  <Init block>
    .data            inited   0x20000000     0x4  port.o [1]
    .data            inited   0x20000004     0x4  system_stm32f0xx.o [1]
    .data            inited   0x20000008    0x48  xlocale_c.o [3]
                            - 0x20000050    0x50

"P2", part 2 of 3:                         0x400
  CSTACK                      0x20000050   0x400  <Block>
    CSTACK           uninit   0x20000050   0x400  <Block tail>
                            - 0x20000450   0x400

"P2", part 3 of 3:                         0x7d4
  .bss               zero     0x20000450   0x400  heap_4.o [1]
  .bss               zero     0x20000850    0x8c  tasks.o [1]
  .bss               zero     0x200008dc    0x70  uart.o [1]
  .bss               zero     0x2000094c    0x4c  adc.o [1]
  .bss               zero     0x20000998    0x44  adc.o [1]
  .bss               zero     0x200009dc    0x44  uart.o [1]
  .bss               zero     0x20000a20    0x44  uart.o [1]
  .bss               zero     0x20000a64    0x40  pwm.o [1]
  .bss               zero     0x20000aa4    0x40  serial.o [1]
  .bss               zero     0x20000ae4    0x40  stm32f0xx_hal_timebase_TIM.o [1]
  .bss               zero     0x20000b24    0x1c  pwm.o [1]
  .bss               zero     0x20000b40    0x14  tasks.o [1]
  .bss               zero     0x20000b54    0x14  tasks.o [1]
  .bss               zero     0x20000b68    0x14  tasks.o [1]
  .bss               zero     0x20000b7c    0x14  tasks.o [1]
  .bss               zero     0x20000b90    0x14  tasks.o [1]
  .bss               zero     0x20000ba4    0x10  adc.o [1]
  .bss               zero     0x20000bb4    0x10  serial.o [1]
  .bss               zero     0x20000bc4     0x8  heap_4.o [1]
  .bss               zero     0x20000bcc     0x4  heap_4.o [1]
  .bss               zero     0x20000bd0     0x4  heap_4.o [1]
  .bss               zero     0x20000bd4     0x4  heap_4.o [1]
  .bss               zero     0x20000bd8     0x4  heap_4.o [1]
  .bss               zero     0x20000bdc     0x4  rtos.o [1]
  .bss               zero     0x20000be0     0x4  stm32f0xx_hal.o [1]
  .bss               zero     0x20000be4     0x4  tasks.o [1]
  .bss               zero     0x20000be8     0x4  tasks.o [1]
  .bss               zero     0x20000bec     0x4  tasks.o [1]
  .bss               zero     0x20000bf0     0x4  tasks.o [1]
  .bss               zero     0x20000bf4     0x4  tasks.o [1]
  .bss               zero     0x20000bf8     0x4  tasks.o [1]
  .bss               zero     0x20000bfc     0x4  tasks.o [1]
  .bss               zero     0x20000c00     0x4  tasks.o [1]
  .bss               zero     0x20000c04     0x4  tasks.o [1]
  .bss               zero     0x20000c08     0x4  tasks.o [1]
  .bss               zero     0x20000c0c     0x4  tasks.o [1]
  .bss               zero     0x20000c10     0x4  tasks.o [1]
  .bss               zero     0x20000c14     0x4  tasks.o [1]
  .bss               zero     0x20000c18     0x4  tasks.o [1]
  .bss               zero     0x20000c1c     0x4  tasks.o [1]
  .bss               zero     0x20000c20     0x4  xfail_s.o [3]
                            - 0x20000c24   0x7d4


*******************************************************************************
*** INIT TABLE
***

          Address     Size
          -------     ----
Zero (__iar_zero_init3)
    1 destination range, total size 0x7d4:
          0x20000450  0x7d4

Copy (__iar_copy_init3)
    1 source range, total size 0x50:
          0x08005a68   0x50
    1 destination range, total size 0x50:
          0x20000000   0x50



*******************************************************************************
*** MODULE SUMMARY
***

    Module                        ro code  ro data  rw data
    ------                        -------  -------  -------
C:\Users\Kishan\OneDrive\Projects\Power Supply\Software\power-supply\EWARM\power-supply\Obj: [1]
    adc.o                             460       24      160
    cmsis_os.o                        126
    enable.o                          196
    heap_4.o                          584        4    1 048
    list.o                            160
    main.o                            272       80
    port.o                            268        4        4
    portasm.o                         124
    printf.o                        2 766       80
    pwm.o                             528                92
    rtos.o                             40       32        4
    serial.o                          256      112       80
    startup_stm32f030x6.o             226
    stm32f0xx_hal.o                    60                 4
    stm32f0xx_hal_adc.o             1 368
    stm32f0xx_hal_cortex.o            300
    stm32f0xx_hal_dma.o               688
    stm32f0xx_hal_gpio.o              528
    stm32f0xx_hal_msp.o                72
    stm32f0xx_hal_rcc.o             1 856       32
    stm32f0xx_hal_rcc_ex.o            324
    stm32f0xx_hal_tim.o             2 118
    stm32f0xx_hal_tim_ex.o            240
    stm32f0xx_hal_timebase_TIM.o      152                64
    stm32f0xx_hal_uart.o            2 418
    stm32f0xx_it.o                     64
    system_stm32f0xx.o                148       28        4
    tasks.o                         1 664        8      300
    uart.o                            460               248
    -------------------------------------------------------
    Total:                         18 466      404    2 008

command line: [2]
    -------------------------------------------------------
    Total:

dl6M_tlf.a: [3]
    abort.o                            10
    exit.o                              8
    iar_Stolx.o                       150
    iar_Stoulx.o                      384
    isspace.o                          18
    low_level_init.o                    4
    sscanf.o                           40
    tolower.o                          18
    wctob.o                            56
    xencoding_8859_1.o                 36
    xfail_s.o                          72                 4
    xlocale_c.o                       204       74       72
    xscanfsmall.o                   1 948
    xsscin.o                           34
    -------------------------------------------------------
    Total:                          2 982       74       76

m6M_tl.a: [4]
    DblAddSub.o                       424
    DblCmpEq.o                         36
    DblCmpGe.o                         50
    DblCmpLe.o                         50
    DblMul.o                          388
    DblToI32.o                         82
    IxxToDbl.o                         52
    -------------------------------------------------------
    Total:                          1 082

rt6M_tl.a: [5]
    ABImemcpy.o                        52
    ABImemset.o                        80
    I32DivModFast.o                   224
    I64DivMod.o                       106
    I64DivZer.o                         2
    IntDivZer.o                         2
    cexit.o                            10
    cmain.o                            26
    copy_init3.o                       48
    cstartup_M.o                       12
    data_init.o                        40
    memchr.o                           24
    strchr.o                           22
    zero_init3.o                       64
    -------------------------------------------------------
    Total:                            712

shb_l.a: [6]
    exit.o                             20
    -------------------------------------------------------
    Total:                             20

    Linker created                              36    1 024
-----------------------------------------------------------
    Grand Total:                   23 262      514    3 108


*******************************************************************************
*** ENTRY LIST
***

Entry                      Address   Size  Type      Object
-----                      -------   ----  ----      ------
.iar.init_table$$Base   0x08005bb4          --   Gb  - Linker created -
.iar.init_table$$Limit  0x08005bd8          --   Gb  - Linker created -
?main                   0x08005bd9         Code  Gb  cmain.o [5]
ADC_DMAConvCplt         0x08004065   0x7a  Code  Lc  stm32f0xx_hal_adc.o [1]
ADC_DMAError            0x080040f7   0x1e  Code  Lc  stm32f0xx_hal_adc.o [1]
ADC_DMAHalfConvCplt     0x080040e9    0xe  Code  Lc  stm32f0xx_hal_adc.o [1]
ADC_Enable              0x08003fad   0xa6  Code  Lc  stm32f0xx_hal_adc.o [1]
ADC_GPIO_Init           0x080034f5   0x3a  Code  Lc  adc.o [1]
ADC_Handle              0x2000094c   0x4c  Data  Gb  adc.o [1]
ADC_Init                0x0800352f  0x134  Code  Gb  adc.o [1]
ADC_PrintReadings       0x080034b9   0x3c  Code  Gb  adc.o [1]
AHBPrescTable           0x08005c80   0x10  Data  Gb  system_stm32f0xx.o [1]
APBPrescTable           0x08005cc4    0x8  Data  Gb  system_stm32f0xx.o [1]
CSTACK$$Base            0x20000050          --   Gb  - Linker created -
CSTACK$$Limit           0x20000450          --   Gb  - Linker created -
CacheMore               0x080053dd   0x28  Code  Lc  xlocale_c.o [3]
DMA1_Channel2_3_IRQHandler
                        0x08005adb   0x14  Code  Gb  stm32f0xx_it.o [1]
DMA_ADC_Handle          0x20000998   0x44  Data  Gb  adc.o [1]
DMA_CalcBaseAndBitshift
                        0x08001d33   0x1a  Code  Lc  stm32f0xx_hal_dma.o [1]
DMA_SetConfig           0x08001d09   0x2a  Code  Lc  stm32f0xx_hal_dma.o [1]
Enable_Init             0x080031e5   0x76  Code  Gb  enable.o [1]
Enable_Output           0x0800325b   0x30  Code  Gb  enable.o [1]
Enable_VSW              0x0800328b   0x14  Code  Gb  enable.o [1]
HAL_ADC_ConfigChannel   0x08003e45  0x168  Code  Gb  stm32f0xx_hal_adc.o [1]
HAL_ADC_Init            0x08003bc5  0x1ba  Code  Gb  stm32f0xx_hal_adc.o [1]
HAL_ADC_Start_DMA       0x08003d8d   0xa8  Code  Gb  stm32f0xx_hal_adc.o [1]
HAL_DMA_Abort           0x08001ba9   0x34  Code  Gb  stm32f0xx_hal_dma.o [1]
HAL_DMA_Abort_IT        0x08001bdd   0x58  Code  Gb  stm32f0xx_hal_dma.o [1]
HAL_DMA_IRQHandler      0x08001c35   0xd4  Code  Gb  stm32f0xx_hal_dma.o [1]
HAL_DMA_Init            0x08001aa9   0x6c  Code  Gb  stm32f0xx_hal_dma.o [1]
HAL_DMA_Start_IT        0x08001b19   0x90  Code  Gb  stm32f0xx_hal_dma.o [1]
HAL_GPIO_Init           0x080038c9  0x1d6  Code  Gb  stm32f0xx_hal_gpio.o [1]
HAL_GPIO_WritePin       0x08003a9f   0x14  Code  Gb  stm32f0xx_hal_gpio.o [1]
HAL_GetTick             0x08001a9d    0xc  Code  Wk  stm32f0xx_hal.o [1]
HAL_IncTick             0x08003871   0x10  Code  Wk  stm32f0xx_hal.o [1]
HAL_Init                0x08002ff9   0x1c  Code  Gb  stm32f0xx_hal.o [1]
HAL_InitTick            0x080024a5   0x84  Code  Gb  stm32f0xx_hal_timebase_TIM.o [1]
HAL_MspInit             0x08003881   0x48  Code  Gb  stm32f0xx_hal_msp.o [1]
HAL_NVIC_EnableIRQ      0x0800264d    0xe  Code  Gb  stm32f0xx_hal_cortex.o [1]
HAL_NVIC_SetPriority    0x08002639   0x14  Code  Gb  stm32f0xx_hal_cortex.o [1]
HAL_RCCEx_PeriphCLKConfig
                        0x0800372d  0x122  Code  Gb  stm32f0xx_hal_rcc_ex.o [1]
HAL_RCC_ClockConfig     0x08002225  0x15e  Code  Gb  stm32f0xx_hal_rcc.o [1]
HAL_RCC_GetClockConfig  0x0800243d   0x32  Code  Gb  stm32f0xx_hal_rcc.o [1]
HAL_RCC_GetHCLKFreq     0x08002417    0x6  Code  Gb  stm32f0xx_hal_rcc.o [1]
HAL_RCC_GetPCLK1Freq    0x0800241d   0x18  Code  Gb  stm32f0xx_hal_rcc.o [1]
HAL_RCC_GetSysClockFreq
                        0x08002399   0x7e  Code  Gb  stm32f0xx_hal_rcc.o [1]
HAL_RCC_OscConfig       0x08001d5d  0x4aa  Code  Gb  stm32f0xx_hal_rcc.o [1]
HAL_SYSTICK_CLKSourceConfig
                        0x08002663   0x22  Code  Gb  stm32f0xx_hal_cortex.o [1]
HAL_SYSTICK_Config      0x0800265b    0x8  Code  Gb  stm32f0xx_hal_cortex.o [1]
HAL_TIMEx_BreakCallback
                        0x08002ff1    0x2  Code  Wk  stm32f0xx_hal_tim_ex.o [1]
HAL_TIMEx_CommutationCallback
                        0x08002ff5    0x2  Code  Wk  stm32f0xx_hal_tim_ex.o [1]
HAL_TIMEx_ConfigBreakDeadTime
                        0x08003b35   0x74  Code  Gb  stm32f0xx_hal_tim_ex.o [1]
HAL_TIMEx_MasterConfigSynchronization
                        0x08003ad9   0x5c  Code  Gb  stm32f0xx_hal_tim_ex.o [1]
HAL_TIM_Base_Init       0x0800269d   0x38  Code  Gb  stm32f0xx_hal_tim.o [1]
HAL_TIM_Base_Start_IT   0x080026d5   0x1e  Code  Gb  stm32f0xx_hal_tim.o [1]
HAL_TIM_ConfigClockSource
                        0x08002a19  0x128  Code  Gb  stm32f0xx_hal_tim.o [1]
HAL_TIM_IRQHandler      0x0800278d  0x182  Code  Gb  stm32f0xx_hal_tim.o [1]
HAL_TIM_PWM_ConfigChannel
                        0x0800290f  0x104  Code  Gb  stm32f0xx_hal_tim.o [1]
HAL_TIM_PWM_Init        0x080026f3   0x38  Code  Gb  stm32f0xx_hal_tim.o [1]
HAL_TIM_PWM_Start       0x0800272b   0x52  Code  Gb  stm32f0xx_hal_tim.o [1]
HAL_TIM_PeriodElapsedCallback
                        0x08002fcd   0x12  Code  Gb  main.o [1]
HAL_UART_DMAStop        0x08001359   0x64  Code  Gb  stm32f0xx_hal_uart.o [1]
HAL_UART_GetState       0x08001505   0x18  Code  Gb  stm32f0xx_hal_uart.o [1]
HAL_UART_IRQHandler     0x080013c9  0x138  Code  Gb  stm32f0xx_hal_uart.o [1]
HAL_UART_Init           0x08001131   0x7e  Code  Gb  stm32f0xx_hal_uart.o [1]
HAL_UART_Receive_DMA    0x080012a1   0xb8  Code  Gb  stm32f0xx_hal_uart.o [1]
HAL_UART_Transmit       0x080011b5   0xec  Code  Gb  stm32f0xx_hal_uart.o [1]
HardFault_Handler       0x08005abb    0x4  Code  Gb  stm32f0xx_it.o [1]
NMI_Handler             0x08005ab9    0x2  Code  Gb  stm32f0xx_it.o [1]
NVIC_EnableIRQ          0x08002571    0xe  Code  Lc  stm32f0xx_hal_cortex.o [1]
NVIC_SetPriority        0x0800257f   0x88  Code  Lc  stm32f0xx_hal_cortex.o [1]
PWM_Init                0x080032a9  0x192  Code  Gb  pwm.o [1]
PWM_setDuty             0x0800343b   0x66  Code  Gb  pwm.o [1]
PendSV_Handler          0x08004b9b         Code  Gb  portasm.o [1]
RTOS_Init               0x08003685   0x28  Code  Gb  rtos.o [1]
Region$$Table$$Base     0x08005bb4          --   Gb  - Linker created -
Region$$Table$$Limit    0x08005bd8          --   Gb  - Linker created -
RxBuffer                0x20000bb4   0x10  Data  Gb  serial.o [1]
SVC_Handler             0x08004bd9         Code  Gb  portasm.o [1]
StartSerialTask         0x08005781   0x22  Code  Gb  serial.o [1]
SysTick_Config          0x08002607   0x32  Code  Lc  stm32f0xx_hal_cortex.o [1]
SysTick_Handler         0x08005abf    0x8  Code  Gb  stm32f0xx_it.o [1]
SystemClock_Config      0x08002f23   0xaa  Code  Gb  main.o [1]
SystemCoreClock         0x20000004    0x4  Data  Gb  system_stm32f0xx.o [1]
SystemInit              0x080058f9   0x68  Code  Gb  system_stm32f0xx.o [1]
TIM17_IRQHandler        0x08005ac7    0xa  Code  Gb  stm32f0xx_it.o [1]
TIM1_Handle             0x20000a64   0x40  Data  Gb  pwm.o [1]
TIM_Base_SetConfig      0x08002b45   0x78  Code  Gb  stm32f0xx_hal_tim.o [1]
TIM_CCxChannelCmd       0x08002eb9   0x1e  Code  Gb  stm32f0xx_hal_tim.o [1]
TIM_ETR_SetConfig       0x08002e7d   0x20  Code  Gb  stm32f0xx_hal_tim.o [1]
TIM_ITRx_SetConfig      0x08002e65   0x18  Code  Lc  stm32f0xx_hal_tim.o [1]
TIM_OC1_SetConfig       0x08002bbd   0x8a  Code  Lc  stm32f0xx_hal_tim.o [1]
TIM_OC2_SetConfig       0x08002c47   0x8e  Code  Gb  stm32f0xx_hal_tim.o [1]
TIM_OC3_SetConfig       0x08002cd5   0x8e  Code  Lc  stm32f0xx_hal_tim.o [1]
TIM_OC4_SetConfig       0x08002d75   0x6c  Code  Lc  stm32f0xx_hal_tim.o [1]
TIM_TI1_ConfigInputStage
                        0x08002df9   0x2e  Code  Lc  stm32f0xx_hal_tim.o [1]
TIM_TI2_ConfigInputStage
                        0x08002e27   0x34  Code  Lc  stm32f0xx_hal_tim.o [1]
UART_AdvFeatureConfig   0x080016c7   0xde  Code  Gb  stm32f0xx_hal_uart.o [1]
UART_CheckIdleState     0x080017b1   0x1c  Code  Gb  stm32f0xx_hal_uart.o [1]
UART_DMAAbortOnError    0x0800194d   0x1a  Code  Lc  stm32f0xx_hal_uart.o [1]
UART_DMAError           0x080018ff   0x4e  Code  Lc  stm32f0xx_hal_uart.o [1]
UART_DMAReceiveCplt     0x08001879   0x46  Code  Lc  stm32f0xx_hal_uart.o [1]
UART_DMARxHalfCplt      0x080018f1    0xe  Code  Lc  stm32f0xx_hal_uart.o [1]
UART_EndRxTransfer      0x08001855   0x20  Code  Lc  stm32f0xx_hal_uart.o [1]
UART_EndTransmit_IT     0x080019db   0x20  Code  Gb  stm32f0xx_hal_uart.o [1]
UART_EndTxTransfer      0x08001841   0x14  Code  Lc  stm32f0xx_hal_uart.o [1]
UART_Handle             0x200008dc   0x70  Data  Gb  uart.o [1]
UART_Init               0x08003019  0x164  Code  Gb  uart.o [1]
UART_Init::DMARX_Handle
                        0x20000a20   0x44  Data  Lc  uart.o [1]
UART_Init::DMATX_Handle
                        0x200009dc   0x44  Data  Lc  uart.o [1]
UART_Print              0x0800317d   0x24  Code  Gb  uart.o [1]
UART_Receive_DMA_Start  0x080031ab   0x16  Code  Gb  uart.o [1]
UART_Receive_DMA_Stop   0x080031a1    0xa  Code  Gb  uart.o [1]
UART_Receive_IT         0x080019fb   0x92  Code  Gb  stm32f0xx_hal_uart.o [1]
UART_SetConfig          0x0800151d  0x1aa  Code  Gb  stm32f0xx_hal_uart.o [1]
UART_Transmit_IT        0x08001967   0x74  Code  Gb  stm32f0xx_hal_uart.o [1]
UART_WaitOnFlagUntilTimeout
                        0x080017cd   0x6a  Code  Gb  stm32f0xx_hal_uart.o [1]
USART1_IRQHandler       0x08005ad1    0xa  Code  Gb  stm32f0xx_it.o [1]
_Encoding_8859_1_Mbrlen
                        0x08005ba9    0x2  Code  Gb  xencoding_8859_1.o [3]
_Encoding_8859_1_Mbtowc
                        0x08005ba1    0x8  Code  Gb  xencoding_8859_1.o [3]
_Encoding_8859_1_Wctomb
                        0x08005b91   0x10  Code  Gb  xencoding_8859_1.o [3]
_Error_Handler          0x08002fed    0x4  Code  Gb  main.o [1]
_GetN                   0x08004c11   0x26  Code  Lc  xscanfsmall.o [3]
_GetintSmall            0x08005149  0x240  Code  Lc  xscanfsmall.o [3]
_GetstrSmall            0x08004ed5  0x1fc  Code  Lc  xscanfsmall.o [3]
_LocaleC_isspace        0x080053b9   0x14  Code  Gb  xlocale_c.o [3]
_LocaleC_isupper        0x080053ad    0x2  Code  Gb  xlocale_c.o [3]
_LocaleC_tolower        0x080053cd    0xc  Code  Gb  xlocale_c.o [3]
_SScin                  0x08000cfb   0x22  Code  Gb  xsscin.o [3]
_ScanfSmall             0x08004c55  0x264  Code  Gb  xscanfsmall.o [3]
_UngetN                 0x08004c37   0x1e  Code  Lc  xscanfsmall.o [3]
__ICFEDIT_region_RAM_end__ {Abs}
                        0x20000fff         Data  Gb  command line/config [2]
__ICFEDIT_region_RAM_start__ {Abs}
                        0x20000000         Data  Gb  command line/config [2]
__aeabi_cdcmpeq         0x08001103         Code  Gb  DblCmpEq.o [4]
__aeabi_cdcmple         0x08000cc9         Code  Gb  DblCmpLe.o [4]
__aeabi_cdrcmple        0x080010d1         Code  Gb  DblCmpGe.o [4]
__aeabi_d2iz            0x08000d1d         Code  Gb  DblToI32.o [4]
__aeabi_d2uiz           0x08000d41         Code  Gb  DblToI32.o [4]
__aeabi_dmul            0x08000f4d         Code  Gb  DblMul.o [4]
__aeabi_dsub            0x08000e5f         Code  Gb  DblAddSub.o [4]
__aeabi_i2d             0x08000d91         Code  Gb  IxxToDbl.o [4]
__aeabi_idiv            0x08000bab         Code  Gb  I32DivModFast.o [5]
__aeabi_idiv0           0x08001129         Code  Gb  IntDivZer.o [5]
__aeabi_idivmod         0x08000bab         Code  Gb  I32DivModFast.o [5]
__aeabi_ldiv0           0x0800112d         Code  Gb  I64DivZer.o [5]
__aeabi_memcpy4         0x0800253d         Code  Wk  ABImemcpy.o [5]
__aeabi_memset          0x080058a9         Code  Gb  ABImemset.o [5]
__aeabi_ui2d            0x08000d71         Code  Gb  IxxToDbl.o [4]
__aeabi_uidiv           0x08000bb1         Code  Gb  I32DivModFast.o [5]
__aeabi_uidivmod        0x08000bb1         Code  Gb  I32DivModFast.o [5]
__aeabi_uldivmod        0x08000c5f         Code  Gb  I64DivMod.o [5]
__cmain                 0x08005bd9         Code  Gb  cmain.o [5]
__exit                  0x0800576d   0x14  Code  Gb  exit.o [6]
__iar_Fail_s            0x080054d9   0x22  Code  Gb  xfail_s.o [3]
__iar_Memset4_word      0x080058c9         Code  Gb  ABImemset.o [5]
__iar_Memset_word       0x080058b5         Code  Gb  ABImemset.o [5]
__iar_Stolx             0x08005521   0x88  Code  Gb  iar_Stolx.o [3]
__iar_Stoulx            0x080055b9  0x11c  Code  Gb  iar_Stoulx.o [3]
__iar_copy_init3        0x08005b39   0x30  Code  Gb  copy_init3.o [5]
__iar_d2uiz             0x08000d45         Code  Gb  DblToI32.o [4]
__iar_data_init3        0x08005b69   0x28  Code  Gb  data_init.o [5]
__iar_globLocale        0x20000008   0x48  Data  Lc  xlocale_c.o [3]
__iar_global_Locale     0x080053d9    0x4  Code  Gb  xlocale_c.o [3]
__iar_program_start     0x08005cb9         Code  Gb  cstartup_M.o [5]
__iar_systems$$module {Abs}
                        0x00000001         Data  Gb  command line/config [2]
__iar_zero_init3        0x08005af9   0x40  Code  Gb  zero_init3.o [5]
__low_level_init        0x08005bf3    0x4  Code  Gb  low_level_init.o [3]
__vector_table          0x08000000         Data  Gb  startup_stm32f030x6.o [1]
_atoi                   0x080000ed   0x28  Code  Lc  printf.o [1]
_call_main              0x08005be5         Code  Gb  cmain.o [5]
_exit                   0x08005c01         Code  Gb  cexit.o [5]
_ftoa                   0x08000365  0x296  Code  Lc  printf.o [1]
_ftoa::pow10            0x08005a18   0x50  Data  Lc  printf.o [1]
_gLocale_mbtowc         0x0800545b    0xe  Code  Gb  xlocale_c.o [3]
_gLocale_mbtowcInt      0x08005405   0x4e  Code  Gb  xlocale_c.o [3]
_gLocale_wctomb         0x08005469    0xa  Code  Gb  xlocale_c.o [3]
_gLocale_wctombInt      0x08005453    0x8  Code  Gb  xlocale_c.o [3]
_is_digit               0x080000d5   0x18  Code  Lc  printf.o [1]
_main                   0x08005bef         Code  Gb  cmain.o [5]
_ntoa_format            0x08000115  0x134  Code  Lc  printf.o [1]
_ntoa_long              0x08000249   0x7c  Code  Lc  printf.o [1]
_ntoa_long_long         0x080002c5   0xa0  Code  Lc  printf.o [1]
_strlen                 0x080000c3   0x12  Code  Lc  printf.o [1]
_vsnprintf              0x0800060d  0x550  Code  Lc  printf.o [1]
abort                   0x08005739    0xa  Code  Gb  abort.o [3]
adcData                 0x20000ba4   0x10  Data  Gb  adc.o [1]
digits                  0x080056e8   0x28  Data  Lc  iar_Stoulx.o [3]
exit                    0x08005bf7    0x8  Code  Gb  exit.o [3]
htim17                  0x20000ae4   0x40  Data  Gb  stm32f0xx_hal_timebase_TIM.o [1]
isspace                 0x080054b1   0x12  Code  Gb  isspace.o [3]
main                    0x08002ee1   0x42  Code  Gb  main.o [1]
makeFreeRtosPriority    0x080036ad   0x16  Code  Lc  cmsis_os.o [1]
memchr                  0x08005755   0x18  Code  Gb  memchr.o [5]
ndigs                   0x08005710   0x28  Data  Lc  iar_Stoulx.o [3]
osDelay                 0x080036fb   0x20  Code  Gb  cmsis_os.o [1]
osKernelStart           0x080036c3    0xa  Code  Gb  cmsis_os.o [1]
osSystickHandler        0x0800371b   0x10  Code  Gb  cmsis_os.o [1]
osThreadCreate          0x080036cd   0x2e  Code  Gb  cmsis_os.o [1]
process_command         0x080057a3   0xc4  Code  Lc  serial.o [1]
prvAddCurrentTaskToDelayedList
                        0x08004715   0x68  Code  Lc  tasks.o [1]
prvAddNewTaskToReadyList
                        0x08004227   0x8c  Code  Lc  tasks.o [1]
prvCheckTasksWaitingTermination
                        0x0800462b   0x58  Code  Lc  tasks.o [1]
prvDeleteTCB            0x08004683   0x12  Code  Lc  tasks.o [1]
prvHeapInit             0x08004a07   0x6e  Code  Lc  heap_4.o [1]
prvIdleTask             0x080045cd   0x16  Code  Lc  tasks.o [1]
prvInitialiseNewTask    0x08004191   0x96  Code  Lc  tasks.o [1]
prvInitialiseTaskLists  0x080045e5   0x46  Code  Lc  tasks.o [1]
prvInsertBlockIntoFreeList
                        0x08004a75   0x60  Code  Lc  heap_4.o [1]
prvResetNextTaskUnblockTime
                        0x08004695   0x28  Code  Lc  tasks.o [1]
prvTaskExitError        0x080047b5   0x16  Code  Lc  port.o [1]
pvPortMalloc            0x080048ad   0xf2  Code  Gb  heap_4.o [1]
pxCurrentTCB            0x20000be4    0x4  Data  Gb  tasks.o [1]
pxDelayedTaskList       0x20000be8    0x4  Data  Lc  tasks.o [1]
pxEnd                   0x20000bcc    0x4  Data  Lc  heap_4.o [1]
pxOverflowDelayedTaskList
                        0x20000bec    0x4  Data  Lc  tasks.o [1]
pxPortInitialiseStack   0x08004799   0x1a  Code  Gb  port.o [1]
pxReadyTasksLists       0x20000850   0x8c  Data  Lc  tasks.o [1]
sConfigOC               0x20000b24   0x1c  Data  Gb  pwm.o [1]
sec_hand                0x20000c20    0x4  Data  Lc  xfail_s.o [3]
serialTaskHandle        0x20000bdc    0x4  Data  Gb  rtos.o [1]
sprintf                 0x08000b5d   0x22  Code  Gb  printf.o [1]
sscanf                  0x08005881   0x28  Code  Gb  sscanf.o [3]
str                     0x20000aa4   0x40  Data  Gb  serial.o [1]
strchr                  0x080054c3    0x2  Code  Gb  strchr.o [5]
strlen                  0x080000b1   0x12  Code  Gb  printf.o [1]
strtol                  0x080055ad    0xa  Code  Gb  iar_Stolx.o [3]
strtoul                 0x080056e1    0x6  Code  Gb  iar_Stoulx.o [3]
tolower                 0x08005743   0x12  Code  Gb  tolower.o [3]
ucHeap                  0x20000450  0x400  Data  Lc  heap_4.o [1]
ulSetInterruptMaskFromISR
                        0x08004bfd         Code  Gb  portasm.o [1]
uwTick                  0x20000be0    0x4  Data  Gb  stm32f0xx_hal.o [1]
uxCriticalNesting       0x20000000    0x4  Data  Lc  port.o [1]
uxCurrentNumberOfTasks  0x20000bf4    0x4  Data  Lc  tasks.o [1]
uxDeletedTasksWaitingCleanUp
                        0x20000bf0    0x4  Data  Lc  tasks.o [1]
uxListRemove            0x08004b6b   0x2a  Code  Gb  list.o [1]
uxPendedTicks           0x20000c04    0x4  Data  Lc  tasks.o [1]
uxSchedulerSuspended    0x20000c1c    0x4  Data  Lc  tasks.o [1]
uxTaskNumber            0x20000c10    0x4  Data  Lc  tasks.o [1]
uxTopReadyPriority      0x20000bfc    0x4  Data  Lc  tasks.o [1]
vClearInterruptMaskFromISR
                        0x08004c05         Code  Gb  portasm.o [1]
vListInitialise         0x08004af5   0x1e  Code  Gb  list.o [1]
vListInitialiseItem     0x08004b13    0x6  Code  Gb  list.o [1]
vListInsert             0x08004b31   0x3a  Code  Gb  list.o [1]
vListInsertEnd          0x08004b19   0x18  Code  Gb  list.o [1]
vPortEnterCritical      0x08004811   0x16  Code  Gb  port.o [1]
vPortExitCritical       0x08004829   0x24  Code  Gb  port.o [1]
vPortFree               0x080049a1   0x66  Code  Gb  heap_4.o [1]
vPortStartFirstTask     0x08004bdb         Code  Gb  portasm.o [1]
vPortYield              0x080047fd   0x12  Code  Gb  port.o [1]
vSetMSP                 0x08004b95         Code  Gb  portasm.o [1]
vTaskDelay              0x080042b5   0x32  Code  Gb  tasks.o [1]
vTaskStartScheduler     0x08004305   0x46  Code  Gb  tasks.o [1]
vTaskSuspendAll         0x0800434d    0xc  Code  Gb  tasks.o [1]
vTaskSwitchContext      0x08004541   0x64  Code  Gb  tasks.o [1]
wctob                   0x08005479   0x30  Code  Gb  wctob.o [3]
xBlockAllocatedBit      0x20000bd8    0x4  Data  Lc  heap_4.o [1]
xDelayedTaskList1       0x20000b40   0x14  Data  Lc  tasks.o [1]
xDelayedTaskList2       0x20000b54   0x14  Data  Lc  tasks.o [1]
xFreeBytesRemaining     0x20000bd0    0x4  Data  Lc  heap_4.o [1]
xHeapStructSize         0x08005cd4    0x4  Data  Lc  heap_4.o [1]
xIdleTaskHandle         0x20000c18    0x4  Data  Lc  tasks.o [1]
xMinimumEverFreeBytesRemaining
                        0x20000bd4    0x4  Data  Lc  heap_4.o [1]
xNextTaskUnblockTime    0x20000c14    0x4  Data  Lc  tasks.o [1]
xNumOfOverflows         0x20000c0c    0x4  Data  Lc  tasks.o [1]
xPendingReadyList       0x20000b68   0x14  Data  Lc  tasks.o [1]
xPortStartScheduler     0x080047cb   0x30  Code  Gb  port.o [1]
xPortSysTickHandler     0x0800484d   0x20  Code  Gb  port.o [1]
xSchedulerRunning       0x20000c00    0x4  Data  Lc  tasks.o [1]
xStart                  0x20000bc4    0x8  Data  Lc  heap_4.o [1]
xSuspendedTaskList      0x20000b90   0x14  Data  Lc  tasks.o [1]
xTaskCreate             0x08004119   0x76  Code  Gb  tasks.o [1]
xTaskGetSchedulerState  0x080046bd   0x24  Code  Gb  tasks.o [1]
xTaskIncrementTick      0x08004439   0xf6  Code  Gb  tasks.o [1]
xTaskResumeAll          0x0800435d   0xc4  Code  Gb  tasks.o [1]
xTasksWaitingTermination
                        0x20000b7c   0x14  Data  Lc  tasks.o [1]
xTickCount              0x20000bf8    0x4  Data  Lc  tasks.o [1]
xYieldPending           0x20000c08    0x4  Data  Lc  tasks.o [1]


[1] = C:\Users\Kishan\OneDrive\Projects\Power Supply\Software\power-supply\EWARM\power-supply\Obj
[2] = command line
[3] = dl6M_tlf.a
[4] = m6M_tl.a
[5] = rt6M_tl.a
[6] = shb_l.a

  23 262 bytes of readonly  code memory
     514 bytes of readonly  data memory
   3 108 bytes of readwrite data memory

Errors: none
Warnings: none
