###############################################################################
#
# IAR ELF Linker V8.10.1.12857/W32 for ARM                28/Apr/2018  00:11:20
# Copyright 2007-2017 IAR Systems AB.
#
#    Output file  =  
#        C:\Users\Kishan\OneDrive\Projects\Power
#        Supply\Software\power-supply\EWARM\power-supply\Exe\power-supply.out
#    Map file     =  
#        C:\Users\Kishan\OneDrive\Projects\Power
#        Supply\Software\power-supply\EWARM\power-supply\List\power-supply.map
#    Command line =  
#        -f C:\Users\Kishan\AppData\Local\Temp\EW93D.tmp
#        ("C:\Users\Kishan\OneDrive\Projects\Power
#        Supply\Software\power-supply\EWARM\power-supply\Obj\adc.o"
#        "C:\Users\Kishan\OneDrive\Projects\Power
#        Supply\Software\power-supply\EWARM\power-supply\Obj\buttons.o"
#        "C:\Users\Kishan\OneDrive\Projects\Power
#        Supply\Software\power-supply\EWARM\power-supply\Obj\control.o"
#        "C:\Users\Kishan\OneDrive\Projects\Power
#        Supply\Software\power-supply\EWARM\power-supply\Obj\enable.o"
#        "C:\Users\Kishan\OneDrive\Projects\Power
#        Supply\Software\power-supply\EWARM\power-supply\Obj\encoder.o"
#        "C:\Users\Kishan\OneDrive\Projects\Power
#        Supply\Software\power-supply\EWARM\power-supply\Obj\graphics.o"
#        "C:\Users\Kishan\OneDrive\Projects\Power
#        Supply\Software\power-supply\EWARM\power-supply\Obj\interrupts.o"
#        "C:\Users\Kishan\OneDrive\Projects\Power
#        Supply\Software\power-supply\EWARM\power-supply\Obj\lcd.o"
#        "C:\Users\Kishan\OneDrive\Projects\Power
#        Supply\Software\power-supply\EWARM\power-supply\Obj\main.o"
#        "C:\Users\Kishan\OneDrive\Projects\Power
#        Supply\Software\power-supply\EWARM\power-supply\Obj\printf.o"
#        "C:\Users\Kishan\OneDrive\Projects\Power
#        Supply\Software\power-supply\EWARM\power-supply\Obj\pwm.o"
#        "C:\Users\Kishan\OneDrive\Projects\Power
#        Supply\Software\power-supply\EWARM\power-supply\Obj\serial.o"
#        "C:\Users\Kishan\OneDrive\Projects\Power
#        Supply\Software\power-supply\EWARM\power-supply\Obj\startup_stm32f030x6.o"
#        "C:\Users\Kishan\OneDrive\Projects\Power
#        Supply\Software\power-supply\EWARM\power-supply\Obj\stm32f0xx_hal.o"
#        "C:\Users\Kishan\OneDrive\Projects\Power
#        Supply\Software\power-supply\EWARM\power-supply\Obj\stm32f0xx_hal_adc.o"
#        "C:\Users\Kishan\OneDrive\Projects\Power
#        Supply\Software\power-supply\EWARM\power-supply\Obj\stm32f0xx_hal_adc_ex.o"
#        "C:\Users\Kishan\OneDrive\Projects\Power
#        Supply\Software\power-supply\EWARM\power-supply\Obj\stm32f0xx_hal_cortex.o"
#        "C:\Users\Kishan\OneDrive\Projects\Power
#        Supply\Software\power-supply\EWARM\power-supply\Obj\stm32f0xx_hal_dma.o"
#        "C:\Users\Kishan\OneDrive\Projects\Power
#        Supply\Software\power-supply\EWARM\power-supply\Obj\stm32f0xx_hal_flash.o"
#        "C:\Users\Kishan\OneDrive\Projects\Power
#        Supply\Software\power-supply\EWARM\power-supply\Obj\stm32f0xx_hal_flash_ex.o"
#        "C:\Users\Kishan\OneDrive\Projects\Power
#        Supply\Software\power-supply\EWARM\power-supply\Obj\stm32f0xx_hal_gpio.o"
#        "C:\Users\Kishan\OneDrive\Projects\Power
#        Supply\Software\power-supply\EWARM\power-supply\Obj\stm32f0xx_hal_i2c.o"
#        "C:\Users\Kishan\OneDrive\Projects\Power
#        Supply\Software\power-supply\EWARM\power-supply\Obj\stm32f0xx_hal_i2c_ex.o"
#        "C:\Users\Kishan\OneDrive\Projects\Power
#        Supply\Software\power-supply\EWARM\power-supply\Obj\stm32f0xx_hal_iwdg.o"
#        "C:\Users\Kishan\OneDrive\Projects\Power
#        Supply\Software\power-supply\EWARM\power-supply\Obj\stm32f0xx_hal_msp.o"
#        "C:\Users\Kishan\OneDrive\Projects\Power
#        Supply\Software\power-supply\EWARM\power-supply\Obj\stm32f0xx_hal_pwr.o"
#        "C:\Users\Kishan\OneDrive\Projects\Power
#        Supply\Software\power-supply\EWARM\power-supply\Obj\stm32f0xx_hal_pwr_ex.o"
#        "C:\Users\Kishan\OneDrive\Projects\Power
#        Supply\Software\power-supply\EWARM\power-supply\Obj\stm32f0xx_hal_rcc.o"
#        "C:\Users\Kishan\OneDrive\Projects\Power
#        Supply\Software\power-supply\EWARM\power-supply\Obj\stm32f0xx_hal_rcc_ex.o"
#        "C:\Users\Kishan\OneDrive\Projects\Power
#        Supply\Software\power-supply\EWARM\power-supply\Obj\stm32f0xx_hal_rtc.o"
#        "C:\Users\Kishan\OneDrive\Projects\Power
#        Supply\Software\power-supply\EWARM\power-supply\Obj\stm32f0xx_hal_rtc_ex.o"
#        "C:\Users\Kishan\OneDrive\Projects\Power
#        Supply\Software\power-supply\EWARM\power-supply\Obj\stm32f0xx_hal_spi.o"
#        "C:\Users\Kishan\OneDrive\Projects\Power
#        Supply\Software\power-supply\EWARM\power-supply\Obj\stm32f0xx_hal_spi_ex.o"
#        "C:\Users\Kishan\OneDrive\Projects\Power
#        Supply\Software\power-supply\EWARM\power-supply\Obj\stm32f0xx_hal_tim.o"
#        "C:\Users\Kishan\OneDrive\Projects\Power
#        Supply\Software\power-supply\EWARM\power-supply\Obj\stm32f0xx_hal_tim_ex.o"
#        "C:\Users\Kishan\OneDrive\Projects\Power
#        Supply\Software\power-supply\EWARM\power-supply\Obj\stm32f0xx_hal_timebase_TIM.o"
#        "C:\Users\Kishan\OneDrive\Projects\Power
#        Supply\Software\power-supply\EWARM\power-supply\Obj\stm32f0xx_hal_uart.o"
#        "C:\Users\Kishan\OneDrive\Projects\Power
#        Supply\Software\power-supply\EWARM\power-supply\Obj\stm32f0xx_hal_uart_ex.o"
#        "C:\Users\Kishan\OneDrive\Projects\Power
#        Supply\Software\power-supply\EWARM\power-supply\Obj\stm32f0xx_hal_wwdg.o"
#        "C:\Users\Kishan\OneDrive\Projects\Power
#        Supply\Software\power-supply\EWARM\power-supply\Obj\stm32f0xx_it.o"
#        "C:\Users\Kishan\OneDrive\Projects\Power
#        Supply\Software\power-supply\EWARM\power-supply\Obj\system_state.o"
#        "C:\Users\Kishan\OneDrive\Projects\Power
#        Supply\Software\power-supply\EWARM\power-supply\Obj\system_stm32f0xx.o"
#        "C:\Users\Kishan\OneDrive\Projects\Power
#        Supply\Software\power-supply\EWARM\power-supply\Obj\uart.o"
#        "C:\Users\Kishan\OneDrive\Projects\Power
#        Supply\Software\power-supply\EWARM\power-supply\Obj\ui.o" --redirect
#        _Printf=_PrintfFull --scanf_multibytes -o
#        "C:\Users\Kishan\OneDrive\Projects\Power
#        Supply\Software\power-supply\EWARM\power-supply\Exe\power-supply.out"
#        --map "C:\Users\Kishan\OneDrive\Projects\Power
#        Supply\Software\power-supply\EWARM\power-supply\List\power-supply.map"
#        --config "C:\Users\Kishan\OneDrive\Projects\Power
#        Supply\Software\power-supply\EWARM/stm32f030x6_flash.icf"
#        --semihosting --entry __iar_program_start --vfe --text_out locale)
#
###############################################################################

*******************************************************************************
*** RUNTIME MODEL ATTRIBUTES
***

CppFlavor       = *
__SystemLibrary = DLib
__dlib_version  = 6


*******************************************************************************
*** HEAP SELECTION
***

The basic heap was selected because some modules are built with
size limitations (and not runtime checking), and --advanced_heap
was not specified.


*******************************************************************************
*** PLACEMENT SUMMARY
***

"A0":  place at 0x08000000 { ro section .intvec };
"P1":  place in [from 0x08000000 to 0x08007fff] { ro };
"P2":  place in [from 0x20000000 to 0x20000fff] { rw, block CSTACK, block HEAP };
initialize by copy { rw };

  Section            Kind        Address    Size  Object
  -------            ----        -------    ----  ------
"A0":                                       0xb0
  .intvec            ro code  0x08000000    0xb0  startup_stm32f030x6.o [1]
                            - 0x080000b0    0xb0

"P1":                                     0x3db4
  .text              ro code  0x080000b0   0x87c  stm32f0xx_hal_tim.o [1]
  .text              ro code  0x0800092c     0x2  stm32f0xx_hal_tim.o [1]
  .text              ro code  0x0800092e     0x2  stm32f0xx_hal_tim.o [1]
  .text              ro code  0x08000930     0x2  stm32f0xx_hal_tim.o [1]
  .text              ro code  0x08000932     0x2  stm32f0xx_hal_tim.o [1]
  .text              ro code  0x08000934    0x58  interrupts.o [1]
  .text              ro code  0x0800098c     0x2  stm32f0xx_hal_tim_ex.o [1]
  .text              ro code  0x0800098e     0x2  stm32f0xx_hal_tim.o [1]
  .text              ro code  0x08000990     0x2  stm32f0xx_hal_tim_ex.o [1]
  .text              ro code  0x08000992     0x2  startup_stm32f030x6.o [1]
  .text              ro code  0x08000994   0x1bc  buttons.o [1]
  .text              ro code  0x08000b50   0x1bc  encoder.o [1]
  .text              ro code  0x08000d0c    0x10  stm32f0xx_hal.o [1]
  .text              ro code  0x08000d1c   0x250  stm32f0xx_hal_gpio.o [1]
  .text              ro code  0x08000f6c   0x14c  stm32f0xx_hal_cortex.o [1]
  .text              ro code  0x080010b8    0xae  I32DivModFast.o [5]
  .text              ro code  0x08001166     0x2  startup_stm32f030x6.o [1]
  .text              ro code  0x08001168    0x4c  system_state.o [1]
  .text              ro code  0x080011b4     0x2  IntDivZer.o [5]
  .text              ro code  0x080011b6     0x2  startup_stm32f030x6.o [1]
  .text              ro code  0x080011b8   0x740  stm32f0xx_hal_rcc.o [1]
  .text              ro code  0x080018f8     0xc  stm32f0xx_hal.o [1]
  .text              ro code  0x08001904    0x98  stm32f0xx_hal_timebase_TIM.o [1]
  .text              ro code  0x0800199c    0x34  ABImemcpy.o [5]
  .text              ro code  0x080019d0   0x612  stm32f0xx_hal_uart.o [1]
  .text              ro code  0x08001fe2     0x2  startup_stm32f030x6.o [1]
  .text              ro code  0x08001fe4   0x27c  stm32f0xx_hal_dma.o [1]
  .text              ro code  0x08002260     0x2  stm32f0xx_hal_uart.o [1]
  .text              ro code  0x08002262     0x2  stm32f0xx_hal_uart.o [1]
  .text              ro code  0x08002264     0x2  stm32f0xx_hal_uart.o [1]
  .text              ro code  0x08002266     0x2  startup_stm32f030x6.o [1]
  .text              ro code  0x08002268   0x552  stm32f0xx_hal_adc.o [1]
  .text              ro code  0x080027ba     0x2  stm32f0xx_hal_adc.o [1]
  .text              ro code  0x080027bc     0x2  stm32f0xx_hal_adc.o [1]
  .text              ro code  0x080027be     0x2  stm32f0xx_hal_adc.o [1]
  .text              ro code  0x080027c0   0x492  stm32f0xx_hal_spi.o [1]
  .text              ro code  0x08002c52     0x2  startup_stm32f030x6.o [1]
  .text              ro code  0x08002c54   0x344  lcd.o [1]
  .text              ro code  0x08002f98    0x20  stm32f0xx_hal.o [1]
  .text              ro code  0x08002fb8   0x244  pwm.o [1]
  .text              ro code  0x080031fc    0xec  stm32f0xx_hal_tim_ex.o [1]
  .text              ro code  0x080032e8   0x18c  adc.o [1]
  .text              ro code  0x08003474   0x188  uart.o [1]
  .rodata            const    0x080035fc   0x158  lcd.o [1]
  .text              ro code  0x08003754   0x144  stm32f0xx_hal_rcc_ex.o [1]
  .text              ro code  0x08003898   0x108  enable.o [1]
  .text              ro code  0x080039a0    0xf0  main.o [1]
  .text              ro code  0x08003a90    0x20  stm32f0xx_hal.o [1]
  .text              ro code  0x08003ab0    0x1a  graphics.o [1]
  .text              ro code  0x08003aca     0x2  startup_stm32f030x6.o [1]
  .text              ro code  0x08003acc    0x48  stm32f0xx_hal_msp.o [1]
  .text              ro code  0x08003b14    0xe4  stm32f0xx_it.o [1]
  .text              ro code  0x08003bf8    0x94  system_stm32f0xx.o [1]
  .rodata            const    0x08003c8c    0x50  main.o [1]
  .text              ro code  0x08003cdc    0x40  zero_init3.o [5]
  .text              ro code  0x08003d1c    0x30  copy_init3.o [5]
  .text              ro code  0x08003d4c    0x28  data_init.o [5]
  .iar.init_table    const    0x08003d74    0x24  - Linker created -
  .rodata            const    0x08003d98    0x1c  encoder.o [1]
  .text              ro code  0x08003db4    0x1a  cmain.o [5]
  .text              ro code  0x08003dce     0x4  low_level_init.o [3]
  .text              ro code  0x08003dd2     0x8  exit.o [3]
  .text              ro code  0x08003dda     0x2  startup_stm32f030x6.o [1]
  .text              ro code  0x08003ddc     0xa  cexit.o [5]
  .text              ro code  0x08003de6     0x2  startup_stm32f030x6.o [1]
  .text              ro code  0x08003de8    0x14  exit.o [6]
  .rodata            const    0x08003dfc    0x10  stm32f0xx_hal_rcc.o [1]
  .rodata            const    0x08003e0c    0x10  stm32f0xx_hal_rcc.o [1]
  .rodata            const    0x08003e1c    0x10  system_stm32f0xx.o [1]
  .text              ro code  0x08003e2c    0x10  startup_stm32f030x6.o [1]
  .text              ro code  0x08003e3c     0xc  cstartup_M.o [5]
  .rodata            const    0x08003e48     0x8  system_stm32f0xx.o [1]
  Initializer bytes  const    0x08003e50     0x4  <for P2-1>
  .text              ro code  0x08003e54     0x2  startup_stm32f030x6.o [1]
  .text              ro code  0x08003e56     0x2  startup_stm32f030x6.o [1]
  .text              ro code  0x08003e58     0x2  startup_stm32f030x6.o [1]
  .text              ro code  0x08003e5a     0x2  startup_stm32f030x6.o [1]
  .text              ro code  0x08003e5c     0x2  startup_stm32f030x6.o [1]
  .text              ro code  0x08003e5e     0x2  startup_stm32f030x6.o [1]
  .text              ro code  0x08003e60     0x2  startup_stm32f030x6.o [1]
  .text              ro code  0x08003e62     0x2  startup_stm32f030x6.o [1]
  .rodata            const    0x08003e64     0x0  zero_init3.o [5]
  .rodata            const    0x08003e64     0x0  copy_init3.o [5]
                            - 0x08003e64  0x3db4

"P2", part 1 of 3:                           0x4
  P2-1                        0x20000000     0x4  <Init block>
    .data            inited   0x20000000     0x4  system_stm32f0xx.o [1]
                            - 0x20000004     0x4

"P2", part 2 of 3:                         0x400
  CSTACK                      0x20000008   0x400  <Block>
    CSTACK           uninit   0x20000008   0x400  <Block tail>
                            - 0x20000408   0x400

"P2", part 3 of 3:                         0x2ec
  .bss               zero     0x20000408    0x70  uart.o [1]
  .bss               zero     0x20000478    0x64  lcd.o [1]
  .bss               zero     0x200004dc    0x4c  adc.o [1]
  .bss               zero     0x20000528    0x44  adc.o [1]
  .bss               zero     0x2000056c    0x44  uart.o [1]
  .bss               zero     0x200005b0    0x44  uart.o [1]
  .bss               zero     0x200005f4    0x40  buttons.o [1]
  .bss               zero     0x20000634    0x40  pwm.o [1]
  .bss               zero     0x20000674    0x40  stm32f0xx_hal_timebase_TIM.o [1]
  .bss               zero     0x200006b4    0x1c  pwm.o [1]
  .bss               zero     0x200006d0    0x10  adc.o [1]
  .bss               zero     0x200006e0     0x4  stm32f0xx_hal.o [1]
  .bss               zero     0x200006e4     0x4  system_state.o [1]
  .bss               zero     0x200006e8     0x2  encoder.o [1]
  .bss               zero     0x200006ea     0x2  encoder.o [1]
  .bss               zero     0x200006ec     0x1  encoder.o [1]
  .bss               zero     0x200006ed     0x1  stm32f0xx_it.o [1]
  .bss               zero     0x200006ee     0x1  stm32f0xx_it.o [1]
  .bss               zero     0x200006ef     0x1  stm32f0xx_it.o [1]
  .bss               zero     0x200006f0     0x1  stm32f0xx_it.o [1]
  .bss               zero     0x200006f1     0x1  system_state.o [1]
  .bss               zero     0x200006f2     0x1  system_state.o [1]
                            - 0x200006f3   0x2eb


*******************************************************************************
*** INIT TABLE
***

          Address     Size
          -------     ----
Zero (__iar_zero_init3)
    1 destination range, total size 0x2eb:
          0x20000408  0x2eb

Copy (__iar_copy_init3)
    1 source range, total size 0x4:
          0x08003e50    0x4
    1 destination range, total size 0x4:
          0x20000000    0x4



*******************************************************************************
*** MODULE SUMMARY
***

    Module                        ro code  ro data  rw data
    ------                        -------  -------  -------
C:\Users\Kishan\OneDrive\Projects\Power Supply\Software\power-supply\EWARM\power-supply\Obj: [1]
    adc.o                             396               160
    buttons.o                         444                64
    enable.o                          264
    encoder.o                         444       28        5
    graphics.o                         26
    interrupts.o                       88
    lcd.o                             836      344      100
    main.o                            240       80
    pwm.o                             580                92
    startup_stm32f030x6.o             226
    stm32f0xx_hal.o                    92                 4
    stm32f0xx_hal_adc.o             1 368
    stm32f0xx_hal_cortex.o            332
    stm32f0xx_hal_dma.o               636
    stm32f0xx_hal_gpio.o              592
    stm32f0xx_hal_msp.o                72
    stm32f0xx_hal_rcc.o             1 856       32
    stm32f0xx_hal_rcc_ex.o            324
    stm32f0xx_hal_spi.o             1 170
    stm32f0xx_hal_tim.o             2 182
    stm32f0xx_hal_tim_ex.o            240
    stm32f0xx_hal_timebase_TIM.o      152                64
    stm32f0xx_hal_uart.o            1 560
    stm32f0xx_it.o                    228                 4
    system_state.o                     76                 6
    system_stm32f0xx.o                148       28        4
    uart.o                            392               248
    -------------------------------------------------------
    Total:                         14 964      512      751

command line: [2]
    -------------------------------------------------------
    Total:

dl6M_tlf.a: [3]
    exit.o                              8
    low_level_init.o                    4
    -------------------------------------------------------
    Total:                             12

m6M_tl.a: [4]
    -------------------------------------------------------
    Total:

rt6M_tl.a: [5]
    ABImemcpy.o                        52
    I32DivModFast.o                   174
    IntDivZer.o                         2
    cexit.o                            10
    cmain.o                            26
    copy_init3.o                       48
    cstartup_M.o                       12
    data_init.o                        40
    zero_init3.o                       64
    -------------------------------------------------------
    Total:                            428

shb_l.a: [6]
    exit.o                             20
    -------------------------------------------------------
    Total:                             20

    Linker created                              36    1 024
-----------------------------------------------------------
    Grand Total:                   15 424      548    1 775


*******************************************************************************
*** ENTRY LIST
***

Entry                      Address   Size  Type      Object
-----                      -------   ----  ----      ------
.iar.init_table$$Base   0x08003d74          --   Gb  - Linker created -
.iar.init_table$$Limit  0x08003d98          --   Gb  - Linker created -
?main                   0x08003db5         Code  Gb  cmain.o [5]
ADC_DMAConvCplt         0x08002709   0x7a  Code  Lc  stm32f0xx_hal_adc.o [1]
ADC_DMAError            0x0800279b   0x1e  Code  Lc  stm32f0xx_hal_adc.o [1]
ADC_DMAHalfConvCplt     0x0800278d    0xe  Code  Lc  stm32f0xx_hal_adc.o [1]
ADC_Enable              0x08002651   0xa6  Code  Lc  stm32f0xx_hal_adc.o [1]
ADC_GPIO_Init           0x080032e9   0x3a  Code  Lc  adc.o [1]
ADC_Handle              0x200004dc   0x4c  Data  Gb  adc.o [1]
ADC_Init                0x08003323  0x134  Code  Gb  adc.o [1]
AHBPrescTable           0x08003e1c   0x10  Data  Gb  system_stm32f0xx.o [1]
APBPrescTable           0x08003e48    0x8  Data  Gb  system_stm32f0xx.o [1]
Buttons_DebounceTimerCallback
                        0x08000acf   0x64  Code  Gb  buttons.o [1]
Buttons_IRQ_Callback    0x08000aad   0x22  Code  Gb  buttons.o [1]
Buttons_Init            0x08000995   0x88  Code  Gb  buttons.o [1]
CSTACK$$Base            0x20000008          --   Gb  - Linker created -
CSTACK$$Limit           0x20000408          --   Gb  - Linker created -
DMA1_Channel2_3_IRQHandler
                        0x08003b3b   0x14  Code  Gb  stm32f0xx_it.o [1]
DMA_ADC_Handle          0x20000528   0x44  Data  Gb  adc.o [1]
DMA_CalcBaseAndBitshift
                        0x0800223b   0x1a  Code  Lc  stm32f0xx_hal_dma.o [1]
DMA_SetConfig           0x08002211   0x2a  Code  Lc  stm32f0xx_hal_dma.o [1]
DebounceTimerHandle     0x200005f4   0x40  Data  Gb  buttons.o [1]
DebounceTimer_Init      0x08000a1d   0x72  Code  Gb  buttons.o [1]
DebounceTimer_Start     0x08000a8f   0x14  Code  Gb  buttons.o [1]
DebounceTimer_Stop      0x08000aa3    0xa  Code  Gb  buttons.o [1]
EXTI4_15_IRQHandler     0x08003b4f   0x88  Code  Gb  stm32f0xx_it.o [1]
EXTI4_15_IRQHandler::Sw1
                        0x200006f0    0x1  Data  Lc  stm32f0xx_it.o [1]
EXTI4_15_IRQHandler::encSw
                        0x200006ef    0x1  Data  Lc  stm32f0xx_it.o [1]
EXTI4_15_IRQHandler::pinA
                        0x200006ed    0x1  Data  Lc  stm32f0xx_it.o [1]
EXTI4_15_IRQHandler::pinB
                        0x200006ee    0x1  Data  Lc  stm32f0xx_it.o [1]
Enable_Bklight          0x0800398d   0x14  Code  Gb  enable.o [1]
Enable_Init             0x08003899   0xa6  Code  Gb  enable.o [1]
Enable_Output           0x0800393f   0x30  Code  Gb  enable.o [1]
Enable_VSW              0x0800396f   0x14  Code  Gb  enable.o [1]
Encoder_IRQ_Callback    0x08000bd3   0xd8  Code  Gb  encoder.o [1]
Encoder_IRQ_Callback::encoderCurrent
                        0x200006ea    0x2  Data  Lc  encoder.o [1]
Encoder_IRQ_Callback::encoderVoltage
                        0x200006e8    0x2  Data  Lc  encoder.o [1]
Encoder_Init            0x08000b51   0x82  Code  Gb  encoder.o [1]
Encoder_Process         0x08000cab   0x44  Code  Lc  encoder.o [1]
Get_EncoderSwitchState  0x08001191    0x6  Code  Gb  system_state.o [1]
Get_OutputSwState       0x0800119d    0x6  Code  Gb  system_state.o [1]
HAL_ADC_ConfigChannel   0x080024e9  0x168  Code  Gb  stm32f0xx_hal_adc.o [1]
HAL_ADC_Init            0x08002269  0x1ba  Code  Gb  stm32f0xx_hal_adc.o [1]
HAL_ADC_Start_DMA       0x08002431   0xa8  Code  Gb  stm32f0xx_hal_adc.o [1]
HAL_DMA_Abort_IT        0x080020e5   0x58  Code  Gb  stm32f0xx_hal_dma.o [1]
HAL_DMA_IRQHandler      0x0800213d   0xd4  Code  Gb  stm32f0xx_hal_dma.o [1]
HAL_DMA_Init            0x08001fe5   0x6c  Code  Gb  stm32f0xx_hal_dma.o [1]
HAL_DMA_Start_IT        0x08002055   0x90  Code  Gb  stm32f0xx_hal_dma.o [1]
HAL_Delay               0x08002f99   0x20  Code  Wk  stm32f0xx_hal.o [1]
HAL_GPIO_EXTI_Callback  0x08000935   0x32  Code  Gb  interrupts.o [1]
HAL_GPIO_EXTI_IRQHandler
                        0x08000f23   0x20  Code  Gb  stm32f0xx_hal_gpio.o [1]
HAL_GPIO_Init           0x08000d1d  0x1d6  Code  Gb  stm32f0xx_hal_gpio.o [1]
HAL_GPIO_ReadPin        0x08000ef3   0x1c  Code  Gb  stm32f0xx_hal_gpio.o [1]
HAL_GPIO_WritePin       0x08000f0f   0x14  Code  Gb  stm32f0xx_hal_gpio.o [1]
HAL_GetTick             0x080018f9    0xc  Code  Wk  stm32f0xx_hal.o [1]
HAL_IncTick             0x08000d0d   0x10  Code  Wk  stm32f0xx_hal.o [1]
HAL_Init                0x08003a91   0x1c  Code  Gb  stm32f0xx_hal.o [1]
HAL_InitTick            0x08001905   0x84  Code  Gb  stm32f0xx_hal_timebase_TIM.o [1]
HAL_MspInit             0x08003acd   0x48  Code  Gb  stm32f0xx_hal_msp.o [1]
HAL_NVIC_DisableIRQ     0x08001065    0xe  Code  Gb  stm32f0xx_hal_cortex.o [1]
HAL_NVIC_EnableIRQ      0x08001057    0xe  Code  Gb  stm32f0xx_hal_cortex.o [1]
HAL_NVIC_SetPriority    0x08001043   0x14  Code  Gb  stm32f0xx_hal_cortex.o [1]
HAL_RCCEx_PeriphCLKConfig
                        0x08003755  0x122  Code  Gb  stm32f0xx_hal_rcc_ex.o [1]
HAL_RCC_ClockConfig     0x08001681  0x15e  Code  Gb  stm32f0xx_hal_rcc.o [1]
HAL_RCC_GetClockConfig  0x08001899   0x32  Code  Gb  stm32f0xx_hal_rcc.o [1]
HAL_RCC_GetHCLKFreq     0x08001873    0x6  Code  Gb  stm32f0xx_hal_rcc.o [1]
HAL_RCC_GetPCLK1Freq    0x08001879   0x18  Code  Gb  stm32f0xx_hal_rcc.o [1]
HAL_RCC_GetSysClockFreq
                        0x080017f5   0x7e  Code  Gb  stm32f0xx_hal_rcc.o [1]
HAL_RCC_OscConfig       0x080011b9  0x4aa  Code  Gb  stm32f0xx_hal_rcc.o [1]
HAL_SPI_Init            0x080027c1   0xda  Code  Gb  stm32f0xx_hal_spi.o [1]
HAL_SPI_Transmit        0x0800289b  0x1e0  Code  Gb  stm32f0xx_hal_spi.o [1]
HAL_SYSTICK_CLKSourceConfig
                        0x0800107b   0x22  Code  Gb  stm32f0xx_hal_cortex.o [1]
HAL_SYSTICK_Config      0x08001073    0x8  Code  Gb  stm32f0xx_hal_cortex.o [1]
HAL_TIMEx_BreakCallback
                        0x0800098d    0x2  Code  Wk  stm32f0xx_hal_tim_ex.o [1]
HAL_TIMEx_CommutationCallback
                        0x08000991    0x2  Code  Wk  stm32f0xx_hal_tim_ex.o [1]
HAL_TIMEx_ConfigBreakDeadTime
                        0x08003259   0x74  Code  Gb  stm32f0xx_hal_tim_ex.o [1]
HAL_TIMEx_MasterConfigSynchronization
                        0x080031fd   0x5c  Code  Gb  stm32f0xx_hal_tim_ex.o [1]
HAL_TIM_Base_Init       0x080000b1   0x38  Code  Gb  stm32f0xx_hal_tim.o [1]
HAL_TIM_Base_Start_IT   0x080000e9   0x1e  Code  Gb  stm32f0xx_hal_tim.o [1]
HAL_TIM_Base_Stop_IT    0x08000107   0x38  Code  Gb  stm32f0xx_hal_tim.o [1]
HAL_TIM_ConfigClockSource
                        0x0800046d  0x128  Code  Gb  stm32f0xx_hal_tim.o [1]
HAL_TIM_IRQHandler      0x080001e1  0x182  Code  Gb  stm32f0xx_hal_tim.o [1]
HAL_TIM_PWM_ConfigChannel
                        0x08000363  0x104  Code  Gb  stm32f0xx_hal_tim.o [1]
HAL_TIM_PWM_Init        0x08000149   0x38  Code  Gb  stm32f0xx_hal_tim.o [1]
HAL_TIM_PWM_Start       0x08000181   0x52  Code  Gb  stm32f0xx_hal_tim.o [1]
HAL_TIM_PeriodElapsedCallback
                        0x08000967   0x1e  Code  Gb  interrupts.o [1]
HAL_UART_IRQHandler     0x08001a55  0x138  Code  Gb  stm32f0xx_hal_uart.o [1]
HAL_UART_Init           0x080019d1   0x7e  Code  Gb  stm32f0xx_hal_uart.o [1]
HardFault_Handler       0x08003b17    0x4  Code  Gb  stm32f0xx_it.o [1]
LCD_FillRectangle       0x08002ea3   0x64  Code  Gb  lcd.o [1]
LCD_GPIO_Pins_Init      0x08002c55  0x108  Code  Lc  lcd.o [1]
LCD_Init                0x08002dc1   0x8c  Code  Gb  lcd.o [1]
LCD_InitArray           0x080035fc  0x158  Data  Lc  lcd.o [1]
LCD_SPI_Init            0x08002d5d   0x64  Code  Lc  lcd.o [1]
LCD_SendCommand         0x08002f27   0x2c  Code  Lc  lcd.o [1]
LCD_SendData            0x08002f53   0x2c  Code  Lc  lcd.o [1]
LCD_SetAddrWindow       0x08002e4d   0x56  Code  Gb  lcd.o [1]
NMI_Handler             0x08003b15    0x2  Code  Gb  stm32f0xx_it.o [1]
NVIC_DisableIRQ         0x08000f7b    0xe  Code  Lc  stm32f0xx_hal_cortex.o [1]
NVIC_EnableIRQ          0x08000f6d    0xe  Code  Lc  stm32f0xx_hal_cortex.o [1]
NVIC_SetPriority        0x08000f89   0x88  Code  Lc  stm32f0xx_hal_cortex.o [1]
PWM_Init                0x08002fb9  0x1c2  Code  Gb  pwm.o [1]
PWM_setDuty             0x0800317b   0x66  Code  Gb  pwm.o [1]
Region$$Table$$Base     0x08003d74          --   Gb  - Linker created -
Region$$Table$$Limit    0x08003d98          --   Gb  - Linker created -
SPI_EndRxTxTransaction  0x08002be5   0x6c  Code  Lc  stm32f0xx_hal_spi.o [1]
SPI_Handle              0x20000478   0x64  Data  Gb  lcd.o [1]
SPI_WaitFifoStateUntilTimeout
                        0x08002b29   0xb6  Code  Lc  stm32f0xx_hal_spi.o [1]
SPI_WaitFlagStateUntilTimeout
                        0x08002a85   0xa4  Code  Lc  stm32f0xx_hal_spi.o [1]
SPI_Write               0x08002f15   0x12  Code  Lc  lcd.o [1]
Set_EncoderCurrent      0x0800118b    0x6  Code  Gb  system_state.o [1]
Set_EncoderSwitchState  0x08001197    0x6  Code  Gb  system_state.o [1]
Set_EncoderVoltage      0x08001185    0x6  Code  Gb  system_state.o [1]
Set_OutputSwState       0x080011a3    0x6  Code  Gb  system_state.o [1]
State_EncoderSw         0x200006f1    0x1  Data  Lc  system_state.o [1]
State_EncoderVal        0x200006e4    0x4  Data  Lc  system_state.o [1]
State_OutputSw          0x200006f2    0x1  Data  Lc  system_state.o [1]
SysTick_Config          0x08001011   0x32  Code  Lc  stm32f0xx_hal_cortex.o [1]
SysTick_Handler         0x08003b1b    0x2  Code  Gb  stm32f0xx_it.o [1]
SystemClock_Config      0x080039d9   0xaa  Code  Gb  main.o [1]
SystemCoreClock         0x20000000    0x4  Data  Gb  system_stm32f0xx.o [1]
SystemInit              0x08003bf9   0x68  Code  Gb  system_stm32f0xx.o [1]
SystemState_Init        0x08001169   0x1c  Code  Gb  system_state.o [1]
TIM14_IRQHandler        0x08003b27    0xa  Code  Gb  stm32f0xx_it.o [1]
TIM17_IRQHandler        0x08003b1d    0xa  Code  Gb  stm32f0xx_it.o [1]
TIM1_Handle             0x20000634   0x40  Data  Gb  pwm.o [1]
TIM_Base_SetConfig      0x08000599   0x78  Code  Gb  stm32f0xx_hal_tim.o [1]
TIM_CCxChannelCmd       0x0800090d   0x1e  Code  Gb  stm32f0xx_hal_tim.o [1]
TIM_ETR_SetConfig       0x080008d1   0x20  Code  Gb  stm32f0xx_hal_tim.o [1]
TIM_ITRx_SetConfig      0x080008b9   0x18  Code  Lc  stm32f0xx_hal_tim.o [1]
TIM_OC1_SetConfig       0x08000611   0x8a  Code  Lc  stm32f0xx_hal_tim.o [1]
TIM_OC2_SetConfig       0x0800069b   0x8e  Code  Gb  stm32f0xx_hal_tim.o [1]
TIM_OC3_SetConfig       0x08000729   0x8e  Code  Lc  stm32f0xx_hal_tim.o [1]
TIM_OC4_SetConfig       0x080007c9   0x6c  Code  Lc  stm32f0xx_hal_tim.o [1]
TIM_TI1_ConfigInputStage
                        0x0800084d   0x2e  Code  Lc  stm32f0xx_hal_tim.o [1]
TIM_TI2_ConfigInputStage
                        0x0800087b   0x34  Code  Lc  stm32f0xx_hal_tim.o [1]
UART_AdvFeatureConfig   0x08001d3b   0xde  Code  Gb  stm32f0xx_hal_uart.o [1]
UART_CheckIdleState     0x08001e25   0x1c  Code  Gb  stm32f0xx_hal_uart.o [1]
UART_DMAAbortOnError    0x08001e99   0x1a  Code  Lc  stm32f0xx_hal_uart.o [1]
UART_EndRxTransfer      0x08001e49   0x20  Code  Lc  stm32f0xx_hal_uart.o [1]
UART_EndTransmit_IT     0x08001f27   0x20  Code  Gb  stm32f0xx_hal_uart.o [1]
UART_Handle             0x20000408   0x70  Data  Gb  uart.o [1]
UART_Init               0x08003475  0x164  Code  Gb  uart.o [1]
UART_Init::DMARX_Handle
                        0x200005b0   0x44  Data  Lc  uart.o [1]
UART_Init::DMATX_Handle
                        0x2000056c   0x44  Data  Lc  uart.o [1]
UART_Receive_IT         0x08001f47   0x92  Code  Gb  stm32f0xx_hal_uart.o [1]
UART_SetConfig          0x08001b91  0x1aa  Code  Gb  stm32f0xx_hal_uart.o [1]
UART_Transmit_IT        0x08001eb3   0x74  Code  Gb  stm32f0xx_hal_uart.o [1]
USART1_IRQHandler       0x08003b31    0xa  Code  Gb  stm32f0xx_it.o [1]
_Error_Handler          0x08003a8d    0x4  Code  Gb  main.o [1]
__ICFEDIT_region_RAM_end__ {Abs}
                        0x20000fff         Data  Gb  command line/config [2]
__ICFEDIT_region_RAM_start__ {Abs}
                        0x20000000         Data  Gb  command line/config [2]
__aeabi_idiv0           0x080011b5         Code  Gb  IntDivZer.o [5]
__aeabi_memcpy4         0x0800199d         Code  Wk  ABImemcpy.o [5]
__aeabi_uidiv           0x080010b9         Code  Gb  I32DivModFast.o [5]
__aeabi_uidivmod        0x080010b9         Code  Gb  I32DivModFast.o [5]
__cmain                 0x08003db5         Code  Gb  cmain.o [5]
__exit                  0x08003de9   0x14  Code  Gb  exit.o [6]
__iar_copy_init3        0x08003d1d   0x30  Code  Gb  copy_init3.o [5]
__iar_data_init3        0x08003d4d   0x28  Code  Gb  data_init.o [5]
__iar_program_start     0x08003e3d         Code  Gb  cstartup_M.o [5]
__iar_systems$$module {Abs}
                        0x00000001         Data  Gb  command line/config [2]
__iar_zero_init3        0x08003cdd   0x40  Code  Gb  zero_init3.o [5]
__low_level_init        0x08003dcf    0x4  Code  Gb  low_level_init.o [3]
__vector_table          0x08000000         Data  Gb  startup_stm32f030x6.o [1]
_call_main              0x08003dc1         Code  Gb  cmain.o [5]
_exit                   0x08003ddd         Code  Gb  cexit.o [5]
_main                   0x08003dcb         Code  Gb  cmain.o [5]
adcData                 0x200006d0   0x10  Data  Gb  adc.o [1]
delay_ms                0x08002f07    0xe  Code  Lc  lcd.o [1]
encoderState            0x200006ec    0x1  Data  Lc  encoder.o [1]
exit                    0x08003dd3    0x8  Code  Gb  exit.o [3]
fillScreen              0x08003ab1   0x1a  Code  Gb  graphics.o [1]
htim17                  0x20000674   0x40  Data  Gb  stm32f0xx_hal_timebase_TIM.o [1]
main                    0x080039a1   0x38  Code  Gb  main.o [1]
sConfigOC               0x200006b4   0x1c  Data  Gb  pwm.o [1]
transitionTable         0x08003d98   0x1c  Data  Gb  encoder.o [1]
uwTick                  0x200006e0    0x4  Data  Gb  stm32f0xx_hal.o [1]


[1] = C:\Users\Kishan\OneDrive\Projects\Power Supply\Software\power-supply\EWARM\power-supply\Obj
[2] = command line
[3] = dl6M_tlf.a
[4] = m6M_tl.a
[5] = rt6M_tl.a
[6] = shb_l.a

  15 424 bytes of readonly  code memory
     548 bytes of readonly  data memory
   1 775 bytes of readwrite data memory

Errors: none
Warnings: none
