###############################################################################
#
# IAR ELF Linker V8.10.1.12857/W32 for ARM                15/May/2018  21:46:34
# Copyright 2007-2017 IAR Systems AB.
#
#    Output file  =  
#        C:\Users\Kishan\OneDrive\Projects\Power
#        Supply\Software\power-supply\EWARM\power-supply\Exe\power-supply.out
#    Map file     =  
#        C:\Users\Kishan\OneDrive\Projects\Power
#        Supply\Software\power-supply\EWARM\power-supply\List\power-supply.map
#    Command line =  
#        -f C:\Users\Kishan\AppData\Local\Temp\EW7008.tmp
#        ("C:\Users\Kishan\OneDrive\Projects\Power
#        Supply\Software\power-supply\EWARM\power-supply\Obj\adc.o"
#        "C:\Users\Kishan\OneDrive\Projects\Power
#        Supply\Software\power-supply\EWARM\power-supply\Obj\buttons.o"
#        "C:\Users\Kishan\OneDrive\Projects\Power
#        Supply\Software\power-supply\EWARM\power-supply\Obj\control.o"
#        "C:\Users\Kishan\OneDrive\Projects\Power
#        Supply\Software\power-supply\EWARM\power-supply\Obj\enable.o"
#        "C:\Users\Kishan\OneDrive\Projects\Power
#        Supply\Software\power-supply\EWARM\power-supply\Obj\encoder.o"
#        "C:\Users\Kishan\OneDrive\Projects\Power
#        Supply\Software\power-supply\EWARM\power-supply\Obj\graphics.o"
#        "C:\Users\Kishan\OneDrive\Projects\Power
#        Supply\Software\power-supply\EWARM\power-supply\Obj\interrupts.o"
#        "C:\Users\Kishan\OneDrive\Projects\Power
#        Supply\Software\power-supply\EWARM\power-supply\Obj\lcd.o"
#        "C:\Users\Kishan\OneDrive\Projects\Power
#        Supply\Software\power-supply\EWARM\power-supply\Obj\main.o"
#        "C:\Users\Kishan\OneDrive\Projects\Power
#        Supply\Software\power-supply\EWARM\power-supply\Obj\printf.o"
#        "C:\Users\Kishan\OneDrive\Projects\Power
#        Supply\Software\power-supply\EWARM\power-supply\Obj\pwm.o"
#        "C:\Users\Kishan\OneDrive\Projects\Power
#        Supply\Software\power-supply\EWARM\power-supply\Obj\serial.o"
#        "C:\Users\Kishan\OneDrive\Projects\Power
#        Supply\Software\power-supply\EWARM\power-supply\Obj\startup_stm32f030x6.o"
#        "C:\Users\Kishan\OneDrive\Projects\Power
#        Supply\Software\power-supply\EWARM\power-supply\Obj\stm32f0xx_hal.o"
#        "C:\Users\Kishan\OneDrive\Projects\Power
#        Supply\Software\power-supply\EWARM\power-supply\Obj\stm32f0xx_hal_adc.o"
#        "C:\Users\Kishan\OneDrive\Projects\Power
#        Supply\Software\power-supply\EWARM\power-supply\Obj\stm32f0xx_hal_adc_ex.o"
#        "C:\Users\Kishan\OneDrive\Projects\Power
#        Supply\Software\power-supply\EWARM\power-supply\Obj\stm32f0xx_hal_cortex.o"
#        "C:\Users\Kishan\OneDrive\Projects\Power
#        Supply\Software\power-supply\EWARM\power-supply\Obj\stm32f0xx_hal_dma.o"
#        "C:\Users\Kishan\OneDrive\Projects\Power
#        Supply\Software\power-supply\EWARM\power-supply\Obj\stm32f0xx_hal_flash.o"
#        "C:\Users\Kishan\OneDrive\Projects\Power
#        Supply\Software\power-supply\EWARM\power-supply\Obj\stm32f0xx_hal_flash_ex.o"
#        "C:\Users\Kishan\OneDrive\Projects\Power
#        Supply\Software\power-supply\EWARM\power-supply\Obj\stm32f0xx_hal_gpio.o"
#        "C:\Users\Kishan\OneDrive\Projects\Power
#        Supply\Software\power-supply\EWARM\power-supply\Obj\stm32f0xx_hal_i2c.o"
#        "C:\Users\Kishan\OneDrive\Projects\Power
#        Supply\Software\power-supply\EWARM\power-supply\Obj\stm32f0xx_hal_i2c_ex.o"
#        "C:\Users\Kishan\OneDrive\Projects\Power
#        Supply\Software\power-supply\EWARM\power-supply\Obj\stm32f0xx_hal_iwdg.o"
#        "C:\Users\Kishan\OneDrive\Projects\Power
#        Supply\Software\power-supply\EWARM\power-supply\Obj\stm32f0xx_hal_msp.o"
#        "C:\Users\Kishan\OneDrive\Projects\Power
#        Supply\Software\power-supply\EWARM\power-supply\Obj\stm32f0xx_hal_pwr.o"
#        "C:\Users\Kishan\OneDrive\Projects\Power
#        Supply\Software\power-supply\EWARM\power-supply\Obj\stm32f0xx_hal_pwr_ex.o"
#        "C:\Users\Kishan\OneDrive\Projects\Power
#        Supply\Software\power-supply\EWARM\power-supply\Obj\stm32f0xx_hal_rcc.o"
#        "C:\Users\Kishan\OneDrive\Projects\Power
#        Supply\Software\power-supply\EWARM\power-supply\Obj\stm32f0xx_hal_rcc_ex.o"
#        "C:\Users\Kishan\OneDrive\Projects\Power
#        Supply\Software\power-supply\EWARM\power-supply\Obj\stm32f0xx_hal_rtc.o"
#        "C:\Users\Kishan\OneDrive\Projects\Power
#        Supply\Software\power-supply\EWARM\power-supply\Obj\stm32f0xx_hal_rtc_ex.o"
#        "C:\Users\Kishan\OneDrive\Projects\Power
#        Supply\Software\power-supply\EWARM\power-supply\Obj\stm32f0xx_hal_spi.o"
#        "C:\Users\Kishan\OneDrive\Projects\Power
#        Supply\Software\power-supply\EWARM\power-supply\Obj\stm32f0xx_hal_spi_ex.o"
#        "C:\Users\Kishan\OneDrive\Projects\Power
#        Supply\Software\power-supply\EWARM\power-supply\Obj\stm32f0xx_hal_tim.o"
#        "C:\Users\Kishan\OneDrive\Projects\Power
#        Supply\Software\power-supply\EWARM\power-supply\Obj\stm32f0xx_hal_tim_ex.o"
#        "C:\Users\Kishan\OneDrive\Projects\Power
#        Supply\Software\power-supply\EWARM\power-supply\Obj\stm32f0xx_hal_timebase_TIM.o"
#        "C:\Users\Kishan\OneDrive\Projects\Power
#        Supply\Software\power-supply\EWARM\power-supply\Obj\stm32f0xx_hal_uart.o"
#        "C:\Users\Kishan\OneDrive\Projects\Power
#        Supply\Software\power-supply\EWARM\power-supply\Obj\stm32f0xx_hal_uart_ex.o"
#        "C:\Users\Kishan\OneDrive\Projects\Power
#        Supply\Software\power-supply\EWARM\power-supply\Obj\stm32f0xx_hal_wwdg.o"
#        "C:\Users\Kishan\OneDrive\Projects\Power
#        Supply\Software\power-supply\EWARM\power-supply\Obj\stm32f0xx_it.o"
#        "C:\Users\Kishan\OneDrive\Projects\Power
#        Supply\Software\power-supply\EWARM\power-supply\Obj\system_state.o"
#        "C:\Users\Kishan\OneDrive\Projects\Power
#        Supply\Software\power-supply\EWARM\power-supply\Obj\system_stm32f0xx.o"
#        "C:\Users\Kishan\OneDrive\Projects\Power
#        Supply\Software\power-supply\EWARM\power-supply\Obj\uart.o"
#        "C:\Users\Kishan\OneDrive\Projects\Power
#        Supply\Software\power-supply\EWARM\power-supply\Obj\ui.o"
#        "C:\Users\Kishan\OneDrive\Projects\Power
#        Supply\Software\power-supply\EWARM\power-supply\Obj\ui_assets.o"
#        --redirect _Printf=_PrintfFull --scanf_multibytes -o
#        "C:\Users\Kishan\OneDrive\Projects\Power
#        Supply\Software\power-supply\EWARM\power-supply\Exe\power-supply.out"
#        --map "C:\Users\Kishan\OneDrive\Projects\Power
#        Supply\Software\power-supply\EWARM\power-supply\List\power-supply.map"
#        --config "C:\Users\Kishan\OneDrive\Projects\Power
#        Supply\Software\power-supply\EWARM/stm32f030x6_flash.icf"
#        --semihosting --entry __iar_program_start --vfe --text_out locale)
#
###############################################################################

*******************************************************************************
*** RUNTIME MODEL ATTRIBUTES
***

CppFlavor       = *
__SystemLibrary = DLib
__dlib_version  = 6


*******************************************************************************
*** HEAP SELECTION
***

The basic heap was selected because some modules are built with
size limitations (and not runtime checking), and --advanced_heap
was not specified.


*******************************************************************************
*** PLACEMENT SUMMARY
***

"A0":  place at 0x08000000 { ro section .intvec };
"P1":  place in [from 0x08000000 to 0x08007fff] { ro };
"P2":  place in [from 0x20000000 to 0x20000fff] { rw, block CSTACK, block HEAP };
initialize by copy { rw };

  Section            Kind        Address    Size  Object
  -------            ----        -------    ----  ------
"A0":                                       0xb0
  .intvec            ro code  0x08000000    0xb0  startup_stm32f030x6.o [1]
                            - 0x080000b0    0xb0

"P1":                                     0x7bee
  .text              ro code  0x080000b0   0xace  printf.o [1]
  .text              ro code  0x08000b7e    0xe0  I32DivModFast.o [5]
  .text              ro code  0x08000c5e    0x6a  I64DivMod.o [5]
  .text              ro code  0x08000cc8    0x32  DblCmpLe.o [4]
  .text              ro code  0x08000cfa    0x22  xsscin.o [3]
  .text              ro code  0x08000d1c    0x52  DblToI32.o [4]
  .text              ro code  0x08000d6e     0x2  startup_stm32f030x6.o [1]
  .text              ro code  0x08000d70    0x34  IxxToDbl.o [4]
  .text              ro code  0x08000da4   0x1a8  DblAddSub.o [4]
  .text              ro code  0x08000f4c   0x184  DblMul.o [4]
  .text              ro code  0x080010d0    0x32  DblCmpGe.o [4]
  .text              ro code  0x08001102    0x24  DblCmpEq.o [4]
  .text              ro code  0x08001126     0x2  startup_stm32f030x6.o [1]
  .text              ro code  0x08001128     0x2  IntDivZer.o [5]
  .text              ro code  0x0800112a     0x2  startup_stm32f030x6.o [1]
  .text              ro code  0x0800112c     0x2  I64DivZer.o [5]
  .text              ro code  0x0800112e     0x2  startup_stm32f030x6.o [1]
  .text              ro code  0x08001130   0x8ea  stm32f0xx_hal_uart.o [1]
  .text              ro code  0x08001a1a     0x2  startup_stm32f030x6.o [1]
  .text              ro code  0x08001a1c   0x2b0  stm32f0xx_hal_dma.o [1]
  .text              ro code  0x08001ccc     0x2  stm32f0xx_hal_uart.o [1]
  .text              ro code  0x08001cce     0x2  startup_stm32f030x6.o [1]
  .text              ro code  0x08001cd0   0x740  stm32f0xx_hal_rcc.o [1]
  .text              ro code  0x08002410   0x200  uart.o [1]
  .text              ro code  0x08002610     0x2  stm32f0xx_hal_uart.o [1]
  .text              ro code  0x08002612     0x2  stm32f0xx_hal_uart.o [1]
  .text              ro code  0x08002614     0x2  stm32f0xx_hal_uart.o [1]
  .text              ro code  0x08002616     0x2  startup_stm32f030x6.o [1]
  .text              ro code  0x08002618     0xc  stm32f0xx_hal.o [1]
  .text              ro code  0x08002624    0x98  stm32f0xx_hal_timebase_TIM.o [1]
  .text              ro code  0x080026bc    0x34  ABImemcpy.o [5]
  .text              ro code  0x080026f0   0x250  stm32f0xx_hal_gpio.o [1]
  .text              ro code  0x08002940   0x14c  stm32f0xx_hal_cortex.o [1]
  .text              ro code  0x08002a8c   0x83c  stm32f0xx_hal_tim.o [1]
  .text              ro code  0x080032c8    0x8c  interrupts.o [1]
  .text              ro code  0x08003354     0x2  stm32f0xx_hal_tim.o [1]
  .text              ro code  0x08003356     0x2  stm32f0xx_hal_tim.o [1]
  .text              ro code  0x08003358     0x2  stm32f0xx_hal_tim.o [1]
  .text              ro code  0x0800335a     0x2  stm32f0xx_hal_tim.o [1]
  .text              ro code  0x0800335c     0x2  stm32f0xx_hal_tim_ex.o [1]
  .text              ro code  0x0800335e     0x2  stm32f0xx_hal_tim.o [1]
  .text              ro code  0x08003360     0x2  stm32f0xx_hal_tim_ex.o [1]
  .text              ro code  0x08003362     0x2  startup_stm32f030x6.o [1]
  .text              ro code  0x08003364   0x140  buttons.o [1]
  .text              ro code  0x080034a4   0x1bc  encoder.o [1]
  .text              ro code  0x08003660    0x10  stm32f0xx_hal.o [1]
  .text              ro code  0x08003670   0x1b0  serial.o [1]
  .text              ro code  0x08003820   0x1ac  control.o [1]
  .text              ro code  0x080039cc   0x670  ui.o [1]
  .text              ro code  0x0800403c   0x170  system_state.o [1]
  .text              ro code  0x080041ac   0x22c  adc.o [1]
  .text              ro code  0x080043d8    0x28  sscanf.o [3]
  .text              ro code  0x08004400   0x244  pwm.o [1]
  .text              ro code  0x08004644   0x108  enable.o [1]
  .text              ro code  0x0800474c    0x50  ABImemset.o [5]
  .text              ro code  0x0800479c    0x1a  graphics.o [1]
  .text              ro code  0x080047b6     0x2  startup_stm32f030x6.o [1]
  .text              ro code  0x080047b8   0x548  lcd.o [1]
  .text              ro code  0x08004d00   0x552  stm32f0xx_hal_adc.o [1]
  .text              ro code  0x08005252     0x2  startup_stm32f030x6.o [1]
  .text              ro code  0x08005254   0x79c  xscanfsmall.o [3]
  .text              ro code  0x080059f0    0xec  stm32f0xx_hal_tim_ex.o [1]
  .text              ro code  0x08005adc   0x492  stm32f0xx_hal_spi.o [1]
  .text              ro code  0x08005f6e    0x20  stm32f0xx_hal.o [1]
  .text              ro code  0x08005f8e     0x2  stm32f0xx_hal_adc.o [1]
  .text              ro code  0x08005f90     0x2  stm32f0xx_hal_adc.o [1]
  .text              ro code  0x08005f92     0x2  stm32f0xx_hal_adc.o [1]
  .text              ro code  0x08005f94    0xcc  xlocale_c.o [3]
  .text              ro code  0x08006060    0x38  wctob.o [3]
  .text              ro code  0x08006098    0x12  isspace.o [3]
  .text              ro code  0x080060aa    0x16  strchr.o [5]
  .text              ro code  0x080060c0    0x48  xfail_s.o [3]
  .text              ro code  0x08006108    0x96  iar_Stolx.o [3]
  .text              ro code  0x0800619e     0x2  startup_stm32f030x6.o [1]
  .text              ro code  0x080061a0   0x180  iar_Stoulx.o [3]
  .text              ro code  0x08006320     0xa  abort.o [3]
  .text              ro code  0x0800632a    0x12  tolower.o [3]
  .text              ro code  0x0800633c    0x18  memchr.o [5]
  .text              ro code  0x08006354    0x14  exit.o [6]
  .rodata            const    0x08006368   0x338  ui_assets.o [1]
  .rodata            const    0x080066a0   0x318  ui_assets.o [1]
  .rodata            const    0x080069b8   0x314  ui_assets.o [1]
  .rodata            const    0x08006ccc   0x23c  ui_assets.o [1]
  .rodata            const    0x08006f08   0x238  ui_assets.o [1]
  .rodata            const    0x08007140   0x1bc  ui_assets.o [1]
  .rodata            const    0x080072fc   0x158  lcd.o [1]
  .text              ro code  0x08007454   0x144  stm32f0xx_hal_rcc_ex.o [1]
  .text              ro code  0x08007598   0x100  stm32f0xx_it.o [1]
  .text              ro code  0x08007698    0xfc  main.o [1]
  .text              ro code  0x08007794    0x20  stm32f0xx_hal.o [1]
  .text              ro code  0x080077b4    0x48  stm32f0xx_hal_msp.o [1]
  .text              ro code  0x080077fc    0x94  system_stm32f0xx.o [1]
  .text              ro code  0x08007890    0x82  lz77_init_single.o [5]
  .text              ro code  0x08007912     0x2  startup_stm32f030x6.o [1]
  .rodata            const    0x08007914    0x50  main.o [1]
  .rodata            const    0x08007964    0x3c  serial.o [1]
  .rodata            const    0x080079a0    0x50  printf.o [1]
  .text              ro code  0x080079f0    0x40  zero_init3.o [5]
  .text              ro code  0x08007a30    0x28  data_init.o [5]
  .text              ro code  0x08007a58    0x24  xencoding_8859_1.o [3]
  .iar.init_table    const    0x08007a7c    0x20  - Linker created -
  .rodata            const    0x08007a9c    0x1c  encoder.o [1]
  .text              ro code  0x08007ab8    0x1a  cmain.o [5]
  .text              ro code  0x08007ad2     0x4  low_level_init.o [3]
  .text              ro code  0x08007ad6     0x8  exit.o [3]
  .text              ro code  0x08007ade     0x2  startup_stm32f030x6.o [1]
  .text              ro code  0x08007ae0     0xa  cexit.o [5]
  .text              ro code  0x08007aea     0x2  startup_stm32f030x6.o [1]
  .rodata            const    0x08007aec    0x18  adc.o [1]
  .rodata            const    0x08007b04    0x14  serial.o [1]
  .rodata            const    0x08007b18    0x14  serial.o [1]
  .rodata            const    0x08007b2c    0x10  stm32f0xx_hal_rcc.o [1]
  .rodata            const    0x08007b3c    0x10  stm32f0xx_hal_rcc.o [1]
  .rodata            const    0x08007b4c    0x10  system_stm32f0xx.o [1]
  .text              ro code  0x08007b5c    0x10  startup_stm32f030x6.o [1]
  .rodata            const    0x08007b6c     0xc  serial.o [1]
  .text              ro code  0x08007b78     0xc  cstartup_M.o [5]
  .rodata            const    0x08007b84     0x8  system_stm32f0xx.o [1]
  .rodata            const    0x08007b8c     0x8  ui.o [1]
  .rodata            const    0x08007b94     0x8  ui.o [1]
  .rodata            const    0x08007b9c     0x2  xlocale_c.o [3]
  .text              ro code  0x08007b9e     0x2  startup_stm32f030x6.o [1]
  .rodata            const    0x08007ba0     0x0  zero_init3.o [5]
  .rodata            const    0x08007ba0     0x0  lz77_init_single.o [5]
  Initializer bytes  const    0x08007ba0    0xfe  <for P2-1>
                            - 0x08007c9e  0x7bee

"P2", part 1 of 3:                         0x40f
  P2-1                        0x20000000   0x40f  <Init block>
    .data            inited   0x20000000     0x4  system_stm32f0xx.o [1]
    .data            inited   0x20000004    0x38  ui_assets.o [1]
    .data            inited   0x2000003c    0x38  ui_assets.o [1]
    .data            inited   0x20000074    0x38  ui_assets.o [1]
    .data            inited   0x200000ac    0x38  ui_assets.o [1]
    .data            inited   0x200000e4    0x38  ui_assets.o [1]
    .data            inited   0x2000011c    0x38  ui_assets.o [1]
    .data            inited   0x20000154    0x38  ui_assets.o [1]
    .data            inited   0x2000018c    0x38  ui_assets.o [1]
    .data            inited   0x200001c4    0x38  ui_assets.o [1]
    .data            inited   0x200001fc    0x38  ui_assets.o [1]
    .data            inited   0x20000234    0x28  ui_assets.o [1]
    .data            inited   0x2000025c    0x28  ui_assets.o [1]
    .data            inited   0x20000284    0x28  ui_assets.o [1]
    .data            inited   0x200002ac    0x28  ui_assets.o [1]
    .data            inited   0x200002d4    0x28  ui_assets.o [1]
    .data            inited   0x200002fc    0x28  ui_assets.o [1]
    .data            inited   0x20000324    0x28  ui_assets.o [1]
    .data            inited   0x2000034c    0x28  ui_assets.o [1]
    .data            inited   0x20000374    0x28  ui_assets.o [1]
    .data            inited   0x2000039c    0x28  ui_assets.o [1]
    .data            inited   0x200003c4    0x48  xlocale_c.o [3]
    .data            inited   0x2000040c     0x2  encoder.o [1]
    .data            inited   0x2000040e     0x1  uart.o [1]
                            - 0x2000040f   0x40f

"P2", part 2 of 3:                         0x400
  CSTACK                      0x20000410   0x400  <Block>
    CSTACK           uninit   0x20000410   0x400  <Block tail>
                            - 0x20000810   0x400

"P2", part 3 of 3:                         0x3ec
  .bss               zero     0x20000810    0x70  uart.o [1]
  .bss               zero     0x20000880    0x64  lcd.o [1]
  .bss               zero     0x200008e4    0x4c  adc.o [1]
  .bss               zero     0x20000930    0x44  adc.o [1]
  .bss               zero     0x20000974    0x44  uart.o [1]
  .bss               zero     0x200009b8    0x44  uart.o [1]
  .bss               zero     0x200009fc    0x40  control.o [1]
  .bss               zero     0x20000a3c    0x40  pwm.o [1]
  .bss               zero     0x20000a7c    0x40  serial.o [1]
  .bss               zero     0x20000abc    0x40  serial.o [1]
  .bss               zero     0x20000afc    0x40  stm32f0xx_hal_timebase_TIM.o [1]
  .bss               zero     0x20000b3c    0x40  ui.o [1]
  .bss               zero     0x20000b7c    0x1c  pwm.o [1]
  .bss               zero     0x20000b98    0x10  adc.o [1]
  .bss               zero     0x20000ba8    0x10  serial.o [1]
  .bss               zero     0x20000bb8     0x8  system_state.o [1]
  .bss               zero     0x20000bc0     0x8  ui.o [1]
  .bss               zero     0x20000bc8     0x4  stm32f0xx_hal.o [1]
  .bss               zero     0x20000bcc     0x4  system_state.o [1]
  .bss               zero     0x20000bd0     0x4  system_state.o [1]
  .bss               zero     0x20000bd4     0x4  system_state.o [1]
  .bss               zero     0x20000bd8     0x4  xfail_s.o [3]
  .bss               zero     0x20000bdc     0x2  control.o [1]
  .bss               zero     0x20000bde     0x2  control.o [1]
  .bss               zero     0x20000be0     0x2  control.o [1]
  .bss               zero     0x20000be2     0x2  encoder.o [1]
  .bss               zero     0x20000be4     0x2  ui.o [1]
  .bss               zero     0x20000be6     0x2  ui.o [1]
  .bss               zero     0x20000be8     0x2  ui.o [1]
  .bss               zero     0x20000bea     0x2  ui.o [1]
  .bss               zero     0x20000bec     0x1  buttons.o [1]
  .bss               zero     0x20000bed     0x1  buttons.o [1]
  .bss               zero     0x20000bee     0x1  encoder.o [1]
  .bss               zero     0x20000bef     0x1  stm32f0xx_it.o [1]
  .bss               zero     0x20000bf0     0x1  stm32f0xx_it.o [1]
  .bss               zero     0x20000bf1     0x1  stm32f0xx_it.o [1]
  .bss               zero     0x20000bf2     0x1  stm32f0xx_it.o [1]
  .bss               zero     0x20000bf3     0x1  system_state.o [1]
  .bss               zero     0x20000bf4     0x1  system_state.o [1]
  .bss               zero     0x20000bf5     0x1  system_state.o [1]
  .bss               zero     0x20000bf6     0x1  system_state.o [1]
  .bss               zero     0x20000bf7     0x1  system_state.o [1]
  .bss               zero     0x20000bf8     0x1  ui.o [1]
                            - 0x20000bf9   0x3e9


*******************************************************************************
*** INIT TABLE
***

          Address     Size
          -------     ----
Zero (__iar_zero_init3)
    1 destination range, total size 0x3e9:
          0x20000810  0x3e9

Copy/lz77 (__iar_lz77_init_single3)
    1 source range, total size 0xfe (24% of destination):
          0x08007ba0   0xfe
    1 destination range, total size 0x40f:
          0x20000000  0x40f



*******************************************************************************
*** MODULE SUMMARY
***

    Module                        ro code  ro data  rw data
    ------                        -------  -------  -------
C:\Users\Kishan\OneDrive\Projects\Power Supply\Software\power-supply\EWARM\power-supply\Obj: [1]
    adc.o                             556       24      160
    buttons.o                         320                 2
    control.o                         428                70
    enable.o                          264
    encoder.o                         444       28        5
    graphics.o                         26
    interrupts.o                      140
    lcd.o                           1 352      344      100
    main.o                            252       80
    printf.o                        2 766       80
    pwm.o                             580                92
    serial.o                          432      112      144
    startup_stm32f030x6.o             222
    stm32f0xx_hal.o                    92                 4
    stm32f0xx_hal_adc.o             1 368
    stm32f0xx_hal_cortex.o            332
    stm32f0xx_hal_dma.o               688
    stm32f0xx_hal_gpio.o              592
    stm32f0xx_hal_msp.o                72
    stm32f0xx_hal_rcc.o             1 856       32
    stm32f0xx_hal_rcc_ex.o            324
    stm32f0xx_hal_spi.o             1 170
    stm32f0xx_hal_tim.o             2 118
    stm32f0xx_hal_tim_ex.o            240
    stm32f0xx_hal_timebase_TIM.o      152                64
    stm32f0xx_hal_uart.o            2 290
    stm32f0xx_it.o                    256                 4
    system_state.o                    368                25
    system_stm32f0xx.o                148       24        4
    uart.o                            512        1      249
    ui.o                            1 648       16       81
    ui_assets.o                              4 223      960
    -------------------------------------------------------
    Total:                         22 008    4 964    1 964

command line: [2]
    -------------------------------------------------------
    Total:

dl6M_tlf.a: [3]
    abort.o                            10
    exit.o                              8
    iar_Stolx.o                       150
    iar_Stoulx.o                      384
    isspace.o                          18
    low_level_init.o                    4
    sscanf.o                           40
    tolower.o                          18
    wctob.o                            56
    xencoding_8859_1.o                 36
    xfail_s.o                          72                 4
    xlocale_c.o                       204       20       72
    xscanfsmall.o                   1 948
    xsscin.o                           34
    -------------------------------------------------------
    Total:                          2 982       20       76

m6M_tl.a: [4]
    DblAddSub.o                       424
    DblCmpEq.o                         36
    DblCmpGe.o                         50
    DblCmpLe.o                         50
    DblMul.o                          388
    DblToI32.o                         82
    IxxToDbl.o                         52
    -------------------------------------------------------
    Total:                          1 082

rt6M_tl.a: [5]
    ABImemcpy.o                        52
    ABImemset.o                        80
    I32DivModFast.o                   224
    I64DivMod.o                       106
    I64DivZer.o                         2
    IntDivZer.o                         2
    cexit.o                            10
    cmain.o                            26
    cstartup_M.o                       12
    data_init.o                        40
    lz77_init_single.o                130
    memchr.o                           24
    strchr.o                           22
    zero_init3.o                       64
    -------------------------------------------------------
    Total:                            794

shb_l.a: [6]
    exit.o                             20
    -------------------------------------------------------
    Total:                             20

    Linker created                              32    1 024
-----------------------------------------------------------
    Grand Total:                   26 886    5 016    3 064


*******************************************************************************
*** ENTRY LIST
***

Entry                      Address   Size  Type      Object
-----                      -------   ----  ----      ------
.iar.init_table$$Base   0x08007a7c          --   Gb  - Linker created -
.iar.init_table$$Limit  0x08007a9c          --   Gb  - Linker created -
?main                   0x08007ab9         Code  Gb  cmain.o [5]
ADC_DMAConvCplt         0x080051a1   0x7a  Code  Lc  stm32f0xx_hal_adc.o [1]
ADC_DMAError            0x08005233   0x1e  Code  Lc  stm32f0xx_hal_adc.o [1]
ADC_DMAHalfConvCplt     0x08005225    0xe  Code  Lc  stm32f0xx_hal_adc.o [1]
ADC_Enable              0x080050e9   0xa6  Code  Lc  stm32f0xx_hal_adc.o [1]
ADC_GPIO_Init           0x0800424b   0x3a  Code  Lc  adc.o [1]
ADC_Handle              0x200008e4   0x4c  Data  Gb  adc.o [1]
ADC_Init                0x08004285  0x134  Code  Gb  adc.o [1]
ADC_PrintReadings       0x0800420f   0x3c  Code  Gb  adc.o [1]
ADC_getReading          0x080041ad   0x62  Code  Gb  adc.o [1]
AHBPrescTable           0x08007b4c   0x10  Data  Gb  system_stm32f0xx.o [1]
APBPrescTable           0x08007b84    0x8  Data  Gb  system_stm32f0xx.o [1]
A_18                    0x08006f08  0x238  Data  Gb  ui_assets.o [1]
A_25                    0x08006368  0x338  Data  Gb  ui_assets.o [1]
Buttons_DebounceTimerCallback
                        0x08003423   0x6c  Code  Gb  buttons.o [1]
Buttons_IRQ_Callback    0x080033ff   0x24  Code  Gb  buttons.o [1]
Buttons_Init            0x0800337b   0x84  Code  Gb  buttons.o [1]
CSTACK$$Base            0x20000410          --   Gb  - Linker created -
CSTACK$$Limit           0x20000810          --   Gb  - Linker created -
CacheMore               0x08005fc5   0x28  Code  Lc  xlocale_c.o [3]
ControlTimerHandle      0x200009fc   0x40  Data  Gb  control.o [1]
Control_Init            0x08003847   0x12  Code  Gb  control.o [1]
Control_Task            0x08003821   0x26  Code  Gb  control.o [1]
Control_TimerCallback   0x080038cd    0x8  Code  Gb  control.o [1]
Control_TimerInit       0x08003859   0x74  Code  Lc  control.o [1]
DMA1_Channel4_5_IRQHandler
                        0x080075d3   0x14  Code  Gb  stm32f0xx_it.o [1]
DMA_ADC_Handle          0x20000930   0x44  Data  Gb  adc.o [1]
DMA_CalcBaseAndBitshift
                        0x08001ca7   0x1a  Code  Lc  stm32f0xx_hal_dma.o [1]
DMA_SetConfig           0x08001c7d   0x2a  Code  Lc  stm32f0xx_hal_dma.o [1]
DebounceTime_Inc        0x0800336b   0x10  Code  Gb  buttons.o [1]
DebugTimerHandle        0x20000a7c   0x40  Data  Gb  serial.o [1]
Debug_TimerInit         0x0800368b   0x78  Code  Lc  serial.o [1]
EXTI4_15_IRQHandler     0x080075e7   0x88  Code  Gb  stm32f0xx_it.o [1]
EXTI4_15_IRQHandler::Sw1
                        0x20000bf2    0x1  Data  Lc  stm32f0xx_it.o [1]
EXTI4_15_IRQHandler::encSw
                        0x20000bf1    0x1  Data  Lc  stm32f0xx_it.o [1]
EXTI4_15_IRQHandler::pinA
                        0x20000bef    0x1  Data  Lc  stm32f0xx_it.o [1]
EXTI4_15_IRQHandler::pinB
                        0x20000bf0    0x1  Data  Lc  stm32f0xx_it.o [1]
Enable_Bklight          0x08004739   0x14  Code  Gb  enable.o [1]
Enable_Init             0x08004645   0xa6  Code  Gb  enable.o [1]
Enable_Output           0x080046eb   0x30  Code  Gb  enable.o [1]
Enable_VSW              0x0800471b   0x14  Code  Gb  enable.o [1]
Encoder_IRQ_Callback    0x08003527   0xd8  Code  Gb  encoder.o [1]
Encoder_IRQ_Callback::encoderCurrent
                        0x2000040c    0x2  Data  Lc  encoder.o [1]
Encoder_IRQ_Callback::encoderVoltage
                        0x20000be2    0x2  Data  Lc  encoder.o [1]
Encoder_Init            0x080034a5   0x82  Code  Gb  encoder.o [1]
Encoder_Process         0x080035ff   0x44  Code  Lc  encoder.o [1]
Get_DebounceTimerFlag   0x08003365    0x6  Code  Gb  buttons.o [1]
Get_DesiredCurrent      0x0800408b    0xe  Code  Gb  system_state.o [1]
Get_DesiredVoltage      0x0800407d    0xe  Code  Gb  system_state.o [1]
Get_EncoderCurrent      0x0800405f    0x6  Code  Gb  system_state.o [1]
Get_EncoderSwitchState  0x08004071    0x6  Code  Gb  system_state.o [1]
Get_EncoderVoltage      0x08004059    0x6  Code  Gb  system_state.o [1]
Get_OutputCurrent       0x080040ab    0x6  Code  Gb  system_state.o [1]
Get_OutputSwState       0x08004099    0x6  Code  Gb  system_state.o [1]
Get_OutputVoltage       0x080040a5    0x6  Code  Gb  system_state.o [1]
HAL_ADC_ConfigChannel   0x08004f81  0x168  Code  Gb  stm32f0xx_hal_adc.o [1]
HAL_ADC_Init            0x08004d01  0x1ba  Code  Gb  stm32f0xx_hal_adc.o [1]
HAL_ADC_Start_DMA       0x08004ec9   0xa8  Code  Gb  stm32f0xx_hal_adc.o [1]
HAL_DMA_Abort           0x08001b1d   0x34  Code  Gb  stm32f0xx_hal_dma.o [1]
HAL_DMA_Abort_IT        0x08001b51   0x58  Code  Gb  stm32f0xx_hal_dma.o [1]
HAL_DMA_IRQHandler      0x08001ba9   0xd4  Code  Gb  stm32f0xx_hal_dma.o [1]
HAL_DMA_Init            0x08001a1d   0x6c  Code  Gb  stm32f0xx_hal_dma.o [1]
HAL_DMA_Start_IT        0x08001a8d   0x90  Code  Gb  stm32f0xx_hal_dma.o [1]
HAL_Delay               0x08005f6f   0x20  Code  Wk  stm32f0xx_hal.o [1]
HAL_GPIO_EXTI_Callback  0x080032c9   0x32  Code  Gb  interrupts.o [1]
HAL_GPIO_EXTI_IRQHandler
                        0x080028f7   0x20  Code  Gb  stm32f0xx_hal_gpio.o [1]
HAL_GPIO_Init           0x080026f1  0x1d6  Code  Gb  stm32f0xx_hal_gpio.o [1]
HAL_GPIO_ReadPin        0x080028c7   0x1c  Code  Gb  stm32f0xx_hal_gpio.o [1]
HAL_GPIO_WritePin       0x080028e3   0x14  Code  Gb  stm32f0xx_hal_gpio.o [1]
HAL_GetTick             0x08002619    0xc  Code  Wk  stm32f0xx_hal.o [1]
HAL_IncTick             0x08003661   0x10  Code  Wk  stm32f0xx_hal.o [1]
HAL_Init                0x08007795   0x1c  Code  Gb  stm32f0xx_hal.o [1]
HAL_InitTick            0x08002625   0x84  Code  Gb  stm32f0xx_hal_timebase_TIM.o [1]
HAL_MspInit             0x080077b5   0x48  Code  Gb  stm32f0xx_hal_msp.o [1]
HAL_NVIC_DisableIRQ     0x08002a39    0xe  Code  Gb  stm32f0xx_hal_cortex.o [1]
HAL_NVIC_EnableIRQ      0x08002a2b    0xe  Code  Gb  stm32f0xx_hal_cortex.o [1]
HAL_NVIC_SetPriority    0x08002a17   0x14  Code  Gb  stm32f0xx_hal_cortex.o [1]
HAL_RCCEx_PeriphCLKConfig
                        0x08007455  0x122  Code  Gb  stm32f0xx_hal_rcc_ex.o [1]
HAL_RCC_ClockConfig     0x08002199  0x15e  Code  Gb  stm32f0xx_hal_rcc.o [1]
HAL_RCC_GetClockConfig  0x080023b1   0x32  Code  Gb  stm32f0xx_hal_rcc.o [1]
HAL_RCC_GetHCLKFreq     0x0800238b    0x6  Code  Gb  stm32f0xx_hal_rcc.o [1]
HAL_RCC_GetPCLK1Freq    0x08002391   0x18  Code  Gb  stm32f0xx_hal_rcc.o [1]
HAL_RCC_GetSysClockFreq
                        0x0800230d   0x7e  Code  Gb  stm32f0xx_hal_rcc.o [1]
HAL_RCC_OscConfig       0x08001cd1  0x4aa  Code  Gb  stm32f0xx_hal_rcc.o [1]
HAL_SPI_Init            0x08005add   0xda  Code  Gb  stm32f0xx_hal_spi.o [1]
HAL_SPI_Transmit        0x08005bb7  0x1e0  Code  Gb  stm32f0xx_hal_spi.o [1]
HAL_SYSTICK_CLKSourceConfig
                        0x08002a4f   0x22  Code  Gb  stm32f0xx_hal_cortex.o [1]
HAL_SYSTICK_Config      0x08002a47    0x8  Code  Gb  stm32f0xx_hal_cortex.o [1]
HAL_TIMEx_BreakCallback
                        0x0800335d    0x2  Code  Wk  stm32f0xx_hal_tim_ex.o [1]
HAL_TIMEx_CommutationCallback
                        0x08003361    0x2  Code  Wk  stm32f0xx_hal_tim_ex.o [1]
HAL_TIMEx_ConfigBreakDeadTime
                        0x08005a4d   0x74  Code  Gb  stm32f0xx_hal_tim_ex.o [1]
HAL_TIMEx_MasterConfigSynchronization
                        0x080059f1   0x5c  Code  Gb  stm32f0xx_hal_tim_ex.o [1]
HAL_TIM_Base_Init       0x08002a8d   0x38  Code  Gb  stm32f0xx_hal_tim.o [1]
HAL_TIM_Base_Start_IT   0x08002ac5   0x1e  Code  Gb  stm32f0xx_hal_tim.o [1]
HAL_TIM_ConfigClockSource
                        0x08002e09  0x128  Code  Gb  stm32f0xx_hal_tim.o [1]
HAL_TIM_IRQHandler      0x08002b7d  0x182  Code  Gb  stm32f0xx_hal_tim.o [1]
HAL_TIM_PWM_ConfigChannel
                        0x08002cff  0x104  Code  Gb  stm32f0xx_hal_tim.o [1]
HAL_TIM_PWM_Init        0x08002ae3   0x38  Code  Gb  stm32f0xx_hal_tim.o [1]
HAL_TIM_PWM_Start       0x08002b1b   0x52  Code  Gb  stm32f0xx_hal_tim.o [1]
HAL_TIM_PeriodElapsedCallback
                        0x080032fb   0x4a  Code  Gb  interrupts.o [1]
HAL_UART_AbortReceive   0x08001325   0x58  Code  Gb  stm32f0xx_hal_uart.o [1]
HAL_UART_IRQHandler     0x0800138d  0x138  Code  Gb  stm32f0xx_hal_uart.o [1]
HAL_UART_Init           0x08001131   0x7e  Code  Gb  stm32f0xx_hal_uart.o [1]
HAL_UART_Receive_DMA    0x0800125f   0xb8  Code  Gb  stm32f0xx_hal_uart.o [1]
HAL_UART_Transmit_DMA   0x080011b5   0xa8  Code  Gb  stm32f0xx_hal_uart.o [1]
HAL_UART_TxCpltCallback
                        0x08002593    0x8  Code  Gb  uart.o [1]
HardFault_Handler       0x0800759b    0x4  Code  Gb  stm32f0xx_it.o [1]
LCD_FillRectangle       0x08004c15   0x64  Code  Gb  lcd.o [1]
LCD_GPIO_Pins_Init      0x080047b9  0x108  Code  Lc  lcd.o [1]
LCD_Init                0x08004925   0x8c  Code  Gb  lcd.o [1]
LCD_InitArray           0x080072fc  0x158  Data  Lc  lcd.o [1]
LCD_SPI_Init            0x080048c1   0x64  Code  Lc  lcd.o [1]
LCD_SendCommand         0x08004ca1   0x2c  Code  Lc  lcd.o [1]
LCD_SendData            0x08004ccd   0x2c  Code  Lc  lcd.o [1]
LCD_SendImage           0x08004a0b   0xa0  Code  Gb  lcd.o [1]
LCD_SendImageColoured   0x08004ab1   0xac  Code  Gb  lcd.o [1]
LCD_SendMonoImage       0x08004b69   0xa8  Code  Gb  lcd.o [1]
LCD_SetAddrWindow       0x080049b1   0x5a  Code  Gb  lcd.o [1]
NMI_Handler             0x08007599    0x2  Code  Gb  stm32f0xx_it.o [1]
NVIC_DisableIRQ         0x0800294f    0xe  Code  Lc  stm32f0xx_hal_cortex.o [1]
NVIC_EnableIRQ          0x08002941    0xe  Code  Lc  stm32f0xx_hal_cortex.o [1]
NVIC_SetPriority        0x0800295d   0x88  Code  Lc  stm32f0xx_hal_cortex.o [1]
PWM_Init                0x08004401  0x1c2  Code  Gb  pwm.o [1]
PWM_setDuty             0x080045c3   0x66  Code  Gb  pwm.o [1]
ProcessCommand          0x08003721   0xd4  Code  Lc  serial.o [1]
Region$$Table$$Base     0x08007a7c          --   Gb  - Linker created -
Region$$Table$$Limit    0x08007a9c          --   Gb  - Linker created -
RxBuffer                0x20000ba8   0x10  Data  Gb  serial.o [1]
SPI_EndRxTxTransaction  0x08005f01   0x6c  Code  Lc  stm32f0xx_hal_spi.o [1]
SPI_Handle              0x20000880   0x64  Data  Gb  lcd.o [1]
SPI_WaitFifoStateUntilTimeout
                        0x08005e45   0xb6  Code  Lc  stm32f0xx_hal_spi.o [1]
SPI_WaitFlagStateUntilTimeout
                        0x08005da1   0xa4  Code  Lc  stm32f0xx_hal_spi.o [1]
SPI_Write               0x08004c8b   0x12  Code  Lc  lcd.o [1]
SerialDebug_Init        0x08003703   0x16  Code  Gb  serial.o [1]
Serial_DebugTimerCallback
                        0x08003719    0x8  Code  Gb  serial.o [1]
Serial_Task             0x08003671   0x1a  Code  Gb  serial.o [1]
SetCurrentLimit         0x080038ef   0x2a  Code  Lc  control.o [1]
SetCurrentLimit::pwmValueCurrent
                        0x20000bdc    0x2  Data  Lc  control.o [1]
SetOutputSw             0x080038d5   0x1a  Code  Lc  control.o [1]
SetOutputVoltage        0x08003919   0x86  Code  Lc  control.o [1]
SetOutputVoltage::pwmVsetVoltage
                        0x20000bde    0x2  Data  Lc  control.o [1]
SetOutputVoltage::pwmVswVoltage
                        0x20000be0    0x2  Data  Lc  control.o [1]
Set_EncoderCurrent      0x0800406b    0x6  Code  Gb  system_state.o [1]
Set_EncoderSwitchState  0x08004077    0x6  Code  Gb  system_state.o [1]
Set_EncoderVoltage      0x08004065    0x6  Code  Gb  system_state.o [1]
Set_OutputSwState       0x0800409f    0x6  Code  Gb  system_state.o [1]
State_ControlTask       0x20000bf5    0x1  Data  Gb  system_state.o [1]
State_EncoderSw         0x20000bf3    0x1  Data  Lc  system_state.o [1]
State_EncoderVal        0x20000bcc    0x4  Data  Lc  system_state.o [1]
State_MeasuredVal       0x20000bb8    0x8  Data  Lc  system_state.o [1]
State_OutputSw          0x20000bf4    0x1  Data  Lc  system_state.o [1]
State_SerialTask        0x20000bf7    0x1  Data  Gb  system_state.o [1]
State_UITask            0x20000bf6    0x1  Data  Gb  system_state.o [1]
SysTick_Config          0x080029e5   0x32  Code  Lc  stm32f0xx_hal_cortex.o [1]
SysTick_Handler         0x0800759f    0x2  Code  Gb  stm32f0xx_it.o [1]
SystemClock_Config      0x080076dd   0xaa  Code  Gb  main.o [1]
SystemCoreClock         0x20000000    0x4  Data  Gb  system_stm32f0xx.o [1]
SystemInit              0x080077fd   0x68  Code  Gb  system_stm32f0xx.o [1]
SystemState_Init        0x0800403d   0x1c  Code  Gb  system_state.o [1]
TIM14_IRQHandler        0x080075bf    0xa  Code  Gb  stm32f0xx_it.o [1]
TIM16_IRQHandler        0x080075ab    0xa  Code  Gb  stm32f0xx_it.o [1]
TIM17_IRQHandler        0x080075a1    0xa  Code  Gb  stm32f0xx_it.o [1]
TIM1_Handle             0x20000a3c   0x40  Data  Gb  pwm.o [1]
TIM3_IRQHandler         0x080075b5    0xa  Code  Gb  stm32f0xx_it.o [1]
TIM_Base_SetConfig      0x08002f35   0x78  Code  Gb  stm32f0xx_hal_tim.o [1]
TIM_CCxChannelCmd       0x080032a9   0x1e  Code  Gb  stm32f0xx_hal_tim.o [1]
TIM_ETR_SetConfig       0x0800326d   0x20  Code  Gb  stm32f0xx_hal_tim.o [1]
TIM_ITRx_SetConfig      0x08003255   0x18  Code  Lc  stm32f0xx_hal_tim.o [1]
TIM_OC1_SetConfig       0x08002fad   0x8a  Code  Lc  stm32f0xx_hal_tim.o [1]
TIM_OC2_SetConfig       0x08003037   0x8e  Code  Gb  stm32f0xx_hal_tim.o [1]
TIM_OC3_SetConfig       0x080030c5   0x8e  Code  Lc  stm32f0xx_hal_tim.o [1]
TIM_OC4_SetConfig       0x08003165   0x6c  Code  Lc  stm32f0xx_hal_tim.o [1]
TIM_TI1_ConfigInputStage
                        0x080031e9   0x2e  Code  Lc  stm32f0xx_hal_tim.o [1]
TIM_TI2_ConfigInputStage
                        0x08003217   0x34  Code  Lc  stm32f0xx_hal_tim.o [1]
UART_AdvFeatureConfig   0x08001673   0xde  Code  Gb  stm32f0xx_hal_uart.o [1]
UART_CheckIdleState     0x0800175d   0x1c  Code  Gb  stm32f0xx_hal_uart.o [1]
UART_DMAAbortOnError    0x080018cd   0x1a  Code  Lc  stm32f0xx_hal_uart.o [1]
UART_DMAError           0x0800187f   0x4e  Code  Lc  stm32f0xx_hal_uart.o [1]
UART_DMAReceiveCplt     0x080017fd   0x46  Code  Lc  stm32f0xx_hal_uart.o [1]
UART_DMARxHalfCplt      0x08001871    0xe  Code  Lc  stm32f0xx_hal_uart.o [1]
UART_DMATransmitCplt    0x080017b9   0x36  Code  Lc  stm32f0xx_hal_uart.o [1]
UART_DMATxHalfCplt      0x080017ef    0xe  Code  Lc  stm32f0xx_hal_uart.o [1]
UART_EndRxTransfer      0x08001795   0x20  Code  Lc  stm32f0xx_hal_uart.o [1]
UART_EndTransmit_IT     0x0800195b   0x20  Code  Gb  stm32f0xx_hal_uart.o [1]
UART_EndTxTransfer      0x08001781   0x14  Code  Lc  stm32f0xx_hal_uart.o [1]
UART_Handle             0x20000810   0x70  Data  Gb  uart.o [1]
UART_Init               0x08002411  0x182  Code  Gb  uart.o [1]
UART_Init::DMARX_Handle
                        0x200009b8   0x44  Data  Lc  uart.o [1]
UART_Init::DMATX_Handle
                        0x20000974   0x44  Data  Lc  uart.o [1]
UART_Print              0x0800259b   0x26  Code  Gb  uart.o [1]
UART_Receive_DMA_Start  0x080025cb   0x16  Code  Gb  uart.o [1]
UART_Receive_DMA_Stop   0x080025c1    0xa  Code  Gb  uart.o [1]
UART_Receive_IT         0x0800197b   0x92  Code  Gb  stm32f0xx_hal_uart.o [1]
UART_SetConfig          0x080014c9  0x1aa  Code  Gb  stm32f0xx_hal_uart.o [1]
UART_Transmit_IT        0x080018e7   0x74  Code  Gb  stm32f0xx_hal_uart.o [1]
UART_TxComplete         0x2000040e    0x1  Data  Gb  uart.o [1]
UI_Init                 0x080039cd  0x14a  Code  Gb  ui.o [1]
UI_OutputState          0x20000bf8    0x1  Data  Gb  ui.o [1]
UI_Task                 0x08003b17   0xd6  Code  Gb  ui.o [1]
UI_Task::ui_actualCurrent
                        0x20000bea    0x2  Data  Lc  ui.o [1]
UI_Task::ui_actualVoltage
                        0x20000be8    0x2  Data  Lc  ui.o [1]
UI_Task::ui_desiredCurrent
                        0x20000be6    0x2  Data  Lc  ui.o [1]
UI_Task::ui_desiredVoltage
                        0x20000be4    0x2  Data  Lc  ui.o [1]
UI_TimerCallback        0x08003c65    0x8  Code  Gb  ui.o [1]
UI_TimerHandle          0x20000b3c   0x40  Data  Gb  ui.o [1]
UI_TimerInit            0x08003bed   0x78  Code  Lc  ui.o [1]
USART1_IRQHandler       0x080075c9    0xa  Code  Gb  stm32f0xx_it.o [1]
Update_OutputCurrent    0x08004135   0x56  Code  Gb  system_state.o [1]
Update_OutputCurrent::adcValueFiltI
                        0x20000bd4    0x4  Data  Lc  system_state.o [1]
Update_OutputVoltage    0x080040b1   0x84  Code  Gb  system_state.o [1]
Update_OutputVoltage::adcValueFilt
                        0x20000bd0    0x4  Data  Lc  system_state.o [1]
V_18                    0x08006ccc  0x23c  Data  Gb  ui_assets.o [1]
V_25                    0x080069b8  0x314  Data  Gb  ui_assets.o [1]
_Encoding_8859_1_Mbrlen
                        0x08007a71    0x2  Code  Gb  xencoding_8859_1.o [3]
_Encoding_8859_1_Mbtowc
                        0x08007a69    0x8  Code  Gb  xencoding_8859_1.o [3]
_Encoding_8859_1_Wctomb
                        0x08007a59   0x10  Code  Gb  xencoding_8859_1.o [3]
_Error_Handler          0x08007791    0x4  Code  Gb  main.o [1]
_GetN                   0x08005255   0x26  Code  Lc  xscanfsmall.o [3]
_GetintSmall            0x0800578d  0x240  Code  Lc  xscanfsmall.o [3]
_GetstrSmall            0x08005519  0x1fc  Code  Lc  xscanfsmall.o [3]
_LocaleC_isspace        0x08005fa1   0x14  Code  Gb  xlocale_c.o [3]
_LocaleC_isupper        0x08005f95    0x2  Code  Gb  xlocale_c.o [3]
_LocaleC_tolower        0x08005fb5    0xc  Code  Gb  xlocale_c.o [3]
_SScin                  0x08000cfb   0x22  Code  Gb  xsscin.o [3]
_ScanfSmall             0x08005299  0x264  Code  Gb  xscanfsmall.o [3]
_UngetN                 0x0800527b   0x1e  Code  Lc  xscanfsmall.o [3]
__ICFEDIT_region_RAM_end__ {Abs}
                        0x20000fff         Data  Gb  command line/config [2]
__ICFEDIT_region_RAM_start__ {Abs}
                        0x20000000         Data  Gb  command line/config [2]
__aeabi_cdcmpeq         0x08001103         Code  Gb  DblCmpEq.o [4]
__aeabi_cdcmple         0x08000cc9         Code  Gb  DblCmpLe.o [4]
__aeabi_cdrcmple        0x080010d1         Code  Gb  DblCmpGe.o [4]
__aeabi_d2iz            0x08000d1d         Code  Gb  DblToI32.o [4]
__aeabi_d2uiz           0x08000d41         Code  Gb  DblToI32.o [4]
__aeabi_dmul            0x08000f4d         Code  Gb  DblMul.o [4]
__aeabi_dsub            0x08000e5f         Code  Gb  DblAddSub.o [4]
__aeabi_i2d             0x08000d91         Code  Gb  IxxToDbl.o [4]
__aeabi_idiv            0x08000bab         Code  Gb  I32DivModFast.o [5]
__aeabi_idiv0           0x08001129         Code  Gb  IntDivZer.o [5]
__aeabi_idivmod         0x08000bab         Code  Gb  I32DivModFast.o [5]
__aeabi_ldiv0           0x0800112d         Code  Gb  I64DivZer.o [5]
__aeabi_memcpy4         0x080026bd         Code  Wk  ABImemcpy.o [5]
__aeabi_memset          0x0800474d         Code  Gb  ABImemset.o [5]
__aeabi_ui2d            0x08000d71         Code  Gb  IxxToDbl.o [4]
__aeabi_uidiv           0x08000bb1         Code  Gb  I32DivModFast.o [5]
__aeabi_uidivmod        0x08000bb1         Code  Gb  I32DivModFast.o [5]
__aeabi_uldivmod        0x08000c5f         Code  Gb  I64DivMod.o [5]
__cmain                 0x08007ab9         Code  Gb  cmain.o [5]
__exit                  0x08006355   0x14  Code  Gb  exit.o [6]
__iar_Fail_s            0x080060c1   0x22  Code  Gb  xfail_s.o [3]
__iar_Memset4_word      0x0800476d         Code  Gb  ABImemset.o [5]
__iar_Memset_word       0x08004759         Code  Gb  ABImemset.o [5]
__iar_Stolx             0x08006109   0x88  Code  Gb  iar_Stolx.o [3]
__iar_Stoulx            0x080061a1  0x11c  Code  Gb  iar_Stoulx.o [3]
__iar_d2uiz             0x08000d45         Code  Gb  DblToI32.o [4]
__iar_data_init3        0x08007a31   0x28  Code  Gb  data_init.o [5]
__iar_globLocale        0x200003c4   0x48  Data  Lc  xlocale_c.o [3]
__iar_global_Locale     0x08005fc1    0x4  Code  Gb  xlocale_c.o [3]
__iar_lz77_init_single3
                        0x08007891   0x82  Code  Gb  lz77_init_single.o [5]
__iar_program_start     0x08007b79         Code  Gb  cstartup_M.o [5]
__iar_systems$$module {Abs}
                        0x00000001         Data  Gb  command line/config [2]
__iar_zero_init3        0x080079f1   0x40  Code  Gb  zero_init3.o [5]
__low_level_init        0x08007ad3    0x4  Code  Gb  low_level_init.o [3]
__vector_table          0x08000000         Data  Gb  startup_stm32f030x6.o [1]
_atoi                   0x080000ed   0x28  Code  Lc  printf.o [1]
_call_main              0x08007ac5         Code  Gb  cmain.o [5]
_exit                   0x08007ae1         Code  Gb  cexit.o [5]
_ftoa                   0x08000365  0x296  Code  Lc  printf.o [1]
_ftoa::pow10            0x080079a0   0x50  Data  Lc  printf.o [1]
_gLocale_mbtowc         0x08006043    0xe  Code  Gb  xlocale_c.o [3]
_gLocale_mbtowcInt      0x08005fed   0x4e  Code  Gb  xlocale_c.o [3]
_gLocale_wctomb         0x08006051    0xa  Code  Gb  xlocale_c.o [3]
_gLocale_wctombInt      0x0800603b    0x8  Code  Gb  xlocale_c.o [3]
_is_digit               0x080000d5   0x18  Code  Lc  printf.o [1]
_main                   0x08007acf         Code  Gb  cmain.o [5]
_ntoa_format            0x08000115  0x134  Code  Lc  printf.o [1]
_ntoa_long              0x08000249   0x7c  Code  Lc  printf.o [1]
_ntoa_long_long         0x080002c5   0xa0  Code  Lc  printf.o [1]
_strlen                 0x080000c3   0x12  Code  Lc  printf.o [1]
_vsnprintf              0x0800060d  0x550  Code  Lc  printf.o [1]
abort                   0x08006321    0xa  Code  Gb  abort.o [3]
adcData                 0x20000b98   0x10  Data  Gb  adc.o [1]
debounceTime_ms         0x20000bec    0x1  Data  Gb  buttons.o [1]
debounceTimerFlag       0x20000bed    0x1  Data  Gb  buttons.o [1]
delay_ms                0x08004c7d    0xe  Code  Lc  lcd.o [1]
digits                  0x080062d0   0x28  Data  Lc  iar_Stoulx.o [3]
drawDigits18pt          0x08003e71  0x178  Code  Gb  ui.o [1]
drawDigits25pt          0x08003cd9  0x178  Code  Gb  ui.o [1]
eight_18_1bit           0x20000374   0x28  Data  Gb  ui_assets.o [1]
eight_25_1bit           0x200001c4   0x38  Data  Gb  ui_assets.o [1]
encoderState            0x20000bee    0x1  Data  Lc  encoder.o [1]
exit                    0x08007ad7    0x8  Code  Gb  exit.o [3]
fillScreen              0x0800479d   0x1a  Code  Gb  graphics.o [1]
five_18_1bit            0x200002fc   0x28  Data  Gb  ui_assets.o [1]
five_25_1bit            0x2000011c   0x38  Data  Gb  ui_assets.o [1]
four_18_1bit            0x200002d4   0x28  Data  Gb  ui_assets.o [1]
four_25_1bit            0x200000e4   0x38  Data  Gb  ui_assets.o [1]
getDigits               0x08003c6d   0x40  Code  Gb  ui.o [1]
getDigits::digits_array
                        0x20000bc0    0x8  Data  Lc  ui.o [1]
htim17                  0x20000afc   0x40  Data  Gb  stm32f0xx_hal_timebase_TIM.o [1]
isspace                 0x08006099   0x12  Code  Gb  isspace.o [3]
main                    0x08007699   0x44  Code  Gb  main.o [1]
memchr                  0x0800633d   0x18  Code  Gb  memchr.o [5]
ndigs                   0x080062f8   0x28  Data  Lc  iar_Stoulx.o [3]
nine_18_1bit            0x2000039c   0x28  Data  Gb  ui_assets.o [1]
nine_25_1bit            0x200001fc   0x38  Data  Gb  ui_assets.o [1]
one_18_1bit             0x2000025c   0x28  Data  Gb  ui_assets.o [1]
one_25_1bit             0x2000003c   0x38  Data  Gb  ui_assets.o [1]
sConfigOC               0x20000b7c   0x1c  Data  Gb  pwm.o [1]
sec_hand                0x20000bd8    0x4  Data  Lc  xfail_s.o [3]
seven_18_1bit           0x2000034c   0x28  Data  Gb  ui_assets.o [1]
seven_25_1bit           0x2000018c   0x38  Data  Gb  ui_assets.o [1]
six_18_1bit             0x20000324   0x28  Data  Gb  ui_assets.o [1]
six_25_1bit             0x20000154   0x38  Data  Gb  ui_assets.o [1]
sprintf                 0x08000b5d   0x22  Code  Gb  printf.o [1]
sscanf                  0x080043d9   0x28  Code  Gb  sscanf.o [3]
str                     0x20000abc   0x40  Data  Gb  serial.o [1]
strchr                  0x080060ab    0x2  Code  Gb  strchr.o [5]
strlen                  0x080000b1   0x12  Code  Gb  printf.o [1]
strtol                  0x08006195    0xa  Code  Gb  iar_Stolx.o [3]
strtoul                 0x080062c9    0x6  Code  Gb  iar_Stoulx.o [3]
switch_closed           0x08007140  0x1bc  Data  Gb  ui_assets.o [1]
switch_open             0x080066a0  0x318  Data  Gb  ui_assets.o [1]
three_18_1bit           0x200002ac   0x28  Data  Gb  ui_assets.o [1]
three_25_1bit           0x200000ac   0x38  Data  Gb  ui_assets.o [1]
tolower                 0x0800632b   0x12  Code  Gb  tolower.o [3]
transitionTable         0x08007a9c   0x1c  Data  Gb  encoder.o [1]
two_18_1bit             0x20000284   0x28  Data  Gb  ui_assets.o [1]
two_25_1bit             0x20000074   0x38  Data  Gb  ui_assets.o [1]
uwTick                  0x20000bc8    0x4  Data  Gb  stm32f0xx_hal.o [1]
wctob                   0x08006061   0x30  Code  Gb  wctob.o [3]
zero_18_1bit            0x20000234   0x28  Data  Gb  ui_assets.o [1]
zero_25_1bit            0x20000004   0x38  Data  Gb  ui_assets.o [1]


[1] = C:\Users\Kishan\OneDrive\Projects\Power Supply\Software\power-supply\EWARM\power-supply\Obj
[2] = command line
[3] = dl6M_tlf.a
[4] = m6M_tl.a
[5] = rt6M_tl.a
[6] = shb_l.a

  26 886 bytes of readonly  code memory
   5 016 bytes of readonly  data memory
   3 064 bytes of readwrite data memory

Errors: none
Warnings: none
