###############################################################################
#
# IAR ELF Linker V8.10.1.12857/W32 for ARM                08/May/2018  23:35:08
# Copyright 2007-2017 IAR Systems AB.
#
#    Output file  =  
#        C:\Users\Kishan\OneDrive\Projects\Power
#        Supply\Software\power-supply\EWARM\power-supply\Exe\power-supply.out
#    Map file     =  
#        C:\Users\Kishan\OneDrive\Projects\Power
#        Supply\Software\power-supply\EWARM\power-supply\List\power-supply.map
#    Command line =  
#        -f C:\Users\Kishan\AppData\Local\Temp\EWE816.tmp
#        ("C:\Users\Kishan\OneDrive\Projects\Power
#        Supply\Software\power-supply\EWARM\power-supply\Obj\adc.o"
#        "C:\Users\Kishan\OneDrive\Projects\Power
#        Supply\Software\power-supply\EWARM\power-supply\Obj\buttons.o"
#        "C:\Users\Kishan\OneDrive\Projects\Power
#        Supply\Software\power-supply\EWARM\power-supply\Obj\control.o"
#        "C:\Users\Kishan\OneDrive\Projects\Power
#        Supply\Software\power-supply\EWARM\power-supply\Obj\enable.o"
#        "C:\Users\Kishan\OneDrive\Projects\Power
#        Supply\Software\power-supply\EWARM\power-supply\Obj\encoder.o"
#        "C:\Users\Kishan\OneDrive\Projects\Power
#        Supply\Software\power-supply\EWARM\power-supply\Obj\graphics.o"
#        "C:\Users\Kishan\OneDrive\Projects\Power
#        Supply\Software\power-supply\EWARM\power-supply\Obj\interrupts.o"
#        "C:\Users\Kishan\OneDrive\Projects\Power
#        Supply\Software\power-supply\EWARM\power-supply\Obj\lcd.o"
#        "C:\Users\Kishan\OneDrive\Projects\Power
#        Supply\Software\power-supply\EWARM\power-supply\Obj\main.o"
#        "C:\Users\Kishan\OneDrive\Projects\Power
#        Supply\Software\power-supply\EWARM\power-supply\Obj\printf.o"
#        "C:\Users\Kishan\OneDrive\Projects\Power
#        Supply\Software\power-supply\EWARM\power-supply\Obj\pwm.o"
#        "C:\Users\Kishan\OneDrive\Projects\Power
#        Supply\Software\power-supply\EWARM\power-supply\Obj\serial.o"
#        "C:\Users\Kishan\OneDrive\Projects\Power
#        Supply\Software\power-supply\EWARM\power-supply\Obj\startup_stm32f030x6.o"
#        "C:\Users\Kishan\OneDrive\Projects\Power
#        Supply\Software\power-supply\EWARM\power-supply\Obj\stm32f0xx_hal.o"
#        "C:\Users\Kishan\OneDrive\Projects\Power
#        Supply\Software\power-supply\EWARM\power-supply\Obj\stm32f0xx_hal_adc.o"
#        "C:\Users\Kishan\OneDrive\Projects\Power
#        Supply\Software\power-supply\EWARM\power-supply\Obj\stm32f0xx_hal_adc_ex.o"
#        "C:\Users\Kishan\OneDrive\Projects\Power
#        Supply\Software\power-supply\EWARM\power-supply\Obj\stm32f0xx_hal_cortex.o"
#        "C:\Users\Kishan\OneDrive\Projects\Power
#        Supply\Software\power-supply\EWARM\power-supply\Obj\stm32f0xx_hal_dma.o"
#        "C:\Users\Kishan\OneDrive\Projects\Power
#        Supply\Software\power-supply\EWARM\power-supply\Obj\stm32f0xx_hal_flash.o"
#        "C:\Users\Kishan\OneDrive\Projects\Power
#        Supply\Software\power-supply\EWARM\power-supply\Obj\stm32f0xx_hal_flash_ex.o"
#        "C:\Users\Kishan\OneDrive\Projects\Power
#        Supply\Software\power-supply\EWARM\power-supply\Obj\stm32f0xx_hal_gpio.o"
#        "C:\Users\Kishan\OneDrive\Projects\Power
#        Supply\Software\power-supply\EWARM\power-supply\Obj\stm32f0xx_hal_i2c.o"
#        "C:\Users\Kishan\OneDrive\Projects\Power
#        Supply\Software\power-supply\EWARM\power-supply\Obj\stm32f0xx_hal_i2c_ex.o"
#        "C:\Users\Kishan\OneDrive\Projects\Power
#        Supply\Software\power-supply\EWARM\power-supply\Obj\stm32f0xx_hal_iwdg.o"
#        "C:\Users\Kishan\OneDrive\Projects\Power
#        Supply\Software\power-supply\EWARM\power-supply\Obj\stm32f0xx_hal_msp.o"
#        "C:\Users\Kishan\OneDrive\Projects\Power
#        Supply\Software\power-supply\EWARM\power-supply\Obj\stm32f0xx_hal_pwr.o"
#        "C:\Users\Kishan\OneDrive\Projects\Power
#        Supply\Software\power-supply\EWARM\power-supply\Obj\stm32f0xx_hal_pwr_ex.o"
#        "C:\Users\Kishan\OneDrive\Projects\Power
#        Supply\Software\power-supply\EWARM\power-supply\Obj\stm32f0xx_hal_rcc.o"
#        "C:\Users\Kishan\OneDrive\Projects\Power
#        Supply\Software\power-supply\EWARM\power-supply\Obj\stm32f0xx_hal_rcc_ex.o"
#        "C:\Users\Kishan\OneDrive\Projects\Power
#        Supply\Software\power-supply\EWARM\power-supply\Obj\stm32f0xx_hal_rtc.o"
#        "C:\Users\Kishan\OneDrive\Projects\Power
#        Supply\Software\power-supply\EWARM\power-supply\Obj\stm32f0xx_hal_rtc_ex.o"
#        "C:\Users\Kishan\OneDrive\Projects\Power
#        Supply\Software\power-supply\EWARM\power-supply\Obj\stm32f0xx_hal_spi.o"
#        "C:\Users\Kishan\OneDrive\Projects\Power
#        Supply\Software\power-supply\EWARM\power-supply\Obj\stm32f0xx_hal_spi_ex.o"
#        "C:\Users\Kishan\OneDrive\Projects\Power
#        Supply\Software\power-supply\EWARM\power-supply\Obj\stm32f0xx_hal_tim.o"
#        "C:\Users\Kishan\OneDrive\Projects\Power
#        Supply\Software\power-supply\EWARM\power-supply\Obj\stm32f0xx_hal_tim_ex.o"
#        "C:\Users\Kishan\OneDrive\Projects\Power
#        Supply\Software\power-supply\EWARM\power-supply\Obj\stm32f0xx_hal_timebase_TIM.o"
#        "C:\Users\Kishan\OneDrive\Projects\Power
#        Supply\Software\power-supply\EWARM\power-supply\Obj\stm32f0xx_hal_uart.o"
#        "C:\Users\Kishan\OneDrive\Projects\Power
#        Supply\Software\power-supply\EWARM\power-supply\Obj\stm32f0xx_hal_uart_ex.o"
#        "C:\Users\Kishan\OneDrive\Projects\Power
#        Supply\Software\power-supply\EWARM\power-supply\Obj\stm32f0xx_hal_wwdg.o"
#        "C:\Users\Kishan\OneDrive\Projects\Power
#        Supply\Software\power-supply\EWARM\power-supply\Obj\stm32f0xx_it.o"
#        "C:\Users\Kishan\OneDrive\Projects\Power
#        Supply\Software\power-supply\EWARM\power-supply\Obj\system_state.o"
#        "C:\Users\Kishan\OneDrive\Projects\Power
#        Supply\Software\power-supply\EWARM\power-supply\Obj\system_stm32f0xx.o"
#        "C:\Users\Kishan\OneDrive\Projects\Power
#        Supply\Software\power-supply\EWARM\power-supply\Obj\uart.o"
#        "C:\Users\Kishan\OneDrive\Projects\Power
#        Supply\Software\power-supply\EWARM\power-supply\Obj\ui.o"
#        "C:\Users\Kishan\OneDrive\Projects\Power
#        Supply\Software\power-supply\EWARM\power-supply\Obj\ui_assets.o"
#        --redirect _Printf=_PrintfFull --scanf_multibytes -o
#        "C:\Users\Kishan\OneDrive\Projects\Power
#        Supply\Software\power-supply\EWARM\power-supply\Exe\power-supply.out"
#        --map "C:\Users\Kishan\OneDrive\Projects\Power
#        Supply\Software\power-supply\EWARM\power-supply\List\power-supply.map"
#        --config "C:\Users\Kishan\OneDrive\Projects\Power
#        Supply\Software\power-supply\EWARM/stm32f030x6_flash.icf"
#        --semihosting --entry __iar_program_start --vfe --text_out locale)
#
###############################################################################

*******************************************************************************
*** RUNTIME MODEL ATTRIBUTES
***

CppFlavor       = *
__SystemLibrary = DLib
__dlib_version  = 6


*******************************************************************************
*** HEAP SELECTION
***

The basic heap was selected because some modules are built with
size limitations (and not runtime checking), and --advanced_heap
was not specified.


*******************************************************************************
*** PLACEMENT SUMMARY
***

"A0":  place at 0x08000000 { ro section .intvec };
"P1":  place in [from 0x08000000 to 0x08007fff] { ro };
"P2":  place in [from 0x20000000 to 0x20000fff] { rw, block CSTACK, block HEAP };
initialize by copy { rw };

  Section            Kind        Address    Size  Object
  -------            ----        -------    ----  ------
"A0":                                       0xb0
  .intvec            ro code  0x08000000    0xb0  startup_stm32f030x6.o [1]
                            - 0x080000b0    0xb0

"P1":                                     0x76c0
  .rodata            const    0x080000b0   0xdf4  ui_assets.o [1]
  .text              ro code  0x08000ea4   0xace  printf.o [1]
  .text              ro code  0x08001972    0xe0  I32DivModFast.o [5]
  .text              ro code  0x08001a52    0x6a  I64DivMod.o [5]
  .text              ro code  0x08001abc    0x32  DblCmpLe.o [4]
  .text              ro code  0x08001aee    0x22  xsscin.o [3]
  .text              ro code  0x08001b10    0x52  DblToI32.o [4]
  .text              ro code  0x08001b62     0x2  startup_stm32f030x6.o [1]
  .text              ro code  0x08001b64    0x34  IxxToDbl.o [4]
  .text              ro code  0x08001b98   0x1a8  DblAddSub.o [4]
  .text              ro code  0x08001d40   0x184  DblMul.o [4]
  .text              ro code  0x08001ec4    0x32  DblCmpGe.o [4]
  .text              ro code  0x08001ef6    0x24  DblCmpEq.o [4]
  .text              ro code  0x08001f1a     0x2  startup_stm32f030x6.o [1]
  .text              ro code  0x08001f1c     0x2  IntDivZer.o [5]
  .text              ro code  0x08001f1e     0x2  startup_stm32f030x6.o [1]
  .text              ro code  0x08001f20     0x2  I64DivZer.o [5]
  .text              ro code  0x08001f22     0x2  startup_stm32f030x6.o [1]
  .text              ro code  0x08001f24   0x8ea  stm32f0xx_hal_uart.o [1]
  .text              ro code  0x0800280e     0x2  startup_stm32f030x6.o [1]
  .text              ro code  0x08002810   0x2b0  stm32f0xx_hal_dma.o [1]
  .text              ro code  0x08002ac0     0x2  stm32f0xx_hal_uart.o [1]
  .text              ro code  0x08002ac2     0x2  startup_stm32f030x6.o [1]
  .text              ro code  0x08002ac4   0x740  stm32f0xx_hal_rcc.o [1]
  .text              ro code  0x08003204   0x200  uart.o [1]
  .text              ro code  0x08003404     0x2  stm32f0xx_hal_uart.o [1]
  .text              ro code  0x08003406     0x2  stm32f0xx_hal_uart.o [1]
  .text              ro code  0x08003408     0x2  stm32f0xx_hal_uart.o [1]
  .text              ro code  0x0800340a     0x2  startup_stm32f030x6.o [1]
  .text              ro code  0x0800340c     0xc  stm32f0xx_hal.o [1]
  .text              ro code  0x08003418    0x98  stm32f0xx_hal_timebase_TIM.o [1]
  .text              ro code  0x080034b0    0x34  ABImemcpy.o [5]
  .text              ro code  0x080034e4   0x250  stm32f0xx_hal_gpio.o [1]
  .text              ro code  0x08003734   0x14c  stm32f0xx_hal_cortex.o [1]
  .text              ro code  0x08003880   0x83c  stm32f0xx_hal_tim.o [1]
  .text              ro code  0x080040bc    0x8c  interrupts.o [1]
  .text              ro code  0x08004148     0x2  stm32f0xx_hal_tim.o [1]
  .text              ro code  0x0800414a     0x2  stm32f0xx_hal_tim.o [1]
  .text              ro code  0x0800414c     0x2  stm32f0xx_hal_tim.o [1]
  .text              ro code  0x0800414e     0x2  stm32f0xx_hal_tim.o [1]
  .text              ro code  0x08004150     0x2  stm32f0xx_hal_tim_ex.o [1]
  .text              ro code  0x08004152     0x2  stm32f0xx_hal_tim.o [1]
  .text              ro code  0x08004154     0x2  stm32f0xx_hal_tim_ex.o [1]
  .text              ro code  0x08004156     0x2  startup_stm32f030x6.o [1]
  .text              ro code  0x08004158   0x140  buttons.o [1]
  .text              ro code  0x08004298   0x1bc  encoder.o [1]
  .text              ro code  0x08004454    0x10  stm32f0xx_hal.o [1]
  .text              ro code  0x08004464   0x1a4  serial.o [1]
  .text              ro code  0x08004608   0x19c  control.o [1]
  .text              ro code  0x080047a4   0x118  ui.o [1]
  .text              ro code  0x080048bc    0x98  system_state.o [1]
  .text              ro code  0x08004954   0x22c  adc.o [1]
  .text              ro code  0x08004b80    0x28  sscanf.o [3]
  .text              ro code  0x08004ba8   0x244  pwm.o [1]
  .text              ro code  0x08004dec   0x108  enable.o [1]
  .text              ro code  0x08004ef4    0x50  ABImemset.o [5]
  .text              ro code  0x08004f44    0x1a  graphics.o [1]
  .text              ro code  0x08004f5e     0x2  startup_stm32f030x6.o [1]
  .text              ro code  0x08004f60   0x3e8  lcd.o [1]
  .text              ro code  0x08005348   0x552  stm32f0xx_hal_adc.o [1]
  .text              ro code  0x0800589a     0x2  startup_stm32f030x6.o [1]
  .text              ro code  0x0800589c   0x79c  xscanfsmall.o [3]
  .text              ro code  0x08006038    0xec  stm32f0xx_hal_tim_ex.o [1]
  .text              ro code  0x08006124   0x492  stm32f0xx_hal_spi.o [1]
  .text              ro code  0x080065b6    0x20  stm32f0xx_hal.o [1]
  .text              ro code  0x080065d6     0x2  stm32f0xx_hal_adc.o [1]
  .text              ro code  0x080065d8     0x2  stm32f0xx_hal_adc.o [1]
  .text              ro code  0x080065da     0x2  stm32f0xx_hal_adc.o [1]
  .text              ro code  0x080065dc    0xcc  xlocale_c.o [3]
  .text              ro code  0x080066a8    0x38  wctob.o [3]
  .text              ro code  0x080066e0    0x12  isspace.o [3]
  .text              ro code  0x080066f2    0x16  strchr.o [5]
  .text              ro code  0x08006708    0x48  xfail_s.o [3]
  .text              ro code  0x08006750    0x96  iar_Stolx.o [3]
  .text              ro code  0x080067e6     0x2  startup_stm32f030x6.o [1]
  .text              ro code  0x080067e8   0x180  iar_Stoulx.o [3]
  .text              ro code  0x08006968     0xa  abort.o [3]
  .text              ro code  0x08006972    0x12  tolower.o [3]
  .text              ro code  0x08006984    0x18  memchr.o [5]
  .text              ro code  0x0800699c    0x14  exit.o [6]
  .rodata            const    0x080069b0   0x318  ui_assets.o [1]
  .rodata            const    0x08006cc8   0x1bc  ui_assets.o [1]
  .rodata            const    0x08006e84   0x158  lcd.o [1]
  .text              ro code  0x08006fdc   0x150  main.o [1]
  .text              ro code  0x0800712c    0x20  stm32f0xx_hal.o [1]
  .text              ro code  0x0800714c   0x144  stm32f0xx_hal_rcc_ex.o [1]
  .text              ro code  0x08007290    0x48  stm32f0xx_hal_msp.o [1]
  .text              ro code  0x080072d8   0x100  stm32f0xx_it.o [1]
  .text              ro code  0x080073d8    0x94  system_stm32f0xx.o [1]
  .rodata            const    0x0800746c    0x50  main.o [1]
  .rodata            const    0x080074bc    0x3c  serial.o [1]
  .rodata            const    0x080074f8    0x50  printf.o [1]
  Initializer bytes  const    0x08007548    0x50  <for P2-1>
  .text              ro code  0x08007598    0x40  zero_init3.o [5]
  .text              ro code  0x080075d8    0x30  copy_init3.o [5]
  .text              ro code  0x08007608     0x2  startup_stm32f030x6.o [1]
  .text              ro code  0x0800760c    0x28  data_init.o [5]
  .text              ro code  0x08007634    0x24  xencoding_8859_1.o [3]
  .iar.init_table    const    0x08007658    0x24  - Linker created -
  .rodata            const    0x0800767c    0x1c  encoder.o [1]
  .text              ro code  0x08007698    0x1a  cmain.o [5]
  .text              ro code  0x080076b2     0x4  low_level_init.o [3]
  .text              ro code  0x080076b6     0x8  exit.o [3]
  .text              ro code  0x080076be     0x2  startup_stm32f030x6.o [1]
  .text              ro code  0x080076c0     0xa  cexit.o [5]
  .text              ro code  0x080076ca     0x2  startup_stm32f030x6.o [1]
  .rodata            const    0x080076cc    0x18  adc.o [1]
  .rodata            const    0x080076e4    0x14  serial.o [1]
  .rodata            const    0x080076f8    0x14  serial.o [1]
  .rodata            const    0x0800770c    0x10  stm32f0xx_hal_rcc.o [1]
  .rodata            const    0x0800771c    0x10  stm32f0xx_hal_rcc.o [1]
  .rodata            const    0x0800772c    0x10  system_stm32f0xx.o [1]
  .text              ro code  0x0800773c    0x10  startup_stm32f030x6.o [1]
  .rodata            const    0x0800774c     0xc  serial.o [1]
  .text              ro code  0x08007758     0xc  cstartup_M.o [5]
  .rodata            const    0x08007764     0x8  system_stm32f0xx.o [1]
  .rodata            const    0x0800776c     0x2  xlocale_c.o [3]
  .text              ro code  0x0800776e     0x2  startup_stm32f030x6.o [1]
  .rodata            const    0x08007770     0x0  zero_init3.o [5]
  .rodata            const    0x08007770     0x0  copy_init3.o [5]
                            - 0x08007770  0x76c0

"P2", part 1 of 3:                          0x50
  P2-1                        0x20000000    0x4d  <Init block>
    .data            inited   0x20000000     0x4  system_stm32f0xx.o [1]
    .data            inited   0x20000004    0x48  xlocale_c.o [3]
    .data            inited   0x2000004c     0x1  uart.o [1]
                            - 0x2000004d    0x4d

"P2", part 2 of 3:                         0x400
  CSTACK                      0x20000050   0x400  <Block>
    CSTACK           uninit   0x20000050   0x400  <Block tail>
                            - 0x20000450   0x400

"P2", part 3 of 3:                         0x3d4
  .bss               zero     0x20000450    0x70  uart.o [1]
  .bss               zero     0x200004c0    0x64  lcd.o [1]
  .bss               zero     0x20000524    0x4c  adc.o [1]
  .bss               zero     0x20000570    0x44  adc.o [1]
  .bss               zero     0x200005b4    0x44  uart.o [1]
  .bss               zero     0x200005f8    0x44  uart.o [1]
  .bss               zero     0x2000063c    0x40  control.o [1]
  .bss               zero     0x2000067c    0x40  pwm.o [1]
  .bss               zero     0x200006bc    0x40  serial.o [1]
  .bss               zero     0x200006fc    0x40  serial.o [1]
  .bss               zero     0x2000073c    0x40  stm32f0xx_hal_timebase_TIM.o [1]
  .bss               zero     0x2000077c    0x40  ui.o [1]
  .bss               zero     0x200007bc    0x1c  pwm.o [1]
  .bss               zero     0x200007d8    0x10  adc.o [1]
  .bss               zero     0x200007e8    0x10  serial.o [1]
  .bss               zero     0x200007f8     0x8  system_state.o [1]
  .bss               zero     0x20000800     0x4  stm32f0xx_hal.o [1]
  .bss               zero     0x20000804     0x4  system_state.o [1]
  .bss               zero     0x20000808     0x4  xfail_s.o [3]
  .bss               zero     0x2000080c     0x2  control.o [1]
  .bss               zero     0x2000080e     0x2  control.o [1]
  .bss               zero     0x20000810     0x2  control.o [1]
  .bss               zero     0x20000812     0x2  encoder.o [1]
  .bss               zero     0x20000814     0x2  encoder.o [1]
  .bss               zero     0x20000816     0x1  buttons.o [1]
  .bss               zero     0x20000817     0x1  buttons.o [1]
  .bss               zero     0x20000818     0x1  encoder.o [1]
  .bss               zero     0x20000819     0x1  stm32f0xx_it.o [1]
  .bss               zero     0x2000081a     0x1  stm32f0xx_it.o [1]
  .bss               zero     0x2000081b     0x1  stm32f0xx_it.o [1]
  .bss               zero     0x2000081c     0x1  stm32f0xx_it.o [1]
  .bss               zero     0x2000081d     0x1  system_state.o [1]
  .bss               zero     0x2000081e     0x1  system_state.o [1]
  .bss               zero     0x2000081f     0x1  system_state.o [1]
  .bss               zero     0x20000820     0x1  system_state.o [1]
  .bss               zero     0x20000821     0x1  system_state.o [1]
  .bss               zero     0x20000822     0x1  ui.o [1]
                            - 0x20000823   0x3d3


*******************************************************************************
*** INIT TABLE
***

          Address     Size
          -------     ----
Zero (__iar_zero_init3)
    1 destination range, total size 0x3d3:
          0x20000450  0x3d3

Copy (__iar_copy_init3)
    1 source range, total size 0x50 (103% of destination):
          0x08007548   0x50
    1 destination range, total size 0x4d:
          0x20000000   0x4d



*******************************************************************************
*** MODULE SUMMARY
***

    Module                        ro code  ro data  rw data
    ------                        -------  -------  -------
C:\Users\Kishan\OneDrive\Projects\Power Supply\Software\power-supply\EWARM\power-supply\Obj: [1]
    adc.o                             556       24      160
    buttons.o                         320                 2
    control.o                         412                70
    enable.o                          264
    encoder.o                         444       28        5
    graphics.o                         26
    interrupts.o                      140
    lcd.o                           1 000      344      100
    main.o                            336       80
    printf.o                        2 766       80
    pwm.o                             580                92
    serial.o                          420      112      144
    startup_stm32f030x6.o             222
    stm32f0xx_hal.o                    92                 4
    stm32f0xx_hal_adc.o             1 368
    stm32f0xx_hal_cortex.o            332
    stm32f0xx_hal_dma.o               688
    stm32f0xx_hal_gpio.o              592
    stm32f0xx_hal_msp.o                72
    stm32f0xx_hal_rcc.o             1 856       32
    stm32f0xx_hal_rcc_ex.o            324
    stm32f0xx_hal_spi.o             1 170
    stm32f0xx_hal_tim.o             2 118
    stm32f0xx_hal_tim_ex.o            240
    stm32f0xx_hal_timebase_TIM.o      152                64
    stm32f0xx_hal_uart.o            2 290
    stm32f0xx_it.o                    256                 4
    system_state.o                    152                17
    system_stm32f0xx.o                148       28        4
    uart.o                            512        1      249
    ui.o                              280                65
    ui_assets.o                              4 808
    -------------------------------------------------------
    Total:                         20 128    5 537      980

command line: [2]
    -------------------------------------------------------
    Total:

dl6M_tlf.a: [3]
    abort.o                            10
    exit.o                              8
    iar_Stolx.o                       150
    iar_Stoulx.o                      384
    isspace.o                          18
    low_level_init.o                    4
    sscanf.o                           40
    tolower.o                          18
    wctob.o                            56
    xencoding_8859_1.o                 36
    xfail_s.o                          72                 4
    xlocale_c.o                       204       74       72
    xscanfsmall.o                   1 948
    xsscin.o                           34
    -------------------------------------------------------
    Total:                          2 982       74       76

m6M_tl.a: [4]
    DblAddSub.o                       424
    DblCmpEq.o                         36
    DblCmpGe.o                         50
    DblCmpLe.o                         50
    DblMul.o                          388
    DblToI32.o                         82
    IxxToDbl.o                         52
    -------------------------------------------------------
    Total:                          1 082

rt6M_tl.a: [5]
    ABImemcpy.o                        52
    ABImemset.o                        80
    I32DivModFast.o                   224
    I64DivMod.o                       106
    I64DivZer.o                         2
    IntDivZer.o                         2
    cexit.o                            10
    cmain.o                            26
    copy_init3.o                       48
    cstartup_M.o                       12
    data_init.o                        40
    memchr.o                           24
    strchr.o                           22
    zero_init3.o                       64
    -------------------------------------------------------
    Total:                            712

shb_l.a: [6]
    exit.o                             20
    -------------------------------------------------------
    Total:                             20

    Gaps                                2
    Linker created                              39    1 024
-----------------------------------------------------------
    Grand Total:                   24 926    5 650    2 080


*******************************************************************************
*** ENTRY LIST
***

Entry                      Address   Size  Type      Object
-----                      -------   ----  ----      ------
.iar.init_table$$Base   0x08007658          --   Gb  - Linker created -
.iar.init_table$$Limit  0x0800767c          --   Gb  - Linker created -
?main                   0x08007699         Code  Gb  cmain.o [5]
ADC_DMAConvCplt         0x080057e9   0x7a  Code  Lc  stm32f0xx_hal_adc.o [1]
ADC_DMAError            0x0800587b   0x1e  Code  Lc  stm32f0xx_hal_adc.o [1]
ADC_DMAHalfConvCplt     0x0800586d    0xe  Code  Lc  stm32f0xx_hal_adc.o [1]
ADC_Enable              0x08005731   0xa6  Code  Lc  stm32f0xx_hal_adc.o [1]
ADC_GPIO_Init           0x080049f3   0x3a  Code  Lc  adc.o [1]
ADC_Handle              0x20000524   0x4c  Data  Gb  adc.o [1]
ADC_Init                0x08004a2d  0x134  Code  Gb  adc.o [1]
ADC_PrintReadings       0x080049b7   0x3c  Code  Gb  adc.o [1]
ADC_getReading          0x08004955   0x62  Code  Gb  adc.o [1]
AHBPrescTable           0x0800772c   0x10  Data  Gb  system_stm32f0xx.o [1]
APBPrescTable           0x08007764    0x8  Data  Gb  system_stm32f0xx.o [1]
Buttons_DebounceTimerCallback
                        0x08004217   0x6c  Code  Gb  buttons.o [1]
Buttons_IRQ_Callback    0x080041f3   0x24  Code  Gb  buttons.o [1]
Buttons_Init            0x0800416f   0x84  Code  Gb  buttons.o [1]
CSTACK$$Base            0x20000050          --   Gb  - Linker created -
CSTACK$$Limit           0x20000450          --   Gb  - Linker created -
CacheMore               0x0800660d   0x28  Code  Lc  xlocale_c.o [3]
ControlTimerHandle      0x2000063c   0x40  Data  Gb  control.o [1]
Control_Init            0x08004621   0x12  Code  Gb  control.o [1]
Control_Task            0x08004609   0x18  Code  Gb  control.o [1]
Control_TimerCallback   0x080046a7    0x8  Code  Gb  control.o [1]
Control_TimerInit       0x08004633   0x74  Code  Lc  control.o [1]
DMA1_Channel4_5_IRQHandler
                        0x08007313   0x14  Code  Gb  stm32f0xx_it.o [1]
DMA_ADC_Handle          0x20000570   0x44  Data  Gb  adc.o [1]
DMA_CalcBaseAndBitshift
                        0x08002a9b   0x1a  Code  Lc  stm32f0xx_hal_dma.o [1]
DMA_SetConfig           0x08002a71   0x2a  Code  Lc  stm32f0xx_hal_dma.o [1]
DebounceTime_Inc        0x0800415f   0x10  Code  Gb  buttons.o [1]
DebugTimerHandle        0x200006bc   0x40  Data  Gb  serial.o [1]
Debug_TimerInit         0x08004471   0x78  Code  Lc  serial.o [1]
EXTI4_15_IRQHandler     0x08007327   0x88  Code  Gb  stm32f0xx_it.o [1]
EXTI4_15_IRQHandler::Sw1
                        0x2000081c    0x1  Data  Lc  stm32f0xx_it.o [1]
EXTI4_15_IRQHandler::encSw
                        0x2000081b    0x1  Data  Lc  stm32f0xx_it.o [1]
EXTI4_15_IRQHandler::pinA
                        0x20000819    0x1  Data  Lc  stm32f0xx_it.o [1]
EXTI4_15_IRQHandler::pinB
                        0x2000081a    0x1  Data  Lc  stm32f0xx_it.o [1]
Enable_Bklight          0x08004ee1   0x14  Code  Gb  enable.o [1]
Enable_Init             0x08004ded   0xa6  Code  Gb  enable.o [1]
Enable_Output           0x08004e93   0x30  Code  Gb  enable.o [1]
Enable_VSW              0x08004ec3   0x14  Code  Gb  enable.o [1]
Encoder_IRQ_Callback    0x0800431b   0xd8  Code  Gb  encoder.o [1]
Encoder_IRQ_Callback::encoderCurrent
                        0x20000814    0x2  Data  Lc  encoder.o [1]
Encoder_IRQ_Callback::encoderVoltage
                        0x20000812    0x2  Data  Lc  encoder.o [1]
Encoder_Init            0x08004299   0x82  Code  Gb  encoder.o [1]
Encoder_Process         0x080043f3   0x44  Code  Lc  encoder.o [1]
Get_DebounceTimerFlag   0x08004159    0x6  Code  Gb  buttons.o [1]
Get_EncoderCurrent      0x080048df    0x6  Code  Gb  system_state.o [1]
Get_EncoderSwitchState  0x080048f1    0x6  Code  Gb  system_state.o [1]
Get_EncoderVoltage      0x080048d9    0x6  Code  Gb  system_state.o [1]
Get_OutputSwState       0x080048fd    0x6  Code  Gb  system_state.o [1]
HAL_ADC_ConfigChannel   0x080055c9  0x168  Code  Gb  stm32f0xx_hal_adc.o [1]
HAL_ADC_Init            0x08005349  0x1ba  Code  Gb  stm32f0xx_hal_adc.o [1]
HAL_ADC_Start_DMA       0x08005511   0xa8  Code  Gb  stm32f0xx_hal_adc.o [1]
HAL_DMA_Abort           0x08002911   0x34  Code  Gb  stm32f0xx_hal_dma.o [1]
HAL_DMA_Abort_IT        0x08002945   0x58  Code  Gb  stm32f0xx_hal_dma.o [1]
HAL_DMA_IRQHandler      0x0800299d   0xd4  Code  Gb  stm32f0xx_hal_dma.o [1]
HAL_DMA_Init            0x08002811   0x6c  Code  Gb  stm32f0xx_hal_dma.o [1]
HAL_DMA_Start_IT        0x08002881   0x90  Code  Gb  stm32f0xx_hal_dma.o [1]
HAL_Delay               0x080065b7   0x20  Code  Wk  stm32f0xx_hal.o [1]
HAL_GPIO_EXTI_Callback  0x080040bd   0x32  Code  Gb  interrupts.o [1]
HAL_GPIO_EXTI_IRQHandler
                        0x080036eb   0x20  Code  Gb  stm32f0xx_hal_gpio.o [1]
HAL_GPIO_Init           0x080034e5  0x1d6  Code  Gb  stm32f0xx_hal_gpio.o [1]
HAL_GPIO_ReadPin        0x080036bb   0x1c  Code  Gb  stm32f0xx_hal_gpio.o [1]
HAL_GPIO_WritePin       0x080036d7   0x14  Code  Gb  stm32f0xx_hal_gpio.o [1]
HAL_GetTick             0x0800340d    0xc  Code  Wk  stm32f0xx_hal.o [1]
HAL_IncTick             0x08004455   0x10  Code  Wk  stm32f0xx_hal.o [1]
HAL_Init                0x0800712d   0x1c  Code  Gb  stm32f0xx_hal.o [1]
HAL_InitTick            0x08003419   0x84  Code  Gb  stm32f0xx_hal_timebase_TIM.o [1]
HAL_MspInit             0x08007291   0x48  Code  Gb  stm32f0xx_hal_msp.o [1]
HAL_NVIC_DisableIRQ     0x0800382d    0xe  Code  Gb  stm32f0xx_hal_cortex.o [1]
HAL_NVIC_EnableIRQ      0x0800381f    0xe  Code  Gb  stm32f0xx_hal_cortex.o [1]
HAL_NVIC_SetPriority    0x0800380b   0x14  Code  Gb  stm32f0xx_hal_cortex.o [1]
HAL_RCCEx_PeriphCLKConfig
                        0x0800714d  0x122  Code  Gb  stm32f0xx_hal_rcc_ex.o [1]
HAL_RCC_ClockConfig     0x08002f8d  0x15e  Code  Gb  stm32f0xx_hal_rcc.o [1]
HAL_RCC_GetClockConfig  0x080031a5   0x32  Code  Gb  stm32f0xx_hal_rcc.o [1]
HAL_RCC_GetHCLKFreq     0x0800317f    0x6  Code  Gb  stm32f0xx_hal_rcc.o [1]
HAL_RCC_GetPCLK1Freq    0x08003185   0x18  Code  Gb  stm32f0xx_hal_rcc.o [1]
HAL_RCC_GetSysClockFreq
                        0x08003101   0x7e  Code  Gb  stm32f0xx_hal_rcc.o [1]
HAL_RCC_OscConfig       0x08002ac5  0x4aa  Code  Gb  stm32f0xx_hal_rcc.o [1]
HAL_SPI_Init            0x08006125   0xda  Code  Gb  stm32f0xx_hal_spi.o [1]
HAL_SPI_Transmit        0x080061ff  0x1e0  Code  Gb  stm32f0xx_hal_spi.o [1]
HAL_SYSTICK_CLKSourceConfig
                        0x08003843   0x22  Code  Gb  stm32f0xx_hal_cortex.o [1]
HAL_SYSTICK_Config      0x0800383b    0x8  Code  Gb  stm32f0xx_hal_cortex.o [1]
HAL_TIMEx_BreakCallback
                        0x08004151    0x2  Code  Wk  stm32f0xx_hal_tim_ex.o [1]
HAL_TIMEx_CommutationCallback
                        0x08004155    0x2  Code  Wk  stm32f0xx_hal_tim_ex.o [1]
HAL_TIMEx_ConfigBreakDeadTime
                        0x08006095   0x74  Code  Gb  stm32f0xx_hal_tim_ex.o [1]
HAL_TIMEx_MasterConfigSynchronization
                        0x08006039   0x5c  Code  Gb  stm32f0xx_hal_tim_ex.o [1]
HAL_TIM_Base_Init       0x08003881   0x38  Code  Gb  stm32f0xx_hal_tim.o [1]
HAL_TIM_Base_Start_IT   0x080038b9   0x1e  Code  Gb  stm32f0xx_hal_tim.o [1]
HAL_TIM_ConfigClockSource
                        0x08003bfd  0x128  Code  Gb  stm32f0xx_hal_tim.o [1]
HAL_TIM_IRQHandler      0x08003971  0x182  Code  Gb  stm32f0xx_hal_tim.o [1]
HAL_TIM_PWM_ConfigChannel
                        0x08003af3  0x104  Code  Gb  stm32f0xx_hal_tim.o [1]
HAL_TIM_PWM_Init        0x080038d7   0x38  Code  Gb  stm32f0xx_hal_tim.o [1]
HAL_TIM_PWM_Start       0x0800390f   0x52  Code  Gb  stm32f0xx_hal_tim.o [1]
HAL_TIM_PeriodElapsedCallback
                        0x080040ef   0x4a  Code  Gb  interrupts.o [1]
HAL_UART_AbortReceive   0x08002119   0x58  Code  Gb  stm32f0xx_hal_uart.o [1]
HAL_UART_IRQHandler     0x08002181  0x138  Code  Gb  stm32f0xx_hal_uart.o [1]
HAL_UART_Init           0x08001f25   0x7e  Code  Gb  stm32f0xx_hal_uart.o [1]
HAL_UART_Receive_DMA    0x08002053   0xb8  Code  Gb  stm32f0xx_hal_uart.o [1]
HAL_UART_Transmit_DMA   0x08001fa9   0xa8  Code  Gb  stm32f0xx_hal_uart.o [1]
HAL_UART_TxCpltCallback
                        0x08003387    0x8  Code  Gb  uart.o [1]
HardFault_Handler       0x080072db    0x4  Code  Gb  stm32f0xx_it.o [1]
LCD_FillRectangle       0x08005259   0x64  Code  Gb  lcd.o [1]
LCD_GPIO_Pins_Init      0x08004f61  0x108  Code  Lc  lcd.o [1]
LCD_Init                0x080050cd   0x8c  Code  Gb  lcd.o [1]
LCD_InitArray           0x08006e84  0x158  Data  Lc  lcd.o [1]
LCD_SPI_Init            0x08005069   0x64  Code  Lc  lcd.o [1]
LCD_SendCommand         0x080052dd   0x2c  Code  Lc  lcd.o [1]
LCD_SendData            0x0800530d   0x2c  Code  Lc  lcd.o [1]
LCD_SendImage           0x080051b3   0xa0  Code  Gb  lcd.o [1]
LCD_SetAddrWindow       0x08005159   0x5a  Code  Gb  lcd.o [1]
NMI_Handler             0x080072d9    0x2  Code  Gb  stm32f0xx_it.o [1]
NVIC_DisableIRQ         0x08003743    0xe  Code  Lc  stm32f0xx_hal_cortex.o [1]
NVIC_EnableIRQ          0x08003735    0xe  Code  Lc  stm32f0xx_hal_cortex.o [1]
NVIC_SetPriority        0x08003751   0x88  Code  Lc  stm32f0xx_hal_cortex.o [1]
PWM_Init                0x08004ba9  0x1c2  Code  Gb  pwm.o [1]
PWM_setDuty             0x08004d6b   0x66  Code  Gb  pwm.o [1]
ProcessCommand          0x08004507   0xd4  Code  Lc  serial.o [1]
Region$$Table$$Base     0x08007658          --   Gb  - Linker created -
Region$$Table$$Limit    0x0800767c          --   Gb  - Linker created -
RxBuffer                0x200007e8   0x10  Data  Gb  serial.o [1]
SPI_EndRxTxTransaction  0x08006549   0x6c  Code  Lc  stm32f0xx_hal_spi.o [1]
SPI_Handle              0x200004c0   0x64  Data  Gb  lcd.o [1]
SPI_WaitFifoStateUntilTimeout
                        0x0800648d   0xb6  Code  Lc  stm32f0xx_hal_spi.o [1]
SPI_WaitFlagStateUntilTimeout
                        0x080063e9   0xa4  Code  Lc  stm32f0xx_hal_spi.o [1]
SPI_Write               0x080052cb   0x12  Code  Lc  lcd.o [1]
SerialDebug_Init        0x080044e9   0x16  Code  Gb  serial.o [1]
Serial_DebugTimerCallback
                        0x080044ff    0x8  Code  Gb  serial.o [1]
Serial_Task             0x08004465    0xc  Code  Gb  serial.o [1]
SetCurrentLimit         0x080046c9   0x2a  Code  Lc  control.o [1]
SetCurrentLimit::pwmValueCurrent
                        0x2000080c    0x2  Data  Lc  control.o [1]
SetOutputSw             0x080046af   0x1a  Code  Lc  control.o [1]
SetOutputVoltage        0x080046f3   0x84  Code  Lc  control.o [1]
SetOutputVoltage::pwmVsetVoltage
                        0x2000080e    0x2  Data  Lc  control.o [1]
SetOutputVoltage::pwmVswVoltage
                        0x20000810    0x2  Data  Lc  control.o [1]
Set_EncoderCurrent      0x080048eb    0x6  Code  Gb  system_state.o [1]
Set_EncoderSwitchState  0x080048f7    0x6  Code  Gb  system_state.o [1]
Set_EncoderVoltage      0x080048e5    0x6  Code  Gb  system_state.o [1]
Set_OutputSwState       0x08004903    0x6  Code  Gb  system_state.o [1]
State_ControlTask       0x2000081f    0x1  Data  Gb  system_state.o [1]
State_EncoderSw         0x2000081d    0x1  Data  Lc  system_state.o [1]
State_EncoderVal        0x20000804    0x4  Data  Lc  system_state.o [1]
State_MeasuredVal       0x200007f8    0x8  Data  Lc  system_state.o [1]
State_OutputSw          0x2000081e    0x1  Data  Lc  system_state.o [1]
State_SerialTask        0x20000821    0x1  Data  Gb  system_state.o [1]
State_UITask            0x20000820    0x1  Data  Gb  system_state.o [1]
SysTick_Config          0x080037d9   0x32  Code  Lc  stm32f0xx_hal_cortex.o [1]
SysTick_Handler         0x080072df    0x2  Code  Gb  stm32f0xx_it.o [1]
SystemClock_Config      0x08007069   0xaa  Code  Gb  main.o [1]
SystemCoreClock         0x20000000    0x4  Data  Gb  system_stm32f0xx.o [1]
SystemInit              0x080073d9   0x68  Code  Gb  system_stm32f0xx.o [1]
SystemState_Init        0x080048bd   0x1c  Code  Gb  system_state.o [1]
TIM14_IRQHandler        0x080072ff    0xa  Code  Gb  stm32f0xx_it.o [1]
TIM16_IRQHandler        0x080072eb    0xa  Code  Gb  stm32f0xx_it.o [1]
TIM17_IRQHandler        0x080072e1    0xa  Code  Gb  stm32f0xx_it.o [1]
TIM1_Handle             0x2000067c   0x40  Data  Gb  pwm.o [1]
TIM3_IRQHandler         0x080072f5    0xa  Code  Gb  stm32f0xx_it.o [1]
TIM_Base_SetConfig      0x08003d29   0x78  Code  Gb  stm32f0xx_hal_tim.o [1]
TIM_CCxChannelCmd       0x0800409d   0x1e  Code  Gb  stm32f0xx_hal_tim.o [1]
TIM_ETR_SetConfig       0x08004061   0x20  Code  Gb  stm32f0xx_hal_tim.o [1]
TIM_ITRx_SetConfig      0x08004049   0x18  Code  Lc  stm32f0xx_hal_tim.o [1]
TIM_OC1_SetConfig       0x08003da1   0x8a  Code  Lc  stm32f0xx_hal_tim.o [1]
TIM_OC2_SetConfig       0x08003e2b   0x8e  Code  Gb  stm32f0xx_hal_tim.o [1]
TIM_OC3_SetConfig       0x08003eb9   0x8e  Code  Lc  stm32f0xx_hal_tim.o [1]
TIM_OC4_SetConfig       0x08003f59   0x6c  Code  Lc  stm32f0xx_hal_tim.o [1]
TIM_TI1_ConfigInputStage
                        0x08003fdd   0x2e  Code  Lc  stm32f0xx_hal_tim.o [1]
TIM_TI2_ConfigInputStage
                        0x0800400b   0x34  Code  Lc  stm32f0xx_hal_tim.o [1]
UART_AdvFeatureConfig   0x08002467   0xde  Code  Gb  stm32f0xx_hal_uart.o [1]
UART_CheckIdleState     0x08002551   0x1c  Code  Gb  stm32f0xx_hal_uart.o [1]
UART_DMAAbortOnError    0x080026c1   0x1a  Code  Lc  stm32f0xx_hal_uart.o [1]
UART_DMAError           0x08002673   0x4e  Code  Lc  stm32f0xx_hal_uart.o [1]
UART_DMAReceiveCplt     0x080025f1   0x46  Code  Lc  stm32f0xx_hal_uart.o [1]
UART_DMARxHalfCplt      0x08002665    0xe  Code  Lc  stm32f0xx_hal_uart.o [1]
UART_DMATransmitCplt    0x080025ad   0x36  Code  Lc  stm32f0xx_hal_uart.o [1]
UART_DMATxHalfCplt      0x080025e3    0xe  Code  Lc  stm32f0xx_hal_uart.o [1]
UART_EndRxTransfer      0x08002589   0x20  Code  Lc  stm32f0xx_hal_uart.o [1]
UART_EndTransmit_IT     0x0800274f   0x20  Code  Gb  stm32f0xx_hal_uart.o [1]
UART_EndTxTransfer      0x08002575   0x14  Code  Lc  stm32f0xx_hal_uart.o [1]
UART_Handle             0x20000450   0x70  Data  Gb  uart.o [1]
UART_Init               0x08003205  0x182  Code  Gb  uart.o [1]
UART_Init::DMARX_Handle
                        0x200005f8   0x44  Data  Lc  uart.o [1]
UART_Init::DMATX_Handle
                        0x200005b4   0x44  Data  Lc  uart.o [1]
UART_Print              0x0800338f   0x26  Code  Gb  uart.o [1]
UART_Receive_DMA_Start  0x080033bf   0x16  Code  Gb  uart.o [1]
UART_Receive_DMA_Stop   0x080033b5    0xa  Code  Gb  uart.o [1]
UART_Receive_IT         0x0800276f   0x92  Code  Gb  stm32f0xx_hal_uart.o [1]
UART_SetConfig          0x080022bd  0x1aa  Code  Gb  stm32f0xx_hal_uart.o [1]
UART_Transmit_IT        0x080026db   0x74  Code  Gb  stm32f0xx_hal_uart.o [1]
UART_TxComplete         0x2000004c    0x1  Data  Gb  uart.o [1]
UI_Init                 0x080047a5   0x3a  Code  Gb  ui.o [1]
UI_OutputState          0x20000822    0x1  Data  Gb  ui.o [1]
UI_Task                 0x080047df   0x38  Code  Gb  ui.o [1]
UI_TimerCallback        0x0800488f    0x8  Code  Gb  ui.o [1]
UI_TimerHandle          0x2000077c   0x40  Data  Gb  ui.o [1]
UI_TimerInit            0x08004817   0x78  Code  Lc  ui.o [1]
USART1_IRQHandler       0x08007309    0xa  Code  Gb  stm32f0xx_it.o [1]
Update_OutputCurrent    0x0800492b   0x10  Code  Gb  system_state.o [1]
Update_OutputVoltage    0x08004909   0x22  Code  Gb  system_state.o [1]
_Encoding_8859_1_Mbrlen
                        0x0800764d    0x2  Code  Gb  xencoding_8859_1.o [3]
_Encoding_8859_1_Mbtowc
                        0x08007645    0x8  Code  Gb  xencoding_8859_1.o [3]
_Encoding_8859_1_Wctomb
                        0x08007635   0x10  Code  Gb  xencoding_8859_1.o [3]
_Error_Handler          0x08007129    0x4  Code  Gb  main.o [1]
_GetN                   0x0800589d   0x26  Code  Lc  xscanfsmall.o [3]
_GetintSmall            0x08005dd5  0x240  Code  Lc  xscanfsmall.o [3]
_GetstrSmall            0x08005b61  0x1fc  Code  Lc  xscanfsmall.o [3]
_LocaleC_isspace        0x080065e9   0x14  Code  Gb  xlocale_c.o [3]
_LocaleC_isupper        0x080065dd    0x2  Code  Gb  xlocale_c.o [3]
_LocaleC_tolower        0x080065fd    0xc  Code  Gb  xlocale_c.o [3]
_SScin                  0x08001aef   0x22  Code  Gb  xsscin.o [3]
_ScanfSmall             0x080058e1  0x264  Code  Gb  xscanfsmall.o [3]
_UngetN                 0x080058c3   0x1e  Code  Lc  xscanfsmall.o [3]
__ICFEDIT_region_RAM_end__ {Abs}
                        0x20000fff         Data  Gb  command line/config [2]
__ICFEDIT_region_RAM_start__ {Abs}
                        0x20000000         Data  Gb  command line/config [2]
__aeabi_cdcmpeq         0x08001ef7         Code  Gb  DblCmpEq.o [4]
__aeabi_cdcmple         0x08001abd         Code  Gb  DblCmpLe.o [4]
__aeabi_cdrcmple        0x08001ec5         Code  Gb  DblCmpGe.o [4]
__aeabi_d2iz            0x08001b11         Code  Gb  DblToI32.o [4]
__aeabi_d2uiz           0x08001b35         Code  Gb  DblToI32.o [4]
__aeabi_dmul            0x08001d41         Code  Gb  DblMul.o [4]
__aeabi_dsub            0x08001c53         Code  Gb  DblAddSub.o [4]
__aeabi_i2d             0x08001b85         Code  Gb  IxxToDbl.o [4]
__aeabi_idiv            0x0800199f         Code  Gb  I32DivModFast.o [5]
__aeabi_idiv0           0x08001f1d         Code  Gb  IntDivZer.o [5]
__aeabi_idivmod         0x0800199f         Code  Gb  I32DivModFast.o [5]
__aeabi_ldiv0           0x08001f21         Code  Gb  I64DivZer.o [5]
__aeabi_memcpy4         0x080034b1         Code  Wk  ABImemcpy.o [5]
__aeabi_memset          0x08004ef5         Code  Gb  ABImemset.o [5]
__aeabi_ui2d            0x08001b65         Code  Gb  IxxToDbl.o [4]
__aeabi_uidiv           0x080019a5         Code  Gb  I32DivModFast.o [5]
__aeabi_uidivmod        0x080019a5         Code  Gb  I32DivModFast.o [5]
__aeabi_uldivmod        0x08001a53         Code  Gb  I64DivMod.o [5]
__cmain                 0x08007699         Code  Gb  cmain.o [5]
__exit                  0x0800699d   0x14  Code  Gb  exit.o [6]
__iar_Fail_s            0x08006709   0x22  Code  Gb  xfail_s.o [3]
__iar_Memset4_word      0x08004f15         Code  Gb  ABImemset.o [5]
__iar_Memset_word       0x08004f01         Code  Gb  ABImemset.o [5]
__iar_Stolx             0x08006751   0x88  Code  Gb  iar_Stolx.o [3]
__iar_Stoulx            0x080067e9  0x11c  Code  Gb  iar_Stoulx.o [3]
__iar_copy_init3        0x080075d9   0x30  Code  Gb  copy_init3.o [5]
__iar_d2uiz             0x08001b39         Code  Gb  DblToI32.o [4]
__iar_data_init3        0x0800760d   0x28  Code  Gb  data_init.o [5]
__iar_globLocale        0x20000004   0x48  Data  Lc  xlocale_c.o [3]
__iar_global_Locale     0x08006609    0x4  Code  Gb  xlocale_c.o [3]
__iar_program_start     0x08007759         Code  Gb  cstartup_M.o [5]
__iar_systems$$module {Abs}
                        0x00000001         Data  Gb  command line/config [2]
__iar_zero_init3        0x08007599   0x40  Code  Gb  zero_init3.o [5]
__low_level_init        0x080076b3    0x4  Code  Gb  low_level_init.o [3]
__vector_table          0x08000000         Data  Gb  startup_stm32f030x6.o [1]
_atoi                   0x08000ee1   0x28  Code  Lc  printf.o [1]
_call_main              0x080076a5         Code  Gb  cmain.o [5]
_exit                   0x080076c1         Code  Gb  cexit.o [5]
_ftoa                   0x08001159  0x296  Code  Lc  printf.o [1]
_ftoa::pow10            0x080074f8   0x50  Data  Lc  printf.o [1]
_gLocale_mbtowc         0x0800668b    0xe  Code  Gb  xlocale_c.o [3]
_gLocale_mbtowcInt      0x08006635   0x4e  Code  Gb  xlocale_c.o [3]
_gLocale_wctomb         0x08006699    0xa  Code  Gb  xlocale_c.o [3]
_gLocale_wctombInt      0x08006683    0x8  Code  Gb  xlocale_c.o [3]
_is_digit               0x08000ec9   0x18  Code  Lc  printf.o [1]
_main                   0x080076af         Code  Gb  cmain.o [5]
_ntoa_format            0x08000f09  0x134  Code  Lc  printf.o [1]
_ntoa_long              0x0800103d   0x7c  Code  Lc  printf.o [1]
_ntoa_long_long         0x080010b9   0xa0  Code  Lc  printf.o [1]
_strlen                 0x08000eb7   0x12  Code  Lc  printf.o [1]
_vsnprintf              0x08001401  0x550  Code  Lc  printf.o [1]
abort                   0x08006969    0xa  Code  Gb  abort.o [3]
adcData                 0x200007d8   0x10  Data  Gb  adc.o [1]
characters              0x080000b0  0xdf4  Data  Gb  ui_assets.o [1]
debounceTime_ms         0x20000816    0x1  Data  Gb  buttons.o [1]
debounceTimerFlag       0x20000817    0x1  Data  Gb  buttons.o [1]
delay_ms                0x080052bd    0xe  Code  Lc  lcd.o [1]
digits                  0x08006918   0x28  Data  Lc  iar_Stoulx.o [3]
encoderState            0x20000818    0x1  Data  Lc  encoder.o [1]
exit                    0x080076b7    0x8  Code  Gb  exit.o [3]
fillScreen              0x08004f45   0x1a  Code  Gb  graphics.o [1]
htim17                  0x2000073c   0x40  Data  Gb  stm32f0xx_hal_timebase_TIM.o [1]
isspace                 0x080066e1   0x12  Code  Gb  isspace.o [3]
main                    0x08006fdd   0x8c  Code  Gb  main.o [1]
memchr                  0x08006985   0x18  Code  Gb  memchr.o [5]
ndigs                   0x08006940   0x28  Data  Lc  iar_Stoulx.o [3]
sConfigOC               0x200007bc   0x1c  Data  Gb  pwm.o [1]
sec_hand                0x20000808    0x4  Data  Lc  xfail_s.o [3]
sprintf                 0x08001951   0x22  Code  Gb  printf.o [1]
sscanf                  0x08004b81   0x28  Code  Gb  sscanf.o [3]
str                     0x200006fc   0x40  Data  Gb  serial.o [1]
strchr                  0x080066f3    0x2  Code  Gb  strchr.o [5]
strlen                  0x08000ea5   0x12  Code  Gb  printf.o [1]
strtol                  0x080067dd    0xa  Code  Gb  iar_Stolx.o [3]
strtoul                 0x08006911    0x6  Code  Gb  iar_Stoulx.o [3]
switch_closed           0x08006cc8  0x1bc  Data  Gb  ui_assets.o [1]
switch_open             0x080069b0  0x318  Data  Gb  ui_assets.o [1]
tolower                 0x08006973   0x12  Code  Gb  tolower.o [3]
transitionTable         0x0800767c   0x1c  Data  Gb  encoder.o [1]
uwTick                  0x20000800    0x4  Data  Gb  stm32f0xx_hal.o [1]
wctob                   0x080066a9   0x30  Code  Gb  wctob.o [3]


[1] = C:\Users\Kishan\OneDrive\Projects\Power Supply\Software\power-supply\EWARM\power-supply\Obj
[2] = command line
[3] = dl6M_tlf.a
[4] = m6M_tl.a
[5] = rt6M_tl.a
[6] = shb_l.a

  24 926 bytes of readonly  code memory
   5 650 bytes of readonly  data memory
   2 080 bytes of readwrite data memory

Errors: none
Warnings: none
