###############################################################################
#
# IAR ELF Linker V8.10.1.12857/W32 for ARM                26/Apr/2018  21:56:58
# Copyright 2007-2017 IAR Systems AB.
#
#    Output file  =  
#        C:\Users\Kishan\OneDrive\Projects\Power
#        Supply\Software\power-supply\EWARM\power-supply\Exe\power-supply.out
#    Map file     =  
#        C:\Users\Kishan\OneDrive\Projects\Power
#        Supply\Software\power-supply\EWARM\power-supply\List\power-supply.map
#    Command line =  
#        -f C:\Users\Kishan\AppData\Local\Temp\EW96BE.tmp
#        ("C:\Users\Kishan\OneDrive\Projects\Power
#        Supply\Software\power-supply\EWARM\power-supply\Obj\adc.o"
#        "C:\Users\Kishan\OneDrive\Projects\Power
#        Supply\Software\power-supply\EWARM\power-supply\Obj\buttons.o"
#        "C:\Users\Kishan\OneDrive\Projects\Power
#        Supply\Software\power-supply\EWARM\power-supply\Obj\control.o"
#        "C:\Users\Kishan\OneDrive\Projects\Power
#        Supply\Software\power-supply\EWARM\power-supply\Obj\enable.o"
#        "C:\Users\Kishan\OneDrive\Projects\Power
#        Supply\Software\power-supply\EWARM\power-supply\Obj\encoder.o"
#        "C:\Users\Kishan\OneDrive\Projects\Power
#        Supply\Software\power-supply\EWARM\power-supply\Obj\graphics.o"
#        "C:\Users\Kishan\OneDrive\Projects\Power
#        Supply\Software\power-supply\EWARM\power-supply\Obj\interrupts.o"
#        "C:\Users\Kishan\OneDrive\Projects\Power
#        Supply\Software\power-supply\EWARM\power-supply\Obj\lcd.o"
#        "C:\Users\Kishan\OneDrive\Projects\Power
#        Supply\Software\power-supply\EWARM\power-supply\Obj\main.o"
#        "C:\Users\Kishan\OneDrive\Projects\Power
#        Supply\Software\power-supply\EWARM\power-supply\Obj\printf.o"
#        "C:\Users\Kishan\OneDrive\Projects\Power
#        Supply\Software\power-supply\EWARM\power-supply\Obj\pwm.o"
#        "C:\Users\Kishan\OneDrive\Projects\Power
#        Supply\Software\power-supply\EWARM\power-supply\Obj\serial.o"
#        "C:\Users\Kishan\OneDrive\Projects\Power
#        Supply\Software\power-supply\EWARM\power-supply\Obj\startup_stm32f030x6.o"
#        "C:\Users\Kishan\OneDrive\Projects\Power
#        Supply\Software\power-supply\EWARM\power-supply\Obj\stm32f0xx_hal.o"
#        "C:\Users\Kishan\OneDrive\Projects\Power
#        Supply\Software\power-supply\EWARM\power-supply\Obj\stm32f0xx_hal_adc.o"
#        "C:\Users\Kishan\OneDrive\Projects\Power
#        Supply\Software\power-supply\EWARM\power-supply\Obj\stm32f0xx_hal_adc_ex.o"
#        "C:\Users\Kishan\OneDrive\Projects\Power
#        Supply\Software\power-supply\EWARM\power-supply\Obj\stm32f0xx_hal_cortex.o"
#        "C:\Users\Kishan\OneDrive\Projects\Power
#        Supply\Software\power-supply\EWARM\power-supply\Obj\stm32f0xx_hal_dma.o"
#        "C:\Users\Kishan\OneDrive\Projects\Power
#        Supply\Software\power-supply\EWARM\power-supply\Obj\stm32f0xx_hal_flash.o"
#        "C:\Users\Kishan\OneDrive\Projects\Power
#        Supply\Software\power-supply\EWARM\power-supply\Obj\stm32f0xx_hal_flash_ex.o"
#        "C:\Users\Kishan\OneDrive\Projects\Power
#        Supply\Software\power-supply\EWARM\power-supply\Obj\stm32f0xx_hal_gpio.o"
#        "C:\Users\Kishan\OneDrive\Projects\Power
#        Supply\Software\power-supply\EWARM\power-supply\Obj\stm32f0xx_hal_i2c.o"
#        "C:\Users\Kishan\OneDrive\Projects\Power
#        Supply\Software\power-supply\EWARM\power-supply\Obj\stm32f0xx_hal_i2c_ex.o"
#        "C:\Users\Kishan\OneDrive\Projects\Power
#        Supply\Software\power-supply\EWARM\power-supply\Obj\stm32f0xx_hal_iwdg.o"
#        "C:\Users\Kishan\OneDrive\Projects\Power
#        Supply\Software\power-supply\EWARM\power-supply\Obj\stm32f0xx_hal_msp.o"
#        "C:\Users\Kishan\OneDrive\Projects\Power
#        Supply\Software\power-supply\EWARM\power-supply\Obj\stm32f0xx_hal_pwr.o"
#        "C:\Users\Kishan\OneDrive\Projects\Power
#        Supply\Software\power-supply\EWARM\power-supply\Obj\stm32f0xx_hal_pwr_ex.o"
#        "C:\Users\Kishan\OneDrive\Projects\Power
#        Supply\Software\power-supply\EWARM\power-supply\Obj\stm32f0xx_hal_rcc.o"
#        "C:\Users\Kishan\OneDrive\Projects\Power
#        Supply\Software\power-supply\EWARM\power-supply\Obj\stm32f0xx_hal_rcc_ex.o"
#        "C:\Users\Kishan\OneDrive\Projects\Power
#        Supply\Software\power-supply\EWARM\power-supply\Obj\stm32f0xx_hal_rtc.o"
#        "C:\Users\Kishan\OneDrive\Projects\Power
#        Supply\Software\power-supply\EWARM\power-supply\Obj\stm32f0xx_hal_rtc_ex.o"
#        "C:\Users\Kishan\OneDrive\Projects\Power
#        Supply\Software\power-supply\EWARM\power-supply\Obj\stm32f0xx_hal_spi.o"
#        "C:\Users\Kishan\OneDrive\Projects\Power
#        Supply\Software\power-supply\EWARM\power-supply\Obj\stm32f0xx_hal_spi_ex.o"
#        "C:\Users\Kishan\OneDrive\Projects\Power
#        Supply\Software\power-supply\EWARM\power-supply\Obj\stm32f0xx_hal_tim.o"
#        "C:\Users\Kishan\OneDrive\Projects\Power
#        Supply\Software\power-supply\EWARM\power-supply\Obj\stm32f0xx_hal_tim_ex.o"
#        "C:\Users\Kishan\OneDrive\Projects\Power
#        Supply\Software\power-supply\EWARM\power-supply\Obj\stm32f0xx_hal_timebase_TIM.o"
#        "C:\Users\Kishan\OneDrive\Projects\Power
#        Supply\Software\power-supply\EWARM\power-supply\Obj\stm32f0xx_hal_uart.o"
#        "C:\Users\Kishan\OneDrive\Projects\Power
#        Supply\Software\power-supply\EWARM\power-supply\Obj\stm32f0xx_hal_uart_ex.o"
#        "C:\Users\Kishan\OneDrive\Projects\Power
#        Supply\Software\power-supply\EWARM\power-supply\Obj\stm32f0xx_hal_wwdg.o"
#        "C:\Users\Kishan\OneDrive\Projects\Power
#        Supply\Software\power-supply\EWARM\power-supply\Obj\stm32f0xx_it.o"
#        "C:\Users\Kishan\OneDrive\Projects\Power
#        Supply\Software\power-supply\EWARM\power-supply\Obj\system_state.o"
#        "C:\Users\Kishan\OneDrive\Projects\Power
#        Supply\Software\power-supply\EWARM\power-supply\Obj\system_stm32f0xx.o"
#        "C:\Users\Kishan\OneDrive\Projects\Power
#        Supply\Software\power-supply\EWARM\power-supply\Obj\uart.o"
#        "C:\Users\Kishan\OneDrive\Projects\Power
#        Supply\Software\power-supply\EWARM\power-supply\Obj\ui.o" --redirect
#        _Printf=_PrintfFull --scanf_multibytes -o
#        "C:\Users\Kishan\OneDrive\Projects\Power
#        Supply\Software\power-supply\EWARM\power-supply\Exe\power-supply.out"
#        --map "C:\Users\Kishan\OneDrive\Projects\Power
#        Supply\Software\power-supply\EWARM\power-supply\List\power-supply.map"
#        --config "C:\Users\Kishan\OneDrive\Projects\Power
#        Supply\Software\power-supply\EWARM/stm32f030x6_flash.icf"
#        --semihosting --entry __iar_program_start --vfe --text_out locale)
#
###############################################################################

*******************************************************************************
*** RUNTIME MODEL ATTRIBUTES
***

CppFlavor       = *
__SystemLibrary = DLib
__dlib_version  = 6


*******************************************************************************
*** HEAP SELECTION
***

The basic heap was selected because some modules are built with
size limitations (and not runtime checking), and --advanced_heap
was not specified.


*******************************************************************************
*** PLACEMENT SUMMARY
***

"A0":  place at 0x08000000 { ro section .intvec };
"P1":  place in [from 0x08000000 to 0x08007fff] { ro };
"P2":  place in [from 0x20000000 to 0x20000fff] { rw, block CSTACK, block HEAP };
initialize by copy { rw };

  Section            Kind        Address    Size  Object
  -------            ----        -------    ----  ------
"A0":                                       0xb0
  .intvec            ro code  0x08000000    0xb0  startup_stm32f030x6.o [1]
                            - 0x080000b0    0xb0

"P1":                                     0x3c30
  .text              ro code  0x080000b0   0x83c  stm32f0xx_hal_tim.o [1]
  .text              ro code  0x080008ec     0x2  stm32f0xx_hal_tim.o [1]
  .text              ro code  0x080008ee     0x2  stm32f0xx_hal_tim.o [1]
  .text              ro code  0x080008f0     0x2  stm32f0xx_hal_tim.o [1]
  .text              ro code  0x080008f2     0x2  stm32f0xx_hal_tim.o [1]
  .text              ro code  0x080008f4   0x104  main.o [1]
  .text              ro code  0x080009f8     0x2  stm32f0xx_hal_tim_ex.o [1]
  .text              ro code  0x080009fa     0x2  stm32f0xx_hal_tim.o [1]
  .text              ro code  0x080009fc     0x2  stm32f0xx_hal_tim_ex.o [1]
  .text              ro code  0x080009fe     0x2  startup_stm32f030x6.o [1]
  .text              ro code  0x08000a00    0x20  stm32f0xx_hal.o [1]
  .text              ro code  0x08000a20    0x48  system_state.o [1]
  .text              ro code  0x08000a68   0x188  uart.o [1]
  .text              ro code  0x08000bf0   0x108  enable.o [1]
  .text              ro code  0x08000cf8   0x230  pwm.o [1]
  .text              ro code  0x08000f28   0x18c  adc.o [1]
  .text              ro code  0x080010b4    0xb0  buttons.o [1]
  .text              ro code  0x08001164   0x1bc  encoder.o [1]
  .text              ro code  0x08001320   0x344  lcd.o [1]
  .text              ro code  0x08001664    0x1a  graphics.o [1]
  .text              ro code  0x0800167e     0x2  startup_stm32f030x6.o [1]
  .text              ro code  0x08001680   0x740  stm32f0xx_hal_rcc.o [1]
  .text              ro code  0x08001dc0   0x144  stm32f0xx_hal_rcc_ex.o [1]
  .text              ro code  0x08001f04    0xae  I32DivModFast.o [5]
  .text              ro code  0x08001fb2     0x2  startup_stm32f030x6.o [1]
  .text              ro code  0x08001fb4   0x14c  stm32f0xx_hal_cortex.o [1]
  .text              ro code  0x08002100    0x10  stm32f0xx_hal.o [1]
  .text              ro code  0x08002110    0x98  stm32f0xx_hal_timebase_TIM.o [1]
  .text              ro code  0x080021a8    0x48  stm32f0xx_hal_msp.o [1]
  .text              ro code  0x080021f0   0x250  stm32f0xx_hal_gpio.o [1]
  .text              ro code  0x08002440   0x612  stm32f0xx_hal_uart.o [1]
  .text              ro code  0x08002a52     0x2  startup_stm32f030x6.o [1]
  .text              ro code  0x08002a54   0x27c  stm32f0xx_hal_dma.o [1]
  .text              ro code  0x08002cd0    0xec  stm32f0xx_hal_tim_ex.o [1]
  .text              ro code  0x08002dbc   0x552  stm32f0xx_hal_adc.o [1]
  .text              ro code  0x0800330e     0x2  startup_stm32f030x6.o [1]
  .text              ro code  0x08003310   0x492  stm32f0xx_hal_spi.o [1]
  .text              ro code  0x080037a2    0x20  stm32f0xx_hal.o [1]
  .text              ro code  0x080037c2     0x2  startup_stm32f030x6.o [1]
  .text              ro code  0x080037c4     0xc  stm32f0xx_hal.o [1]
  .text              ro code  0x080037d0    0x34  ABImemcpy.o [5]
  .text              ro code  0x08003804     0x2  IntDivZer.o [5]
  .text              ro code  0x08003806    0x32  interrupts.o [1]
  .text              ro code  0x08003838     0x2  stm32f0xx_hal_uart.o [1]
  .text              ro code  0x0800383a     0x2  stm32f0xx_hal_uart.o [1]
  .text              ro code  0x0800383c     0x2  stm32f0xx_hal_uart.o [1]
  .text              ro code  0x0800383e     0x2  stm32f0xx_hal_adc.o [1]
  .text              ro code  0x08003840     0x2  stm32f0xx_hal_adc.o [1]
  .text              ro code  0x08003842     0x2  stm32f0xx_hal_adc.o [1]
  .rodata            const    0x08003844   0x158  lcd.o [1]
  .text              ro code  0x0800399c    0xd4  stm32f0xx_it.o [1]
  .text              ro code  0x08003a70    0x94  system_stm32f0xx.o [1]
  .rodata            const    0x08003b04    0x50  main.o [1]
  .text              ro code  0x08003b54    0x40  zero_init3.o [5]
  .text              ro code  0x08003b94    0x30  copy_init3.o [5]
  .text              ro code  0x08003bc4    0x28  data_init.o [5]
  .iar.init_table    const    0x08003bec    0x24  - Linker created -
  .rodata            const    0x08003c10    0x1c  encoder.o [1]
  .text              ro code  0x08003c2c    0x1a  cmain.o [5]
  .text              ro code  0x08003c46     0x4  low_level_init.o [3]
  .text              ro code  0x08003c4a     0x8  exit.o [3]
  .text              ro code  0x08003c52     0x2  startup_stm32f030x6.o [1]
  .text              ro code  0x08003c54     0xa  cexit.o [5]
  .text              ro code  0x08003c5e     0x2  startup_stm32f030x6.o [1]
  .text              ro code  0x08003c60    0x14  exit.o [6]
  .rodata            const    0x08003c74    0x10  stm32f0xx_hal_rcc.o [1]
  .rodata            const    0x08003c84    0x10  stm32f0xx_hal_rcc.o [1]
  .rodata            const    0x08003c94    0x10  system_stm32f0xx.o [1]
  .text              ro code  0x08003ca4    0x10  startup_stm32f030x6.o [1]
  .text              ro code  0x08003cb4     0xc  cstartup_M.o [5]
  .rodata            const    0x08003cc0     0x8  system_stm32f0xx.o [1]
  Initializer bytes  const    0x08003cc8     0x4  <for P2-1>
  .text              ro code  0x08003ccc     0x2  startup_stm32f030x6.o [1]
  .text              ro code  0x08003cce     0x2  startup_stm32f030x6.o [1]
  .text              ro code  0x08003cd0     0x2  startup_stm32f030x6.o [1]
  .text              ro code  0x08003cd2     0x2  startup_stm32f030x6.o [1]
  .text              ro code  0x08003cd4     0x2  startup_stm32f030x6.o [1]
  .text              ro code  0x08003cd6     0x2  startup_stm32f030x6.o [1]
  .text              ro code  0x08003cd8     0x2  startup_stm32f030x6.o [1]
  .text              ro code  0x08003cda     0x2  startup_stm32f030x6.o [1]
  .text              ro code  0x08003cdc     0x2  startup_stm32f030x6.o [1]
  .text              ro code  0x08003cde     0x2  startup_stm32f030x6.o [1]
  .rodata            const    0x08003ce0     0x0  zero_init3.o [5]
  .rodata            const    0x08003ce0     0x0  copy_init3.o [5]
                            - 0x08003ce0  0x3c30

"P2", part 1 of 3:                           0x4
  P2-1                        0x20000000     0x4  <Init block>
    .data            inited   0x20000000     0x4  system_stm32f0xx.o [1]
                            - 0x20000004     0x4

"P2", part 2 of 3:                         0x400
  CSTACK                      0x20000008   0x400  <Block>
    CSTACK           uninit   0x20000008   0x400  <Block tail>
                            - 0x20000408   0x400

"P2", part 3 of 3:                         0x2ac
  .bss               zero     0x20000408    0x70  uart.o [1]
  .bss               zero     0x20000478    0x64  lcd.o [1]
  .bss               zero     0x200004dc    0x4c  adc.o [1]
  .bss               zero     0x20000528    0x44  adc.o [1]
  .bss               zero     0x2000056c    0x44  uart.o [1]
  .bss               zero     0x200005b0    0x44  uart.o [1]
  .bss               zero     0x200005f4    0x40  pwm.o [1]
  .bss               zero     0x20000634    0x40  stm32f0xx_hal_timebase_TIM.o [1]
  .bss               zero     0x20000674    0x1c  pwm.o [1]
  .bss               zero     0x20000690    0x10  adc.o [1]
  .bss               zero     0x200006a0     0x4  stm32f0xx_hal.o [1]
  .bss               zero     0x200006a4     0x4  system_state.o [1]
  .bss               zero     0x200006a8     0x2  encoder.o [1]
  .bss               zero     0x200006aa     0x2  encoder.o [1]
  .bss               zero     0x200006ac     0x1  encoder.o [1]
  .bss               zero     0x200006ad     0x1  stm32f0xx_it.o [1]
  .bss               zero     0x200006ae     0x1  stm32f0xx_it.o [1]
  .bss               zero     0x200006af     0x1  stm32f0xx_it.o [1]
  .bss               zero     0x200006b0     0x1  stm32f0xx_it.o [1]
  .bss               zero     0x200006b1     0x1  system_state.o [1]
  .bss               zero     0x200006b2     0x1  system_state.o [1]
                            - 0x200006b3   0x2ab


*******************************************************************************
*** INIT TABLE
***

          Address     Size
          -------     ----
Zero (__iar_zero_init3)
    1 destination range, total size 0x2ab:
          0x20000408  0x2ab

Copy (__iar_copy_init3)
    1 source range, total size 0x4:
          0x08003cc8    0x4
    1 destination range, total size 0x4:
          0x20000000    0x4



*******************************************************************************
*** MODULE SUMMARY
***

    Module                        ro code  ro data  rw data
    ------                        -------  -------  -------
C:\Users\Kishan\OneDrive\Projects\Power Supply\Software\power-supply\EWARM\power-supply\Obj: [1]
    adc.o                             396               160
    buttons.o                         176
    enable.o                          264
    encoder.o                         444       28        5
    graphics.o                         26
    interrupts.o                       50
    lcd.o                             836      344      100
    main.o                            260       80
    pwm.o                             560                92
    startup_stm32f030x6.o             228
    stm32f0xx_hal.o                    92                 4
    stm32f0xx_hal_adc.o             1 368
    stm32f0xx_hal_cortex.o            332
    stm32f0xx_hal_dma.o               636
    stm32f0xx_hal_gpio.o              592
    stm32f0xx_hal_msp.o                72
    stm32f0xx_hal_rcc.o             1 856       32
    stm32f0xx_hal_rcc_ex.o            324
    stm32f0xx_hal_spi.o             1 170
    stm32f0xx_hal_tim.o             2 118
    stm32f0xx_hal_tim_ex.o            240
    stm32f0xx_hal_timebase_TIM.o      152                64
    stm32f0xx_hal_uart.o            1 560
    stm32f0xx_it.o                    212                 4
    system_state.o                     72                 6
    system_stm32f0xx.o                148       28        4
    uart.o                            392               248
    -------------------------------------------------------
    Total:                         14 576      512      687

command line: [2]
    -------------------------------------------------------
    Total:

dl6M_tlf.a: [3]
    exit.o                              8
    low_level_init.o                    4
    -------------------------------------------------------
    Total:                             12

m6M_tl.a: [4]
    -------------------------------------------------------
    Total:

rt6M_tl.a: [5]
    ABImemcpy.o                        52
    I32DivModFast.o                   174
    IntDivZer.o                         2
    cexit.o                            10
    cmain.o                            26
    copy_init3.o                       48
    cstartup_M.o                       12
    data_init.o                        40
    zero_init3.o                       64
    -------------------------------------------------------
    Total:                            428

shb_l.a: [6]
    exit.o                             20
    -------------------------------------------------------
    Total:                             20

    Linker created                              36    1 024
-----------------------------------------------------------
    Grand Total:                   15 036      548    1 711


*******************************************************************************
*** ENTRY LIST
***

Entry                      Address   Size  Type      Object
-----                      -------   ----  ----      ------
.iar.init_table$$Base   0x08003bec          --   Gb  - Linker created -
.iar.init_table$$Limit  0x08003c10          --   Gb  - Linker created -
?main                   0x08003c2d         Code  Gb  cmain.o [5]
ADC_DMAConvCplt         0x0800325d   0x7a  Code  Lc  stm32f0xx_hal_adc.o [1]
ADC_DMAError            0x080032ef   0x1e  Code  Lc  stm32f0xx_hal_adc.o [1]
ADC_DMAHalfConvCplt     0x080032e1    0xe  Code  Lc  stm32f0xx_hal_adc.o [1]
ADC_Enable              0x080031a5   0xa6  Code  Lc  stm32f0xx_hal_adc.o [1]
ADC_GPIO_Init           0x08000f29   0x3a  Code  Lc  adc.o [1]
ADC_Handle              0x200004dc   0x4c  Data  Gb  adc.o [1]
ADC_Init                0x08000f63  0x134  Code  Gb  adc.o [1]
AHBPrescTable           0x08003c94   0x10  Data  Gb  system_stm32f0xx.o [1]
APBPrescTable           0x08003cc0    0x8  Data  Gb  system_stm32f0xx.o [1]
Buttons_IRQ_Callback    0x08001139   0x1e  Code  Gb  buttons.o [1]
Buttons_Init            0x080010b5   0x84  Code  Gb  buttons.o [1]
CSTACK$$Base            0x20000008          --   Gb  - Linker created -
CSTACK$$Limit           0x20000408          --   Gb  - Linker created -
DMA1_Channel2_3_IRQHandler
                        0x080039b9   0x14  Code  Gb  stm32f0xx_it.o [1]
DMA_ADC_Handle          0x20000528   0x44  Data  Gb  adc.o [1]
DMA_CalcBaseAndBitshift
                        0x08002cab   0x1a  Code  Lc  stm32f0xx_hal_dma.o [1]
DMA_SetConfig           0x08002c81   0x2a  Code  Lc  stm32f0xx_hal_dma.o [1]
EXTI4_15_IRQHandler     0x080039cd   0x88  Code  Gb  stm32f0xx_it.o [1]
EXTI4_15_IRQHandler::Sw1
                        0x200006b0    0x1  Data  Lc  stm32f0xx_it.o [1]
EXTI4_15_IRQHandler::encSw
                        0x200006af    0x1  Data  Lc  stm32f0xx_it.o [1]
EXTI4_15_IRQHandler::pinA
                        0x200006ad    0x1  Data  Lc  stm32f0xx_it.o [1]
EXTI4_15_IRQHandler::pinB
                        0x200006ae    0x1  Data  Lc  stm32f0xx_it.o [1]
Enable_Bklight          0x08000ce5   0x14  Code  Gb  enable.o [1]
Enable_Init             0x08000bf1   0xa6  Code  Gb  enable.o [1]
Enable_Output           0x08000c97   0x30  Code  Gb  enable.o [1]
Enable_VSW              0x08000cc7   0x14  Code  Gb  enable.o [1]
Encoder_IRQ_Callback    0x080011e7   0xd8  Code  Gb  encoder.o [1]
Encoder_IRQ_Callback::encoderCurrent
                        0x200006aa    0x2  Data  Lc  encoder.o [1]
Encoder_IRQ_Callback::encoderVoltage
                        0x200006a8    0x2  Data  Lc  encoder.o [1]
Encoder_Init            0x08001165   0x82  Code  Gb  encoder.o [1]
Encoder_Process         0x080012bf   0x44  Code  Lc  encoder.o [1]
Get_EncoderSwitchState  0x08000a49    0x6  Code  Gb  system_state.o [1]
HAL_ADC_ConfigChannel   0x0800303d  0x168  Code  Gb  stm32f0xx_hal_adc.o [1]
HAL_ADC_Init            0x08002dbd  0x1ba  Code  Gb  stm32f0xx_hal_adc.o [1]
HAL_ADC_Start_DMA       0x08002f85   0xa8  Code  Gb  stm32f0xx_hal_adc.o [1]
HAL_DMA_Abort_IT        0x08002b55   0x58  Code  Gb  stm32f0xx_hal_dma.o [1]
HAL_DMA_IRQHandler      0x08002bad   0xd4  Code  Gb  stm32f0xx_hal_dma.o [1]
HAL_DMA_Init            0x08002a55   0x6c  Code  Gb  stm32f0xx_hal_dma.o [1]
HAL_DMA_Start_IT        0x08002ac5   0x90  Code  Gb  stm32f0xx_hal_dma.o [1]
HAL_Delay               0x080037a3   0x20  Code  Wk  stm32f0xx_hal.o [1]
HAL_GPIO_EXTI_Callback  0x08003807   0x32  Code  Gb  interrupts.o [1]
HAL_GPIO_EXTI_IRQHandler
                        0x080023f7   0x20  Code  Gb  stm32f0xx_hal_gpio.o [1]
HAL_GPIO_Init           0x080021f1  0x1d6  Code  Gb  stm32f0xx_hal_gpio.o [1]
HAL_GPIO_ReadPin        0x080023c7   0x1c  Code  Gb  stm32f0xx_hal_gpio.o [1]
HAL_GPIO_WritePin       0x080023e3   0x14  Code  Gb  stm32f0xx_hal_gpio.o [1]
HAL_GetTick             0x080037c5    0xc  Code  Wk  stm32f0xx_hal.o [1]
HAL_IncTick             0x08002101   0x10  Code  Wk  stm32f0xx_hal.o [1]
HAL_Init                0x08000a01   0x1c  Code  Gb  stm32f0xx_hal.o [1]
HAL_InitTick            0x08002111   0x84  Code  Gb  stm32f0xx_hal_timebase_TIM.o [1]
HAL_MspInit             0x080021a9   0x48  Code  Gb  stm32f0xx_hal_msp.o [1]
HAL_NVIC_DisableIRQ     0x080020ad    0xe  Code  Gb  stm32f0xx_hal_cortex.o [1]
HAL_NVIC_EnableIRQ      0x0800209f    0xe  Code  Gb  stm32f0xx_hal_cortex.o [1]
HAL_NVIC_SetPriority    0x0800208b   0x14  Code  Gb  stm32f0xx_hal_cortex.o [1]
HAL_RCCEx_PeriphCLKConfig
                        0x08001dc1  0x122  Code  Gb  stm32f0xx_hal_rcc_ex.o [1]
HAL_RCC_ClockConfig     0x08001b49  0x15e  Code  Gb  stm32f0xx_hal_rcc.o [1]
HAL_RCC_GetClockConfig  0x08001d61   0x32  Code  Gb  stm32f0xx_hal_rcc.o [1]
HAL_RCC_GetHCLKFreq     0x08001d3b    0x6  Code  Gb  stm32f0xx_hal_rcc.o [1]
HAL_RCC_GetPCLK1Freq    0x08001d41   0x18  Code  Gb  stm32f0xx_hal_rcc.o [1]
HAL_RCC_GetSysClockFreq
                        0x08001cbd   0x7e  Code  Gb  stm32f0xx_hal_rcc.o [1]
HAL_RCC_OscConfig       0x08001681  0x4aa  Code  Gb  stm32f0xx_hal_rcc.o [1]
HAL_SPI_Init            0x08003311   0xda  Code  Gb  stm32f0xx_hal_spi.o [1]
HAL_SPI_Transmit        0x080033eb  0x1e0  Code  Gb  stm32f0xx_hal_spi.o [1]
HAL_SYSTICK_CLKSourceConfig
                        0x080020c3   0x22  Code  Gb  stm32f0xx_hal_cortex.o [1]
HAL_SYSTICK_Config      0x080020bb    0x8  Code  Gb  stm32f0xx_hal_cortex.o [1]
HAL_TIMEx_BreakCallback
                        0x080009f9    0x2  Code  Wk  stm32f0xx_hal_tim_ex.o [1]
HAL_TIMEx_CommutationCallback
                        0x080009fd    0x2  Code  Wk  stm32f0xx_hal_tim_ex.o [1]
HAL_TIMEx_ConfigBreakDeadTime
                        0x08002d2d   0x74  Code  Gb  stm32f0xx_hal_tim_ex.o [1]
HAL_TIMEx_MasterConfigSynchronization
                        0x08002cd1   0x5c  Code  Gb  stm32f0xx_hal_tim_ex.o [1]
HAL_TIM_Base_Init       0x080000b1   0x38  Code  Gb  stm32f0xx_hal_tim.o [1]
HAL_TIM_Base_Start_IT   0x080000e9   0x1e  Code  Gb  stm32f0xx_hal_tim.o [1]
HAL_TIM_ConfigClockSource
                        0x0800042d  0x128  Code  Gb  stm32f0xx_hal_tim.o [1]
HAL_TIM_IRQHandler      0x080001a1  0x182  Code  Gb  stm32f0xx_hal_tim.o [1]
HAL_TIM_PWM_ConfigChannel
                        0x08000323  0x104  Code  Gb  stm32f0xx_hal_tim.o [1]
HAL_TIM_PWM_Init        0x08000107   0x38  Code  Gb  stm32f0xx_hal_tim.o [1]
HAL_TIM_PWM_Start       0x0800013f   0x52  Code  Gb  stm32f0xx_hal_tim.o [1]
HAL_TIM_PeriodElapsedCallback
                        0x080009d7   0x12  Code  Gb  main.o [1]
HAL_UART_IRQHandler     0x080024c5  0x138  Code  Gb  stm32f0xx_hal_uart.o [1]
HAL_UART_Init           0x08002441   0x7e  Code  Gb  stm32f0xx_hal_uart.o [1]
HardFault_Handler       0x0800399f    0x4  Code  Gb  stm32f0xx_it.o [1]
LCD_FillRectangle       0x0800156f   0x64  Code  Gb  lcd.o [1]
LCD_GPIO_Pins_Init      0x08001321  0x108  Code  Lc  lcd.o [1]
LCD_Init                0x0800148d   0x8c  Code  Gb  lcd.o [1]
LCD_InitArray           0x08003844  0x158  Data  Lc  lcd.o [1]
LCD_SPI_Init            0x08001429   0x64  Code  Lc  lcd.o [1]
LCD_SendCommand         0x080015f3   0x2c  Code  Lc  lcd.o [1]
LCD_SendData            0x0800161f   0x2c  Code  Lc  lcd.o [1]
LCD_SetAddrWindow       0x08001519   0x56  Code  Gb  lcd.o [1]
NMI_Handler             0x0800399d    0x2  Code  Gb  stm32f0xx_it.o [1]
NVIC_DisableIRQ         0x08001fc3    0xe  Code  Lc  stm32f0xx_hal_cortex.o [1]
NVIC_EnableIRQ          0x08001fb5    0xe  Code  Lc  stm32f0xx_hal_cortex.o [1]
NVIC_SetPriority        0x08001fd1   0x88  Code  Lc  stm32f0xx_hal_cortex.o [1]
PWM_Init                0x08000cf9  0x1b0  Code  Gb  pwm.o [1]
PWM_setDuty             0x08000ea9   0x66  Code  Gb  pwm.o [1]
Region$$Table$$Base     0x08003bec          --   Gb  - Linker created -
Region$$Table$$Limit    0x08003c10          --   Gb  - Linker created -
SPI_EndRxTxTransaction  0x08003735   0x6c  Code  Lc  stm32f0xx_hal_spi.o [1]
SPI_Handle              0x20000478   0x64  Data  Gb  lcd.o [1]
SPI_WaitFifoStateUntilTimeout
                        0x08003679   0xb6  Code  Lc  stm32f0xx_hal_spi.o [1]
SPI_WaitFlagStateUntilTimeout
                        0x080035d5   0xa4  Code  Lc  stm32f0xx_hal_spi.o [1]
SPI_Write               0x080015e1   0x12  Code  Lc  lcd.o [1]
Set_EncoderCurrent      0x08000a43    0x6  Code  Gb  system_state.o [1]
Set_EncoderSwitchState  0x08000a4f    0x6  Code  Gb  system_state.o [1]
Set_EncoderVoltage      0x08000a3d    0x6  Code  Gb  system_state.o [1]
Set_OutputSwState       0x08000a55    0x6  Code  Gb  system_state.o [1]
State_EncoderSw         0x200006b1    0x1  Data  Lc  system_state.o [1]
State_EncoderVal        0x200006a4    0x4  Data  Lc  system_state.o [1]
State_OutputSw          0x200006b2    0x1  Data  Lc  system_state.o [1]
SysTick_Config          0x08002059   0x32  Code  Lc  stm32f0xx_hal_cortex.o [1]
SysTick_Handler         0x080039a3    0x2  Code  Gb  stm32f0xx_it.o [1]
SystemClock_Config      0x0800092d   0xaa  Code  Gb  main.o [1]
SystemCoreClock         0x20000000    0x4  Data  Gb  system_stm32f0xx.o [1]
SystemInit              0x08003a71   0x68  Code  Gb  system_stm32f0xx.o [1]
SystemState_Init        0x08000a21   0x1c  Code  Gb  system_state.o [1]
TIM17_IRQHandler        0x080039a5    0xa  Code  Gb  stm32f0xx_it.o [1]
TIM1_Handle             0x200005f4   0x40  Data  Gb  pwm.o [1]
TIM_Base_SetConfig      0x08000559   0x78  Code  Gb  stm32f0xx_hal_tim.o [1]
TIM_CCxChannelCmd       0x080008cd   0x1e  Code  Gb  stm32f0xx_hal_tim.o [1]
TIM_ETR_SetConfig       0x08000891   0x20  Code  Gb  stm32f0xx_hal_tim.o [1]
TIM_ITRx_SetConfig      0x08000879   0x18  Code  Lc  stm32f0xx_hal_tim.o [1]
TIM_OC1_SetConfig       0x080005d1   0x8a  Code  Lc  stm32f0xx_hal_tim.o [1]
TIM_OC2_SetConfig       0x0800065b   0x8e  Code  Gb  stm32f0xx_hal_tim.o [1]
TIM_OC3_SetConfig       0x080006e9   0x8e  Code  Lc  stm32f0xx_hal_tim.o [1]
TIM_OC4_SetConfig       0x08000789   0x6c  Code  Lc  stm32f0xx_hal_tim.o [1]
TIM_TI1_ConfigInputStage
                        0x0800080d   0x2e  Code  Lc  stm32f0xx_hal_tim.o [1]
TIM_TI2_ConfigInputStage
                        0x0800083b   0x34  Code  Lc  stm32f0xx_hal_tim.o [1]
UART_AdvFeatureConfig   0x080027ab   0xde  Code  Gb  stm32f0xx_hal_uart.o [1]
UART_CheckIdleState     0x08002895   0x1c  Code  Gb  stm32f0xx_hal_uart.o [1]
UART_DMAAbortOnError    0x08002909   0x1a  Code  Lc  stm32f0xx_hal_uart.o [1]
UART_EndRxTransfer      0x080028b9   0x20  Code  Lc  stm32f0xx_hal_uart.o [1]
UART_EndTransmit_IT     0x08002997   0x20  Code  Gb  stm32f0xx_hal_uart.o [1]
UART_Handle             0x20000408   0x70  Data  Gb  uart.o [1]
UART_Init               0x08000a69  0x164  Code  Gb  uart.o [1]
UART_Init::DMARX_Handle
                        0x200005b0   0x44  Data  Lc  uart.o [1]
UART_Init::DMATX_Handle
                        0x2000056c   0x44  Data  Lc  uart.o [1]
UART_Receive_IT         0x080029b7   0x92  Code  Gb  stm32f0xx_hal_uart.o [1]
UART_SetConfig          0x08002601  0x1aa  Code  Gb  stm32f0xx_hal_uart.o [1]
UART_Transmit_IT        0x08002923   0x74  Code  Gb  stm32f0xx_hal_uart.o [1]
USART1_IRQHandler       0x080039af    0xa  Code  Gb  stm32f0xx_it.o [1]
_Error_Handler          0x080009f5    0x4  Code  Gb  main.o [1]
__ICFEDIT_region_RAM_end__ {Abs}
                        0x20000fff         Data  Gb  command line/config [2]
__ICFEDIT_region_RAM_start__ {Abs}
                        0x20000000         Data  Gb  command line/config [2]
__aeabi_idiv0           0x08003805         Code  Gb  IntDivZer.o [5]
__aeabi_memcpy4         0x080037d1         Code  Wk  ABImemcpy.o [5]
__aeabi_uidiv           0x08001f05         Code  Gb  I32DivModFast.o [5]
__aeabi_uidivmod        0x08001f05         Code  Gb  I32DivModFast.o [5]
__cmain                 0x08003c2d         Code  Gb  cmain.o [5]
__exit                  0x08003c61   0x14  Code  Gb  exit.o [6]
__iar_copy_init3        0x08003b95   0x30  Code  Gb  copy_init3.o [5]
__iar_data_init3        0x08003bc5   0x28  Code  Gb  data_init.o [5]
__iar_program_start     0x08003cb5         Code  Gb  cstartup_M.o [5]
__iar_systems$$module {Abs}
                        0x00000001         Data  Gb  command line/config [2]
__iar_zero_init3        0x08003b55   0x40  Code  Gb  zero_init3.o [5]
__low_level_init        0x08003c47    0x4  Code  Gb  low_level_init.o [3]
__vector_table          0x08000000         Data  Gb  startup_stm32f030x6.o [1]
_call_main              0x08003c39         Code  Gb  cmain.o [5]
_exit                   0x08003c55         Code  Gb  cexit.o [5]
_main                   0x08003c43         Code  Gb  cmain.o [5]
adcData                 0x20000690   0x10  Data  Gb  adc.o [1]
delay_ms                0x080015d3    0xe  Code  Lc  lcd.o [1]
encoderState            0x200006ac    0x1  Data  Lc  encoder.o [1]
exit                    0x08003c4b    0x8  Code  Gb  exit.o [3]
fillScreen              0x08001665   0x1a  Code  Gb  graphics.o [1]
htim17                  0x20000634   0x40  Data  Gb  stm32f0xx_hal_timebase_TIM.o [1]
main                    0x080008f5   0x38  Code  Gb  main.o [1]
sConfigOC               0x20000674   0x1c  Data  Gb  pwm.o [1]
transitionTable         0x08003c10   0x1c  Data  Gb  encoder.o [1]
uwTick                  0x200006a0    0x4  Data  Gb  stm32f0xx_hal.o [1]


[1] = C:\Users\Kishan\OneDrive\Projects\Power Supply\Software\power-supply\EWARM\power-supply\Obj
[2] = command line
[3] = dl6M_tlf.a
[4] = m6M_tl.a
[5] = rt6M_tl.a
[6] = shb_l.a

  15 036 bytes of readonly  code memory
     548 bytes of readonly  data memory
   1 711 bytes of readwrite data memory

Errors: none
Warnings: none
