###############################################################################
#
# IAR ELF Linker V8.10.1.12857/W32 for ARM                28/Apr/2018  00:45:58
# Copyright 2007-2017 IAR Systems AB.
#
#    Output file  =  
#        C:\Users\Kishan\OneDrive\Projects\Power
#        Supply\Software\power-supply\EWARM\power-supply\Exe\power-supply.out
#    Map file     =  
#        C:\Users\Kishan\OneDrive\Projects\Power
#        Supply\Software\power-supply\EWARM\power-supply\List\power-supply.map
#    Command line =  
#        -f C:\Users\Kishan\AppData\Local\Temp\EWBD0A.tmp
#        ("C:\Users\Kishan\OneDrive\Projects\Power
#        Supply\Software\power-supply\EWARM\power-supply\Obj\adc.o"
#        "C:\Users\Kishan\OneDrive\Projects\Power
#        Supply\Software\power-supply\EWARM\power-supply\Obj\buttons.o"
#        "C:\Users\Kishan\OneDrive\Projects\Power
#        Supply\Software\power-supply\EWARM\power-supply\Obj\control.o"
#        "C:\Users\Kishan\OneDrive\Projects\Power
#        Supply\Software\power-supply\EWARM\power-supply\Obj\enable.o"
#        "C:\Users\Kishan\OneDrive\Projects\Power
#        Supply\Software\power-supply\EWARM\power-supply\Obj\encoder.o"
#        "C:\Users\Kishan\OneDrive\Projects\Power
#        Supply\Software\power-supply\EWARM\power-supply\Obj\graphics.o"
#        "C:\Users\Kishan\OneDrive\Projects\Power
#        Supply\Software\power-supply\EWARM\power-supply\Obj\interrupts.o"
#        "C:\Users\Kishan\OneDrive\Projects\Power
#        Supply\Software\power-supply\EWARM\power-supply\Obj\lcd.o"
#        "C:\Users\Kishan\OneDrive\Projects\Power
#        Supply\Software\power-supply\EWARM\power-supply\Obj\main.o"
#        "C:\Users\Kishan\OneDrive\Projects\Power
#        Supply\Software\power-supply\EWARM\power-supply\Obj\printf.o"
#        "C:\Users\Kishan\OneDrive\Projects\Power
#        Supply\Software\power-supply\EWARM\power-supply\Obj\pwm.o"
#        "C:\Users\Kishan\OneDrive\Projects\Power
#        Supply\Software\power-supply\EWARM\power-supply\Obj\serial.o"
#        "C:\Users\Kishan\OneDrive\Projects\Power
#        Supply\Software\power-supply\EWARM\power-supply\Obj\startup_stm32f030x6.o"
#        "C:\Users\Kishan\OneDrive\Projects\Power
#        Supply\Software\power-supply\EWARM\power-supply\Obj\stm32f0xx_hal.o"
#        "C:\Users\Kishan\OneDrive\Projects\Power
#        Supply\Software\power-supply\EWARM\power-supply\Obj\stm32f0xx_hal_adc.o"
#        "C:\Users\Kishan\OneDrive\Projects\Power
#        Supply\Software\power-supply\EWARM\power-supply\Obj\stm32f0xx_hal_adc_ex.o"
#        "C:\Users\Kishan\OneDrive\Projects\Power
#        Supply\Software\power-supply\EWARM\power-supply\Obj\stm32f0xx_hal_cortex.o"
#        "C:\Users\Kishan\OneDrive\Projects\Power
#        Supply\Software\power-supply\EWARM\power-supply\Obj\stm32f0xx_hal_dma.o"
#        "C:\Users\Kishan\OneDrive\Projects\Power
#        Supply\Software\power-supply\EWARM\power-supply\Obj\stm32f0xx_hal_flash.o"
#        "C:\Users\Kishan\OneDrive\Projects\Power
#        Supply\Software\power-supply\EWARM\power-supply\Obj\stm32f0xx_hal_flash_ex.o"
#        "C:\Users\Kishan\OneDrive\Projects\Power
#        Supply\Software\power-supply\EWARM\power-supply\Obj\stm32f0xx_hal_gpio.o"
#        "C:\Users\Kishan\OneDrive\Projects\Power
#        Supply\Software\power-supply\EWARM\power-supply\Obj\stm32f0xx_hal_i2c.o"
#        "C:\Users\Kishan\OneDrive\Projects\Power
#        Supply\Software\power-supply\EWARM\power-supply\Obj\stm32f0xx_hal_i2c_ex.o"
#        "C:\Users\Kishan\OneDrive\Projects\Power
#        Supply\Software\power-supply\EWARM\power-supply\Obj\stm32f0xx_hal_iwdg.o"
#        "C:\Users\Kishan\OneDrive\Projects\Power
#        Supply\Software\power-supply\EWARM\power-supply\Obj\stm32f0xx_hal_msp.o"
#        "C:\Users\Kishan\OneDrive\Projects\Power
#        Supply\Software\power-supply\EWARM\power-supply\Obj\stm32f0xx_hal_pwr.o"
#        "C:\Users\Kishan\OneDrive\Projects\Power
#        Supply\Software\power-supply\EWARM\power-supply\Obj\stm32f0xx_hal_pwr_ex.o"
#        "C:\Users\Kishan\OneDrive\Projects\Power
#        Supply\Software\power-supply\EWARM\power-supply\Obj\stm32f0xx_hal_rcc.o"
#        "C:\Users\Kishan\OneDrive\Projects\Power
#        Supply\Software\power-supply\EWARM\power-supply\Obj\stm32f0xx_hal_rcc_ex.o"
#        "C:\Users\Kishan\OneDrive\Projects\Power
#        Supply\Software\power-supply\EWARM\power-supply\Obj\stm32f0xx_hal_rtc.o"
#        "C:\Users\Kishan\OneDrive\Projects\Power
#        Supply\Software\power-supply\EWARM\power-supply\Obj\stm32f0xx_hal_rtc_ex.o"
#        "C:\Users\Kishan\OneDrive\Projects\Power
#        Supply\Software\power-supply\EWARM\power-supply\Obj\stm32f0xx_hal_spi.o"
#        "C:\Users\Kishan\OneDrive\Projects\Power
#        Supply\Software\power-supply\EWARM\power-supply\Obj\stm32f0xx_hal_spi_ex.o"
#        "C:\Users\Kishan\OneDrive\Projects\Power
#        Supply\Software\power-supply\EWARM\power-supply\Obj\stm32f0xx_hal_tim.o"
#        "C:\Users\Kishan\OneDrive\Projects\Power
#        Supply\Software\power-supply\EWARM\power-supply\Obj\stm32f0xx_hal_tim_ex.o"
#        "C:\Users\Kishan\OneDrive\Projects\Power
#        Supply\Software\power-supply\EWARM\power-supply\Obj\stm32f0xx_hal_timebase_TIM.o"
#        "C:\Users\Kishan\OneDrive\Projects\Power
#        Supply\Software\power-supply\EWARM\power-supply\Obj\stm32f0xx_hal_uart.o"
#        "C:\Users\Kishan\OneDrive\Projects\Power
#        Supply\Software\power-supply\EWARM\power-supply\Obj\stm32f0xx_hal_uart_ex.o"
#        "C:\Users\Kishan\OneDrive\Projects\Power
#        Supply\Software\power-supply\EWARM\power-supply\Obj\stm32f0xx_hal_wwdg.o"
#        "C:\Users\Kishan\OneDrive\Projects\Power
#        Supply\Software\power-supply\EWARM\power-supply\Obj\stm32f0xx_it.o"
#        "C:\Users\Kishan\OneDrive\Projects\Power
#        Supply\Software\power-supply\EWARM\power-supply\Obj\system_state.o"
#        "C:\Users\Kishan\OneDrive\Projects\Power
#        Supply\Software\power-supply\EWARM\power-supply\Obj\system_stm32f0xx.o"
#        "C:\Users\Kishan\OneDrive\Projects\Power
#        Supply\Software\power-supply\EWARM\power-supply\Obj\uart.o"
#        "C:\Users\Kishan\OneDrive\Projects\Power
#        Supply\Software\power-supply\EWARM\power-supply\Obj\ui.o" --redirect
#        _Printf=_PrintfFull --scanf_multibytes -o
#        "C:\Users\Kishan\OneDrive\Projects\Power
#        Supply\Software\power-supply\EWARM\power-supply\Exe\power-supply.out"
#        --map "C:\Users\Kishan\OneDrive\Projects\Power
#        Supply\Software\power-supply\EWARM\power-supply\List\power-supply.map"
#        --config "C:\Users\Kishan\OneDrive\Projects\Power
#        Supply\Software\power-supply\EWARM/stm32f030x6_flash.icf"
#        --semihosting --entry __iar_program_start --vfe --text_out locale)
#
###############################################################################

*******************************************************************************
*** RUNTIME MODEL ATTRIBUTES
***

CppFlavor       = *
__SystemLibrary = DLib
__dlib_version  = 6


*******************************************************************************
*** HEAP SELECTION
***

The basic heap was selected because some modules are built with
size limitations (and not runtime checking), and --advanced_heap
was not specified.


*******************************************************************************
*** PLACEMENT SUMMARY
***

"A0":  place at 0x08000000 { ro section .intvec };
"P1":  place in [from 0x08000000 to 0x08007fff] { ro };
"P2":  place in [from 0x20000000 to 0x20000fff] { rw, block CSTACK, block HEAP };
initialize by copy { rw };

  Section            Kind        Address    Size  Object
  -------            ----        -------    ----  ------
"A0":                                       0xb0
  .intvec            ro code  0x08000000    0xb0  startup_stm32f030x6.o [1]
                            - 0x080000b0    0xb0

"P1":                                     0x4154
  .text              ro code  0x080000b0   0x906  stm32f0xx_hal_uart.o [1]
  .text              ro code  0x080009b6     0x2  startup_stm32f030x6.o [1]
  .text              ro code  0x080009b8     0xc  stm32f0xx_hal.o [1]
  .text              ro code  0x080009c4   0x27c  stm32f0xx_hal_dma.o [1]
  .text              ro code  0x08000c40     0x2  stm32f0xx_hal_uart.o [1]
  .text              ro code  0x08000c42     0x2  startup_stm32f030x6.o [1]
  .text              ro code  0x08000c44   0x740  stm32f0xx_hal_rcc.o [1]
  .text              ro code  0x08001384    0xae  I32DivModFast.o [5]
  .text              ro code  0x08001432     0x2  stm32f0xx_hal_uart.o [1]
  .text              ro code  0x08001434     0x2  stm32f0xx_hal_uart.o [1]
  .text              ro code  0x08001436     0x2  stm32f0xx_hal_uart.o [1]
  .text              ro code  0x08001438    0x98  stm32f0xx_hal_timebase_TIM.o [1]
  .text              ro code  0x080014d0    0x34  ABImemcpy.o [5]
  .text              ro code  0x08001504     0x2  IntDivZer.o [5]
  .text              ro code  0x08001506     0x2  startup_stm32f030x6.o [1]
  .text              ro code  0x08001508   0x14c  stm32f0xx_hal_cortex.o [1]
  .text              ro code  0x08001654   0x87c  stm32f0xx_hal_tim.o [1]
  .text              ro code  0x08001ed0     0x2  stm32f0xx_hal_tim.o [1]
  .text              ro code  0x08001ed2     0x2  stm32f0xx_hal_tim.o [1]
  .text              ro code  0x08001ed4     0x2  stm32f0xx_hal_tim.o [1]
  .text              ro code  0x08001ed6     0x2  stm32f0xx_hal_tim.o [1]
  .text              ro code  0x08001ed8    0x58  interrupts.o [1]
  .text              ro code  0x08001f30     0x2  stm32f0xx_hal_tim_ex.o [1]
  .text              ro code  0x08001f32     0x2  stm32f0xx_hal_tim.o [1]
  .text              ro code  0x08001f34     0x2  stm32f0xx_hal_tim_ex.o [1]
  .text              ro code  0x08001f36     0x2  startup_stm32f030x6.o [1]
  .text              ro code  0x08001f38   0x1bc  buttons.o [1]
  .text              ro code  0x080020f4   0x1bc  encoder.o [1]
  .text              ro code  0x080022b0    0x10  stm32f0xx_hal.o [1]
  .text              ro code  0x080022c0   0x250  stm32f0xx_hal_gpio.o [1]
  .text              ro code  0x08002510    0x4c  system_state.o [1]
  .text              ro code  0x0800255c   0x552  stm32f0xx_hal_adc.o [1]
  .text              ro code  0x08002aae     0x2  stm32f0xx_hal_adc.o [1]
  .text              ro code  0x08002ab0     0x2  stm32f0xx_hal_adc.o [1]
  .text              ro code  0x08002ab2     0x2  stm32f0xx_hal_adc.o [1]
  .text              ro code  0x08002ab4   0x492  stm32f0xx_hal_spi.o [1]
  .text              ro code  0x08002f46     0x2  startup_stm32f030x6.o [1]
  .text              ro code  0x08002f48   0x344  lcd.o [1]
  .text              ro code  0x0800328c    0x20  stm32f0xx_hal.o [1]
  .text              ro code  0x080032ac   0x244  pwm.o [1]
  .text              ro code  0x080034f0    0xec  stm32f0xx_hal_tim_ex.o [1]
  .text              ro code  0x080035dc   0x1c4  uart.o [1]
  .text              ro code  0x080037a0    0x12  printf.o [1]
  .text              ro code  0x080037b2     0x2  startup_stm32f030x6.o [1]
  .text              ro code  0x080037b4   0x18c  adc.o [1]
  .rodata            const    0x08003940   0x158  lcd.o [1]
  .text              ro code  0x08003a98   0x144  stm32f0xx_hal_rcc_ex.o [1]
  .text              ro code  0x08003bdc   0x108  enable.o [1]
  .text              ro code  0x08003ce4    0xf4  main.o [1]
  .text              ro code  0x08003dd8    0x20  stm32f0xx_hal.o [1]
  .text              ro code  0x08003df8    0x1c  serial.o [1]
  .text              ro code  0x08003e14    0x1a  graphics.o [1]
  .text              ro code  0x08003e2e     0x2  startup_stm32f030x6.o [1]
  .text              ro code  0x08003e30    0x48  stm32f0xx_hal_msp.o [1]
  .text              ro code  0x08003e78    0xe4  stm32f0xx_it.o [1]
  .text              ro code  0x08003f5c    0x94  system_stm32f0xx.o [1]
  .rodata            const    0x08003ff0    0x50  main.o [1]
  .text              ro code  0x08004040    0x40  zero_init3.o [5]
  .rodata            const    0x08004080    0x3c  serial.o [1]
  .text              ro code  0x080040bc    0x30  copy_init3.o [5]
  .text              ro code  0x080040ec    0x28  data_init.o [5]
  .iar.init_table    const    0x08004114    0x24  - Linker created -
  .rodata            const    0x08004138    0x1c  encoder.o [1]
  .text              ro code  0x08004154    0x1a  cmain.o [5]
  .text              ro code  0x0800416e     0x4  low_level_init.o [3]
  .text              ro code  0x08004172     0x8  exit.o [3]
  .text              ro code  0x0800417a     0x2  startup_stm32f030x6.o [1]
  .text              ro code  0x0800417c     0xa  cexit.o [5]
  .text              ro code  0x08004186     0x2  startup_stm32f030x6.o [1]
  .text              ro code  0x08004188    0x14  exit.o [6]
  .rodata            const    0x0800419c    0x10  stm32f0xx_hal_rcc.o [1]
  .rodata            const    0x080041ac    0x10  stm32f0xx_hal_rcc.o [1]
  .rodata            const    0x080041bc    0x10  system_stm32f0xx.o [1]
  .text              ro code  0x080041cc    0x10  startup_stm32f030x6.o [1]
  .text              ro code  0x080041dc     0xc  cstartup_M.o [5]
  .rodata            const    0x080041e8     0x8  system_stm32f0xx.o [1]
  Initializer bytes  const    0x080041f0     0x4  <for P2-1>
  .text              ro code  0x080041f4     0x2  startup_stm32f030x6.o [1]
  .text              ro code  0x080041f6     0x2  startup_stm32f030x6.o [1]
  .text              ro code  0x080041f8     0x2  startup_stm32f030x6.o [1]
  .text              ro code  0x080041fa     0x2  startup_stm32f030x6.o [1]
  .text              ro code  0x080041fc     0x2  startup_stm32f030x6.o [1]
  .text              ro code  0x080041fe     0x2  startup_stm32f030x6.o [1]
  .text              ro code  0x08004200     0x2  startup_stm32f030x6.o [1]
  .text              ro code  0x08004202     0x2  startup_stm32f030x6.o [1]
  .rodata            const    0x08004204     0x0  zero_init3.o [5]
  .rodata            const    0x08004204     0x0  copy_init3.o [5]
                            - 0x08004204  0x4154

"P2", part 1 of 3:                           0x4
  P2-1                        0x20000000     0x4  <Init block>
    .data            inited   0x20000000     0x4  system_stm32f0xx.o [1]
                            - 0x20000004     0x4

"P2", part 2 of 3:                         0x400
  CSTACK                      0x20000008   0x400  <Block>
    CSTACK           uninit   0x20000008   0x400  <Block tail>
                            - 0x20000408   0x400

"P2", part 3 of 3:                         0x2fc
  .bss               zero     0x20000408    0x70  uart.o [1]
  .bss               zero     0x20000478    0x64  lcd.o [1]
  .bss               zero     0x200004dc    0x4c  adc.o [1]
  .bss               zero     0x20000528    0x44  adc.o [1]
  .bss               zero     0x2000056c    0x44  uart.o [1]
  .bss               zero     0x200005b0    0x44  uart.o [1]
  .bss               zero     0x200005f4    0x40  buttons.o [1]
  .bss               zero     0x20000634    0x40  pwm.o [1]
  .bss               zero     0x20000674    0x40  stm32f0xx_hal_timebase_TIM.o [1]
  .bss               zero     0x200006b4    0x1c  pwm.o [1]
  .bss               zero     0x200006d0    0x10  adc.o [1]
  .bss               zero     0x200006e0    0x10  serial.o [1]
  .bss               zero     0x200006f0     0x4  stm32f0xx_hal.o [1]
  .bss               zero     0x200006f4     0x4  system_state.o [1]
  .bss               zero     0x200006f8     0x2  encoder.o [1]
  .bss               zero     0x200006fa     0x2  encoder.o [1]
  .bss               zero     0x200006fc     0x1  encoder.o [1]
  .bss               zero     0x200006fd     0x1  stm32f0xx_it.o [1]
  .bss               zero     0x200006fe     0x1  stm32f0xx_it.o [1]
  .bss               zero     0x200006ff     0x1  stm32f0xx_it.o [1]
  .bss               zero     0x20000700     0x1  stm32f0xx_it.o [1]
  .bss               zero     0x20000701     0x1  system_state.o [1]
  .bss               zero     0x20000702     0x1  system_state.o [1]
                            - 0x20000703   0x2fb


*******************************************************************************
*** INIT TABLE
***

          Address     Size
          -------     ----
Zero (__iar_zero_init3)
    1 destination range, total size 0x2fb:
          0x20000408  0x2fb

Copy (__iar_copy_init3)
    1 source range, total size 0x4:
          0x080041f0    0x4
    1 destination range, total size 0x4:
          0x20000000    0x4



*******************************************************************************
*** MODULE SUMMARY
***

    Module                        ro code  ro data  rw data
    ------                        -------  -------  -------
C:\Users\Kishan\OneDrive\Projects\Power Supply\Software\power-supply\EWARM\power-supply\Obj: [1]
    adc.o                             396               160
    buttons.o                         444                64
    enable.o                          264
    encoder.o                         444       28        5
    graphics.o                         26
    interrupts.o                       88
    lcd.o                             836      344      100
    main.o                            244       80
    printf.o                           18
    pwm.o                             580                92
    serial.o                           28       60       16
    startup_stm32f030x6.o             226
    stm32f0xx_hal.o                    92                 4
    stm32f0xx_hal_adc.o             1 368
    stm32f0xx_hal_cortex.o            332
    stm32f0xx_hal_dma.o               636
    stm32f0xx_hal_gpio.o              592
    stm32f0xx_hal_msp.o                72
    stm32f0xx_hal_rcc.o             1 856       32
    stm32f0xx_hal_rcc_ex.o            324
    stm32f0xx_hal_spi.o             1 170
    stm32f0xx_hal_tim.o             2 182
    stm32f0xx_hal_tim_ex.o            240
    stm32f0xx_hal_timebase_TIM.o      152                64
    stm32f0xx_hal_uart.o            2 318
    stm32f0xx_it.o                    228                 4
    system_state.o                     76                 6
    system_stm32f0xx.o                148       28        4
    uart.o                            452               248
    -------------------------------------------------------
    Total:                         15 832      572      767

command line: [2]
    -------------------------------------------------------
    Total:

dl6M_tlf.a: [3]
    exit.o                              8
    low_level_init.o                    4
    -------------------------------------------------------
    Total:                             12

m6M_tl.a: [4]
    -------------------------------------------------------
    Total:

rt6M_tl.a: [5]
    ABImemcpy.o                        52
    I32DivModFast.o                   174
    IntDivZer.o                         2
    cexit.o                            10
    cmain.o                            26
    copy_init3.o                       48
    cstartup_M.o                       12
    data_init.o                        40
    zero_init3.o                       64
    -------------------------------------------------------
    Total:                            428

shb_l.a: [6]
    exit.o                             20
    -------------------------------------------------------
    Total:                             20

    Linker created                              36    1 024
-----------------------------------------------------------
    Grand Total:                   16 292      608    1 791


*******************************************************************************
*** ENTRY LIST
***

Entry                      Address   Size  Type      Object
-----                      -------   ----  ----      ------
.iar.init_table$$Base   0x08004114          --   Gb  - Linker created -
.iar.init_table$$Limit  0x08004138          --   Gb  - Linker created -
?main                   0x08004155         Code  Gb  cmain.o [5]
ADC_DMAConvCplt         0x080029fd   0x7a  Code  Lc  stm32f0xx_hal_adc.o [1]
ADC_DMAError            0x08002a8f   0x1e  Code  Lc  stm32f0xx_hal_adc.o [1]
ADC_DMAHalfConvCplt     0x08002a81    0xe  Code  Lc  stm32f0xx_hal_adc.o [1]
ADC_Enable              0x08002945   0xa6  Code  Lc  stm32f0xx_hal_adc.o [1]
ADC_GPIO_Init           0x080037b5   0x3a  Code  Lc  adc.o [1]
ADC_Handle              0x200004dc   0x4c  Data  Gb  adc.o [1]
ADC_Init                0x080037ef  0x134  Code  Gb  adc.o [1]
AHBPrescTable           0x080041bc   0x10  Data  Gb  system_stm32f0xx.o [1]
APBPrescTable           0x080041e8    0x8  Data  Gb  system_stm32f0xx.o [1]
Buttons_DebounceTimerCallback
                        0x08002073   0x64  Code  Gb  buttons.o [1]
Buttons_IRQ_Callback    0x08002051   0x22  Code  Gb  buttons.o [1]
Buttons_Init            0x08001f39   0x88  Code  Gb  buttons.o [1]
CSTACK$$Base            0x20000008          --   Gb  - Linker created -
CSTACK$$Limit           0x20000408          --   Gb  - Linker created -
DMA1_Channel2_3_IRQHandler
                        0x08003e9f   0x14  Code  Gb  stm32f0xx_it.o [1]
DMA_ADC_Handle          0x20000528   0x44  Data  Gb  adc.o [1]
DMA_CalcBaseAndBitshift
                        0x08000c1b   0x1a  Code  Lc  stm32f0xx_hal_dma.o [1]
DMA_SetConfig           0x08000bf1   0x2a  Code  Lc  stm32f0xx_hal_dma.o [1]
DebounceTimerHandle     0x200005f4   0x40  Data  Gb  buttons.o [1]
DebounceTimer_Init      0x08001fc1   0x72  Code  Gb  buttons.o [1]
DebounceTimer_Start     0x08002033   0x14  Code  Gb  buttons.o [1]
DebounceTimer_Stop      0x08002047    0xa  Code  Gb  buttons.o [1]
Debug_Init              0x08003df9   0x12  Code  Gb  serial.o [1]
EXTI4_15_IRQHandler     0x08003eb3   0x88  Code  Gb  stm32f0xx_it.o [1]
EXTI4_15_IRQHandler::Sw1
                        0x20000700    0x1  Data  Lc  stm32f0xx_it.o [1]
EXTI4_15_IRQHandler::encSw
                        0x200006ff    0x1  Data  Lc  stm32f0xx_it.o [1]
EXTI4_15_IRQHandler::pinA
                        0x200006fd    0x1  Data  Lc  stm32f0xx_it.o [1]
EXTI4_15_IRQHandler::pinB
                        0x200006fe    0x1  Data  Lc  stm32f0xx_it.o [1]
Enable_Bklight          0x08003cd1   0x14  Code  Gb  enable.o [1]
Enable_Init             0x08003bdd   0xa6  Code  Gb  enable.o [1]
Enable_Output           0x08003c83   0x30  Code  Gb  enable.o [1]
Enable_VSW              0x08003cb3   0x14  Code  Gb  enable.o [1]
Encoder_IRQ_Callback    0x08002177   0xd8  Code  Gb  encoder.o [1]
Encoder_IRQ_Callback::encoderCurrent
                        0x200006fa    0x2  Data  Lc  encoder.o [1]
Encoder_IRQ_Callback::encoderVoltage
                        0x200006f8    0x2  Data  Lc  encoder.o [1]
Encoder_Init            0x080020f5   0x82  Code  Gb  encoder.o [1]
Encoder_Process         0x0800224f   0x44  Code  Lc  encoder.o [1]
Get_EncoderSwitchState  0x08002539    0x6  Code  Gb  system_state.o [1]
Get_OutputSwState       0x08002545    0x6  Code  Gb  system_state.o [1]
HAL_ADC_ConfigChannel   0x080027dd  0x168  Code  Gb  stm32f0xx_hal_adc.o [1]
HAL_ADC_Init            0x0800255d  0x1ba  Code  Gb  stm32f0xx_hal_adc.o [1]
HAL_ADC_Start_DMA       0x08002725   0xa8  Code  Gb  stm32f0xx_hal_adc.o [1]
HAL_DMA_Abort_IT        0x08000ac5   0x58  Code  Gb  stm32f0xx_hal_dma.o [1]
HAL_DMA_IRQHandler      0x08000b1d   0xd4  Code  Gb  stm32f0xx_hal_dma.o [1]
HAL_DMA_Init            0x080009c5   0x6c  Code  Gb  stm32f0xx_hal_dma.o [1]
HAL_DMA_Start_IT        0x08000a35   0x90  Code  Gb  stm32f0xx_hal_dma.o [1]
HAL_Delay               0x0800328d   0x20  Code  Wk  stm32f0xx_hal.o [1]
HAL_GPIO_EXTI_Callback  0x08001ed9   0x32  Code  Gb  interrupts.o [1]
HAL_GPIO_EXTI_IRQHandler
                        0x080024c7   0x20  Code  Gb  stm32f0xx_hal_gpio.o [1]
HAL_GPIO_Init           0x080022c1  0x1d6  Code  Gb  stm32f0xx_hal_gpio.o [1]
HAL_GPIO_ReadPin        0x08002497   0x1c  Code  Gb  stm32f0xx_hal_gpio.o [1]
HAL_GPIO_WritePin       0x080024b3   0x14  Code  Gb  stm32f0xx_hal_gpio.o [1]
HAL_GetTick             0x080009b9    0xc  Code  Wk  stm32f0xx_hal.o [1]
HAL_IncTick             0x080022b1   0x10  Code  Wk  stm32f0xx_hal.o [1]
HAL_Init                0x08003dd9   0x1c  Code  Gb  stm32f0xx_hal.o [1]
HAL_InitTick            0x08001439   0x84  Code  Gb  stm32f0xx_hal_timebase_TIM.o [1]
HAL_MspInit             0x08003e31   0x48  Code  Gb  stm32f0xx_hal_msp.o [1]
HAL_NVIC_DisableIRQ     0x08001601    0xe  Code  Gb  stm32f0xx_hal_cortex.o [1]
HAL_NVIC_EnableIRQ      0x080015f3    0xe  Code  Gb  stm32f0xx_hal_cortex.o [1]
HAL_NVIC_SetPriority    0x080015df   0x14  Code  Gb  stm32f0xx_hal_cortex.o [1]
HAL_RCCEx_PeriphCLKConfig
                        0x08003a99  0x122  Code  Gb  stm32f0xx_hal_rcc_ex.o [1]
HAL_RCC_ClockConfig     0x0800110d  0x15e  Code  Gb  stm32f0xx_hal_rcc.o [1]
HAL_RCC_GetClockConfig  0x08001325   0x32  Code  Gb  stm32f0xx_hal_rcc.o [1]
HAL_RCC_GetHCLKFreq     0x080012ff    0x6  Code  Gb  stm32f0xx_hal_rcc.o [1]
HAL_RCC_GetPCLK1Freq    0x08001305   0x18  Code  Gb  stm32f0xx_hal_rcc.o [1]
HAL_RCC_GetSysClockFreq
                        0x08001281   0x7e  Code  Gb  stm32f0xx_hal_rcc.o [1]
HAL_RCC_OscConfig       0x08000c45  0x4aa  Code  Gb  stm32f0xx_hal_rcc.o [1]
HAL_SPI_Init            0x08002ab5   0xda  Code  Gb  stm32f0xx_hal_spi.o [1]
HAL_SPI_Transmit        0x08002b8f  0x1e0  Code  Gb  stm32f0xx_hal_spi.o [1]
HAL_SYSTICK_CLKSourceConfig
                        0x08001617   0x22  Code  Gb  stm32f0xx_hal_cortex.o [1]
HAL_SYSTICK_Config      0x0800160f    0x8  Code  Gb  stm32f0xx_hal_cortex.o [1]
HAL_TIMEx_BreakCallback
                        0x08001f31    0x2  Code  Wk  stm32f0xx_hal_tim_ex.o [1]
HAL_TIMEx_CommutationCallback
                        0x08001f35    0x2  Code  Wk  stm32f0xx_hal_tim_ex.o [1]
HAL_TIMEx_ConfigBreakDeadTime
                        0x0800354d   0x74  Code  Gb  stm32f0xx_hal_tim_ex.o [1]
HAL_TIMEx_MasterConfigSynchronization
                        0x080034f1   0x5c  Code  Gb  stm32f0xx_hal_tim_ex.o [1]
HAL_TIM_Base_Init       0x08001655   0x38  Code  Gb  stm32f0xx_hal_tim.o [1]
HAL_TIM_Base_Start_IT   0x0800168d   0x1e  Code  Gb  stm32f0xx_hal_tim.o [1]
HAL_TIM_Base_Stop_IT    0x080016ab   0x38  Code  Gb  stm32f0xx_hal_tim.o [1]
HAL_TIM_ConfigClockSource
                        0x08001a11  0x128  Code  Gb  stm32f0xx_hal_tim.o [1]
HAL_TIM_IRQHandler      0x08001785  0x182  Code  Gb  stm32f0xx_hal_tim.o [1]
HAL_TIM_PWM_ConfigChannel
                        0x08001907  0x104  Code  Gb  stm32f0xx_hal_tim.o [1]
HAL_TIM_PWM_Init        0x080016ed   0x38  Code  Gb  stm32f0xx_hal_tim.o [1]
HAL_TIM_PWM_Start       0x08001725   0x52  Code  Gb  stm32f0xx_hal_tim.o [1]
HAL_TIM_PeriodElapsedCallback
                        0x08001f0b   0x1e  Code  Gb  interrupts.o [1]
HAL_UART_GetState       0x08000421   0x18  Code  Gb  stm32f0xx_hal_uart.o [1]
HAL_UART_IRQHandler     0x080002e5  0x138  Code  Gb  stm32f0xx_hal_uart.o [1]
HAL_UART_Init           0x080000b1   0x7e  Code  Gb  stm32f0xx_hal_uart.o [1]
HAL_UART_Receive_DMA    0x08000221   0xb8  Code  Gb  stm32f0xx_hal_uart.o [1]
HAL_UART_Transmit       0x08000135   0xec  Code  Gb  stm32f0xx_hal_uart.o [1]
HardFault_Handler       0x08003e7b    0x4  Code  Gb  stm32f0xx_it.o [1]
LCD_FillRectangle       0x08003197   0x64  Code  Gb  lcd.o [1]
LCD_GPIO_Pins_Init      0x08002f49  0x108  Code  Lc  lcd.o [1]
LCD_Init                0x080030b5   0x8c  Code  Gb  lcd.o [1]
LCD_InitArray           0x08003940  0x158  Data  Lc  lcd.o [1]
LCD_SPI_Init            0x08003051   0x64  Code  Lc  lcd.o [1]
LCD_SendCommand         0x0800321b   0x2c  Code  Lc  lcd.o [1]
LCD_SendData            0x08003247   0x2c  Code  Lc  lcd.o [1]
LCD_SetAddrWindow       0x08003141   0x56  Code  Gb  lcd.o [1]
NMI_Handler             0x08003e79    0x2  Code  Gb  stm32f0xx_it.o [1]
NVIC_DisableIRQ         0x08001517    0xe  Code  Lc  stm32f0xx_hal_cortex.o [1]
NVIC_EnableIRQ          0x08001509    0xe  Code  Lc  stm32f0xx_hal_cortex.o [1]
NVIC_SetPriority        0x08001525   0x88  Code  Lc  stm32f0xx_hal_cortex.o [1]
PWM_Init                0x080032ad  0x1c2  Code  Gb  pwm.o [1]
PWM_setDuty             0x0800346f   0x66  Code  Gb  pwm.o [1]
Region$$Table$$Base     0x08004114          --   Gb  - Linker created -
Region$$Table$$Limit    0x08004138          --   Gb  - Linker created -
RxBuffer                0x200006e0   0x10  Data  Gb  serial.o [1]
SPI_EndRxTxTransaction  0x08002ed9   0x6c  Code  Lc  stm32f0xx_hal_spi.o [1]
SPI_Handle              0x20000478   0x64  Data  Gb  lcd.o [1]
SPI_WaitFifoStateUntilTimeout
                        0x08002e1d   0xb6  Code  Lc  stm32f0xx_hal_spi.o [1]
SPI_WaitFlagStateUntilTimeout
                        0x08002d79   0xa4  Code  Lc  stm32f0xx_hal_spi.o [1]
SPI_Write               0x08003209   0x12  Code  Lc  lcd.o [1]
Set_EncoderCurrent      0x08002533    0x6  Code  Gb  system_state.o [1]
Set_EncoderSwitchState  0x0800253f    0x6  Code  Gb  system_state.o [1]
Set_EncoderVoltage      0x0800252d    0x6  Code  Gb  system_state.o [1]
Set_OutputSwState       0x0800254b    0x6  Code  Gb  system_state.o [1]
State_EncoderSw         0x20000701    0x1  Data  Lc  system_state.o [1]
State_EncoderVal        0x200006f4    0x4  Data  Lc  system_state.o [1]
State_OutputSw          0x20000702    0x1  Data  Lc  system_state.o [1]
SysTick_Config          0x080015ad   0x32  Code  Lc  stm32f0xx_hal_cortex.o [1]
SysTick_Handler         0x08003e7f    0x2  Code  Gb  stm32f0xx_it.o [1]
SystemClock_Config      0x08003d21   0xaa  Code  Gb  main.o [1]
SystemCoreClock         0x20000000    0x4  Data  Gb  system_stm32f0xx.o [1]
SystemInit              0x08003f5d   0x68  Code  Gb  system_stm32f0xx.o [1]
SystemState_Init        0x08002511   0x1c  Code  Gb  system_state.o [1]
TIM14_IRQHandler        0x08003e8b    0xa  Code  Gb  stm32f0xx_it.o [1]
TIM17_IRQHandler        0x08003e81    0xa  Code  Gb  stm32f0xx_it.o [1]
TIM1_Handle             0x20000634   0x40  Data  Gb  pwm.o [1]
TIM_Base_SetConfig      0x08001b3d   0x78  Code  Gb  stm32f0xx_hal_tim.o [1]
TIM_CCxChannelCmd       0x08001eb1   0x1e  Code  Gb  stm32f0xx_hal_tim.o [1]
TIM_ETR_SetConfig       0x08001e75   0x20  Code  Gb  stm32f0xx_hal_tim.o [1]
TIM_ITRx_SetConfig      0x08001e5d   0x18  Code  Lc  stm32f0xx_hal_tim.o [1]
TIM_OC1_SetConfig       0x08001bb5   0x8a  Code  Lc  stm32f0xx_hal_tim.o [1]
TIM_OC2_SetConfig       0x08001c3f   0x8e  Code  Gb  stm32f0xx_hal_tim.o [1]
TIM_OC3_SetConfig       0x08001ccd   0x8e  Code  Lc  stm32f0xx_hal_tim.o [1]
TIM_OC4_SetConfig       0x08001d6d   0x6c  Code  Lc  stm32f0xx_hal_tim.o [1]
TIM_TI1_ConfigInputStage
                        0x08001df1   0x2e  Code  Lc  stm32f0xx_hal_tim.o [1]
TIM_TI2_ConfigInputStage
                        0x08001e1f   0x34  Code  Lc  stm32f0xx_hal_tim.o [1]
UART_AdvFeatureConfig   0x080005e3   0xde  Code  Gb  stm32f0xx_hal_uart.o [1]
UART_CheckIdleState     0x080006cd   0x1c  Code  Gb  stm32f0xx_hal_uart.o [1]
UART_DMAAbortOnError    0x08000869   0x1a  Code  Lc  stm32f0xx_hal_uart.o [1]
UART_DMAError           0x0800081b   0x4e  Code  Lc  stm32f0xx_hal_uart.o [1]
UART_DMAReceiveCplt     0x08000795   0x46  Code  Lc  stm32f0xx_hal_uart.o [1]
UART_DMARxHalfCplt      0x0800080d    0xe  Code  Lc  stm32f0xx_hal_uart.o [1]
UART_EndRxTransfer      0x08000771   0x20  Code  Lc  stm32f0xx_hal_uart.o [1]
UART_EndTransmit_IT     0x080008f7   0x20  Code  Gb  stm32f0xx_hal_uart.o [1]
UART_EndTxTransfer      0x0800075d   0x14  Code  Lc  stm32f0xx_hal_uart.o [1]
UART_Handle             0x20000408   0x70  Data  Gb  uart.o [1]
UART_Init               0x080035dd  0x164  Code  Gb  uart.o [1]
UART_Init::DMARX_Handle
                        0x200005b0   0x44  Data  Lc  uart.o [1]
UART_Init::DMATX_Handle
                        0x2000056c   0x44  Data  Lc  uart.o [1]
UART_Print              0x08003741   0x24  Code  Gb  uart.o [1]
UART_Receive_DMA_Start  0x08003765   0x16  Code  Gb  uart.o [1]
UART_Receive_IT         0x08000917   0x92  Code  Gb  stm32f0xx_hal_uart.o [1]
UART_SetConfig          0x08000439  0x1aa  Code  Gb  stm32f0xx_hal_uart.o [1]
UART_Transmit_IT        0x08000883   0x74  Code  Gb  stm32f0xx_hal_uart.o [1]
UART_WaitOnFlagUntilTimeout
                        0x080006e9   0x6a  Code  Gb  stm32f0xx_hal_uart.o [1]
USART1_IRQHandler       0x08003e95    0xa  Code  Gb  stm32f0xx_it.o [1]
_Error_Handler          0x08003dd5    0x4  Code  Gb  main.o [1]
__ICFEDIT_region_RAM_end__ {Abs}
                        0x20000fff         Data  Gb  command line/config [2]
__ICFEDIT_region_RAM_start__ {Abs}
                        0x20000000         Data  Gb  command line/config [2]
__aeabi_idiv0           0x08001505         Code  Gb  IntDivZer.o [5]
__aeabi_memcpy4         0x080014d1         Code  Wk  ABImemcpy.o [5]
__aeabi_uidiv           0x08001385         Code  Gb  I32DivModFast.o [5]
__aeabi_uidivmod        0x08001385         Code  Gb  I32DivModFast.o [5]
__cmain                 0x08004155         Code  Gb  cmain.o [5]
__exit                  0x08004189   0x14  Code  Gb  exit.o [6]
__iar_copy_init3        0x080040bd   0x30  Code  Gb  copy_init3.o [5]
__iar_data_init3        0x080040ed   0x28  Code  Gb  data_init.o [5]
__iar_program_start     0x080041dd         Code  Gb  cstartup_M.o [5]
__iar_systems$$module {Abs}
                        0x00000001         Data  Gb  command line/config [2]
__iar_zero_init3        0x08004041   0x40  Code  Gb  zero_init3.o [5]
__low_level_init        0x0800416f    0x4  Code  Gb  low_level_init.o [3]
__vector_table          0x08000000         Data  Gb  startup_stm32f030x6.o [1]
_call_main              0x08004161         Code  Gb  cmain.o [5]
_exit                   0x0800417d         Code  Gb  cexit.o [5]
_main                   0x0800416b         Code  Gb  cmain.o [5]
adcData                 0x200006d0   0x10  Data  Gb  adc.o [1]
delay_ms                0x080031fb    0xe  Code  Lc  lcd.o [1]
encoderState            0x200006fc    0x1  Data  Lc  encoder.o [1]
exit                    0x08004173    0x8  Code  Gb  exit.o [3]
fillScreen              0x08003e15   0x1a  Code  Gb  graphics.o [1]
htim17                  0x20000674   0x40  Data  Gb  stm32f0xx_hal_timebase_TIM.o [1]
main                    0x08003ce5   0x3c  Code  Gb  main.o [1]
sConfigOC               0x200006b4   0x1c  Data  Gb  pwm.o [1]
strlen                  0x080037a1   0x12  Code  Gb  printf.o [1]
transitionTable         0x08004138   0x1c  Data  Gb  encoder.o [1]
uwTick                  0x200006f0    0x4  Data  Gb  stm32f0xx_hal.o [1]


[1] = C:\Users\Kishan\OneDrive\Projects\Power Supply\Software\power-supply\EWARM\power-supply\Obj
[2] = command line
[3] = dl6M_tlf.a
[4] = m6M_tl.a
[5] = rt6M_tl.a
[6] = shb_l.a

  16 292 bytes of readonly  code memory
     608 bytes of readonly  data memory
   1 791 bytes of readwrite data memory

Errors: none
Warnings: none
